 War3Injector

 Timestamp is 6607c1d7 (Sat Mar 30 10:40:07 2024)

 Preferred load address is 7e540000

 Start         Length     Name                   Class
 0001:00000000 00000050H .text$di                CODE
 0001:00000050 00017357H .text$mn                CODE
 0001:000173a7 0000038bH .text$x                 CODE
 0001:00017732 00000032H .text$yd                CODE
 0002:00000000 00000150H .idata$5                DATA
 0002:00000150 00000008H .00cfg                  DATA
 0002:00000158 00000004H .CRT$XCA                DATA
 0002:0000015c 0000000cH .CRT$XCC                DATA
 0002:00000168 00000008H .CRT$XCL                DATA
 0002:00000170 00000004H .CRT$XCZ                DATA
 0002:00000174 00000004H .CRT$XIA                DATA
 0002:00000178 00000010H .CRT$XIC                DATA
 0002:00000188 00000004H .CRT$XIZ                DATA
 0002:0000018c 00000004H .CRT$XPA                DATA
 0002:00000190 00000008H .CRT$XPX                DATA
 0002:00000198 00000004H .CRT$XPXA               DATA
 0002:0000019c 00000004H .CRT$XPZ                DATA
 0002:000001a0 00000004H .CRT$XTA                DATA
 0002:000001a4 0000001cH .CRT$XTZ                DATA
 0002:000001a8 00000000H .gfids$y                DATA
 0002:000001c0 00007000H .rdata                  DATA
 0002:000071c0 00000000H .rdata$CastGuardVftablesA DATA
 0002:000071c0 00000000H .rdata$CastGuardVftablesC DATA
 0002:000071c0 00000954H .rdata$r                DATA
 0002:00007b14 00000178H .rdata$voltmd           DATA
 0002:00007c8c 00000384H .rdata$zzzdbg           DATA
 0002:00008010 00000004H .rtc$IAA                DATA
 0002:00008014 00000004H .rtc$IZZ                DATA
 0002:00008018 00000004H .rtc$TAA                DATA
 0002:0000801c 00000004H .rtc$TZZ                DATA
 0002:00008020 00000c40H .xdata$x                DATA
 0002:00008c60 00000050H .edata                  DATA
 0002:00008cb0 00000028H .idata$2                DATA
 0002:00008cd8 00000014H .idata$3                DATA
 0002:00008cec 00000150H .idata$4                DATA
 0002:00008e3c 0000061aH .idata$6                DATA
 0003:00000000 00000a70H .data                   DATA
 0003:00000a70 00000160H .data$r                 DATA
 0003:00000bd0 00000340H .data$rs                DATA
 0003:00000f10 00000d18H .bss                    DATA
 0004:00000000 00000060H .rsrc$01                DATA
 0004:00000060 00000188H .rsrc$02                DATA

  Address         Publics by Value              Rva+Base       Lib:Object

 0000:00000000       ___AbsoluteZero            00000000     <absolute>
 0000:00000000       ___arm64x_extra_rfe_table  00000000     <absolute>
 0000:00000000       ___arm64x_extra_rfe_table_size 00000000     <absolute>
 0000:00000000       ___arm64x_native_entrypoint 00000000     <absolute>
 0000:00000000       ___arm64x_redirection_metadata 00000000     <absolute>
 0000:00000000       ___arm64x_redirection_metadata_count 00000000     <absolute>
 0000:00000000       ___dynamic_value_reloc_table 00000000     <absolute>
 0000:00000000       ___enclave_config          00000000     <absolute>
 0000:00000000       ___guard_check_icall_a64n_fptr 00000000     <absolute>
 0000:00000000       ___guard_eh_cont_count     00000000     <absolute>
 0000:00000000       ___guard_eh_cont_table     00000000     <absolute>
 0000:00000000       ___guard_fids_count        00000000     <absolute>
 0000:00000000       ___guard_fids_table        00000000     <absolute>
 0000:00000000       ___guard_iat_count         00000000     <absolute>
 0000:00000000       ___guard_iat_table         00000000     <absolute>
 0000:00000000       ___guard_longjmp_count     00000000     <absolute>
 0000:00000000       ___guard_longjmp_table     00000000     <absolute>
 0000:00000000       ___hybrid_auxiliary_delayload_iat 00000000     <absolute>
 0000:00000000       ___hybrid_auxiliary_delayload_iat_copy 00000000     <absolute>
 0000:00000000       ___hybrid_auxiliary_iat    00000000     <absolute>
 0000:00000000       ___hybrid_auxiliary_iat_copy 00000000     <absolute>
 0000:00000000       ___hybrid_code_map         00000000     <absolute>
 0000:00000000       ___hybrid_code_map_count   00000000     <absolute>
 0000:00000000       ___hybrid_image_info_bitfield 00000000     <absolute>
 0000:00000000       ___safe_se_handler_count   00000000     <absolute>
 0000:00000000       ___safe_se_handler_table   00000000     <absolute>
 0000:00000000       ___x64_code_ranges_to_entry_points 00000000     <absolute>
 0000:00000000       ___x64_code_ranges_to_entry_points_count 00000000     <absolute>
 0000:00000000       __except_list              00000000     <absolute>
 0000:00000100       ___guard_flags             00000100     <absolute>
 0000:00000000       ___ImageBase               7e540000     <linker-defined>
 0001:00000050       ??$?6_WU?$char_traits@_W@std@@@std@@YAAAV?$basic_ostream@_WU?$char_traits@_W@std@@@0@AAV10@PBD@Z 7e541050 f i w3l.obj
 0001:00000289       ??$?6_WU?$char_traits@_W@std@@@std@@YAAAV?$basic_ostream@_WU?$char_traits@_W@std@@@0@AAV10@PB_W@Z 7e541289 f i w3l.obj
 0001:00000478       ??$_Allocate@$07U_Default_allocate_traits@std@@$0A@@std@@YAPAXI@Z 7e541478 f i w3l.obj
 0001:0000049a       ??$_Allocate_manually_vector_aligned@U_Default_allocate_traits@std@@@std@@YAPAXI@Z 7e54149a f i w3l.obj
 0001:000004c5       ??$_Construct@$00PBD@?$basic_string@DU?$char_traits@D@std@@V?$allocator@D@2@@std@@AAEXQBDI@Z 7e5414c5 f i w3l.obj
 0001:00000536       ??$_Construct@$01PBD@?$basic_string@DU?$char_traits@D@std@@V?$allocator@D@2@@std@@AAEXQBDI@Z 7e541536 f i w3l.obj
 0001:0000059e       ??$_Deallocate@$07$0A@@std@@YAXPAXI@Z 7e54159e f i w3l.obj
 0001:000005ca       ??$_Reallocate_for@V<lambda_03628ca18370b1f44a99b655e704819b>@@PB_W@?$basic_string@_WU?$char_traits@_W@std@@V?$allocator@_W@2@@std@@AAEAAV01@IV<lambda_03628ca18370b1f44a99b655e704819b>@@PB_W@Z 7e5415ca f i w3l.obj
 0001:0000063c       ??$_Reallocate_grow_by@V<lambda_ab246b20b9526e2ef7792587e4298a77>@@PBDI@?$basic_string@DU?$char_traits@D@std@@V?$allocator@D@2@@std@@AAEAAV01@IV<lambda_ab246b20b9526e2ef7792587e4298a77>@@PBDI@Z 7e54163c f i w3l.obj
 0001:000006cb       ??$use_facet@V?$ctype@_W@std@@@std@@YAABV?$ctype@_W@0@ABVlocale@0@@Z 7e5416cb f i w3l.obj
 0001:00000760       ??0?$basic_ios@_WU?$char_traits@_W@std@@@std@@IAE@XZ 7e541760 f i w3l.obj
 0001:00000786       ??0?$basic_iostream@_WU?$char_traits@_W@std@@@std@@QAE@PAV?$basic_streambuf@_WU?$char_traits@_W@std@@@1@@Z 7e541786 f i w3l.obj
 0001:00000816       ??0?$basic_istream@_WU?$char_traits@_W@std@@@std@@QAE@PAV?$basic_streambuf@_WU?$char_traits@_W@std@@@1@_N@Z 7e541816 f i w3l.obj
 0001:0000088d       ??0?$basic_streambuf@_WU?$char_traits@_W@std@@@std@@IAE@XZ 7e54188d f i w3l.obj
 0001:00000908       ??0?$basic_string@DU?$char_traits@D@std@@V?$allocator@D@2@@std@@QAE@$$QAV01@@Z 7e541908 f i w3l.obj
 0001:0000092c       ??0?$basic_string@DU?$char_traits@D@std@@V?$allocator@D@2@@std@@QAE@ABV01@@Z 7e54192c f i w3l.obj
 0001:00000960       ??0?$basic_string@DU?$char_traits@D@std@@V?$allocator@D@2@@std@@QAE@QBD@Z 7e541960 f i w3l.obj
 0001:00000991       ??0?$basic_string@DU?$char_traits@D@std@@V?$allocator@D@2@@std@@QAE@QBDI@Z 7e541991 f i w3l.obj
 0001:000009b9       ??0?$basic_stringbuf@_WU?$char_traits@_W@std@@V?$allocator@_W@2@@std@@QAE@H@Z 7e5419b9 f i w3l.obj
 0001:000009e5       ??0?$basic_stringstream@_WU?$char_traits@_W@std@@V?$allocator@_W@2@@std@@QAE@XZ 7e5419e5 f i w3l.obj
 0001:00000a69       ??0_Locinfo@std@@QAE@PBD@Z 7e541a69 f i w3l.obj
 0001:00000adf       ??0_Sentry_base@?$basic_ostream@_WU?$char_traits@_W@std@@@std@@QAE@AAV12@@Z 7e541adf f i w3l.obj
 0001:00000b00       ??0_System_error@std@@IAE@Verror_code@1@ABV?$basic_string@DU?$char_traits@D@std@@V?$allocator@D@2@@1@@Z 7e541b00 f i w3l.obj
 0001:00000b54       ??0_System_error@std@@QAE@ABV01@@Z 7e541b54 f i w3l.obj
 0001:00000b7b       ??0bad_alloc@std@@QAE@ABV01@@Z 7e541b7b f i w3l.obj
 0001:00000b93       ??0bad_array_new_length@std@@QAE@ABV01@@Z 7e541b93 f i w3l.obj
 0001:00000bab       ??0bad_array_new_length@std@@QAE@XZ 7e541bab f i w3l.obj
 0001:00000bc3       ??0bad_cast@std@@QAE@ABV01@@Z 7e541bc3 f i w3l.obj
 0001:00000bdb       ??0bad_cast@std@@QAE@XZ    7e541bdb f i w3l.obj
 0001:00000bf3       ??0exception@std@@QAE@ABV01@@Z 7e541bf3 f i w3l.obj
 0001:00000c1c       ??0exception@std@@QAE@QBD@Z 7e541c1c f i w3l.obj
 0001:00000c51       ??0failure@ios_base@std@@QAE@ABV012@@Z 7e541c51 f i w3l.obj
 0001:00000c69       ??0failure@ios_base@std@@QAE@PBDABVerror_code@2@@Z 7e541c69 f i w3l.obj
 0001:00000c90       ??0ios_base@std@@IAE@XZ    7e541c90 f i w3l.obj
 0001:00000cbc       ??0runtime_error@std@@QAE@ABV01@@Z 7e541cbc f i w3l.obj
 0001:00000cd4       ??0runtime_error@std@@QAE@ABV?$basic_string@DU?$char_traits@D@std@@V?$allocator@D@2@@1@@Z 7e541cd4 f i w3l.obj
 0001:00000cfc       ??0sentry@?$basic_ostream@_WU?$char_traits@_W@std@@@std@@QAE@AAV12@@Z 7e541cfc f i w3l.obj
 0001:00000d5f       ??0system_error@std@@QAE@ABV01@@Z 7e541d5f f i w3l.obj
 0001:00000d77       ??0system_error@std@@QAE@Verror_code@1@PBD@Z 7e541d77 f i w3l.obj
 0001:00000dc9       ??1?$_Yarn@D@std@@QAE@XZ   7e541dc9 f i w3l.obj
 0001:00000dc9       ??1?$_Yarn@_W@std@@QAE@XZ  7e541dc9 f i w3l.obj
 0001:00000dde       ??1?$basic_ios@_WU?$char_traits@_W@std@@@std@@UAE@XZ 7e541dde f i w3l.obj
 0001:00000e18       ??1?$basic_iostream@_WU?$char_traits@_W@std@@@std@@UAE@XZ 7e541e18 f i w3l.obj
 0001:00000e6e       ??1?$basic_istream@_WU?$char_traits@_W@std@@@std@@UAE@XZ 7e541e6e f i w3l.obj
 0001:00000e8a       ??1?$basic_streambuf@_WU?$char_traits@_W@std@@@std@@UAE@XZ 7e541e8a f i w3l.obj
 0001:00000eab       ??1?$basic_string@DU?$char_traits@D@std@@V?$allocator@D@2@@std@@QAE@XZ 7e541eab f i w3l.obj
 0001:00000eb0       ??1?$basic_string@_WU?$char_traits@_W@std@@V?$allocator@_W@2@@std@@QAE@XZ 7e541eb0 f i w3l.obj
 0001:00000eb5       ??1?$basic_stringbuf@_WU?$char_traits@_W@std@@V?$allocator@_W@2@@std@@UAE@XZ 7e541eb5 f i w3l.obj
 0001:00000ecb       ??1?$basic_stringstream@_WU?$char_traits@_W@std@@V?$allocator@_W@2@@std@@UAE@XZ 7e541ecb f i w3l.obj
 0001:00000efa       ??1?$ctype@_W@std@@MAE@XZ  7e541efa f i w3l.obj
 0001:00000f23       ??1?$unique_ptr@V_Facet_base@std@@U?$default_delete@V_Facet_base@std@@@2@@std@@QAE@XZ 7e541f23 f i w3l.obj
 0001:00000f30       ??1_Locinfo@std@@QAE@XZ    7e541f30 f i w3l.obj
 0001:00000fd6       ??1_Sentry_base@?$basic_ostream@_WU?$char_traits@_W@std@@@std@@QAE@XZ 7e541fd6 f i w3l.obj
 0001:00001013       ??1bad_alloc@std@@UAE@XZ   7e542013 f i libcpmt:xthrow.obj
 0001:00001013       ??1bad_array_new_length@std@@UAE@XZ 7e542013 f i w3l.obj
 0001:00001013       ??1bad_cast@std@@UAE@XZ    7e542013 f i w3l.obj
 0001:00001013       ??1bad_exception@std@@UAE@XZ 7e542013 f i libvcruntime:frame.obj
 0001:00001013       ??1failure@ios_base@std@@UAE@XZ 7e542013 f i w3l.obj
 0001:00001013       ??1length_error@std@@UAE@XZ 7e542013 f i libcpmt:xthrow.obj
 0001:00001013       ??1runtime_error@std@@UAE@XZ 7e542013 f i libcpmt:xthrow.obj
 0001:00001024       ??1locale@std@@QAE@XZ      7e542024 f i w3l.obj
 0001:0000103d       ??1sentry@?$basic_ostream@_WU?$char_traits@_W@std@@@std@@QAE@XZ 7e54203d f i w3l.obj
 0001:00001058       ??8std@@YA_NABVerror_condition@0@0@Z 7e542058 f i w3l.obj
 0001:0000107d       ??Bid@locale@std@@QAEIXZ   7e54207d f i w3l.obj
 0001:000010b2       ??R<lambda_ab246b20b9526e2ef7792587e4298a77>@@QBE@QADQBDI1I@Z 7e5420b2 f i w3l.obj
 0001:000010e3       ??_D?$basic_iostream@_WU?$char_traits@_W@std@@@std@@QAEXXZ 7e5420e3 f i w3l.obj
 0001:00001129       ??_D?$basic_istream@_WU?$char_traits@_W@std@@@std@@QAEXXZ 7e542129 f i w3l.obj
 0001:0000117f       ??_D?$basic_ostream@_WU?$char_traits@_W@std@@@std@@QAEXXZ 7e54217f f i w3l.obj
 0001:000011d5       ??_D?$basic_stringstream@_WU?$char_traits@_W@std@@V?$allocator@_W@2@@std@@QAEXXZ 7e5421d5 f i w3l.obj
 0001:0000121b       ??_E?$basic_iostream@_WU?$char_traits@_W@std@@@std@@$4PPPPPPPM@A@AEPAXI@Z 7e54221b f i w3l.obj
 0001:00001223       ??_E?$basic_istream@_WU?$char_traits@_W@std@@@std@@$4PPPPPPPM@A@AEPAXI@Z 7e542223 f i w3l.obj
 0001:0000122b       ??_E?$basic_ostream@_WU?$char_traits@_W@std@@@std@@$4PPPPPPPM@A@AEPAXI@Z 7e54222b f i w3l.obj
 0001:00001233       ??_E?$basic_stringstream@_WU?$char_traits@_W@std@@V?$allocator@_W@2@@std@@$4PPPPPPPM@A@AEPAXI@Z 7e542233 f i w3l.obj
 0001:0000123b       ??_E?$basic_ios@_WU?$char_traits@_W@std@@@std@@UAEPAXI@Z 7e54223b f i w3l.obj
 0001:0000123b       ??_G?$basic_ios@_WU?$char_traits@_W@std@@@std@@UAEPAXI@Z 7e54223b f i w3l.obj
 0001:0000128d       ??_E?$basic_iostream@_WU?$char_traits@_W@std@@@std@@UAEPAXI@Z 7e54228d f i w3l.obj
 0001:0000128d       ??_G?$basic_iostream@_WU?$char_traits@_W@std@@@std@@UAEPAXI@Z 7e54228d f i w3l.obj
 0001:000012af       ??_E?$basic_istream@_WU?$char_traits@_W@std@@@std@@UAEPAXI@Z 7e5422af f i w3l.obj
 0001:000012af       ??_G?$basic_istream@_WU?$char_traits@_W@std@@@std@@UAEPAXI@Z 7e5422af f i w3l.obj
 0001:000012d1       ??_E?$basic_ostream@_WU?$char_traits@_W@std@@@std@@UAEPAXI@Z 7e5422d1 f i w3l.obj
 0001:000012d1       ??_G?$basic_ostream@_WU?$char_traits@_W@std@@@std@@UAEPAXI@Z 7e5422d1 f i w3l.obj
 0001:000012f3       ??_E?$basic_streambuf@_WU?$char_traits@_W@std@@@std@@UAEPAXI@Z 7e5422f3 f i w3l.obj
 0001:000012f3       ??_G?$basic_streambuf@_WU?$char_traits@_W@std@@@std@@UAEPAXI@Z 7e5422f3 f i w3l.obj
 0001:00001312       ??_E?$basic_stringbuf@_WU?$char_traits@_W@std@@V?$allocator@_W@2@@std@@UAEPAXI@Z 7e542312 f i w3l.obj
 0001:00001312       ??_G?$basic_stringbuf@_WU?$char_traits@_W@std@@V?$allocator@_W@2@@std@@UAEPAXI@Z 7e542312 f i w3l.obj
 0001:00001331       ??_E?$basic_stringstream@_WU?$char_traits@_W@std@@V?$allocator@_W@2@@std@@UAEPAXI@Z 7e542331 f i w3l.obj
 0001:00001331       ??_G?$basic_stringstream@_WU?$char_traits@_W@std@@V?$allocator@_W@2@@std@@UAEPAXI@Z 7e542331 f i w3l.obj
 0001:00001356       ??_E?$ctype@_W@std@@MAEPAXI@Z 7e542356 f i w3l.obj
 0001:00001356       ??_G?$ctype@_W@std@@MAEPAXI@Z 7e542356 f i w3l.obj
 0001:00001375       ??_E_Facet_base@std@@UAEPAXI@Z 7e542375 f i w3l.obj
 0001:00001375       ??_G_Facet_base@std@@UAEPAXI@Z 7e542375 f i w3l.obj
 0001:00001395       ??_E_Iostream_error_category2@std@@UAEPAXI@Z 7e542395 f i w3l.obj
 0001:00001395       ??_G_Iostream_error_category2@std@@UAEPAXI@Z 7e542395 f i w3l.obj
 0001:000013af       ??_E_System_error@std@@UAEPAXI@Z 7e5423af f i w3l.obj
 0001:000013af       ??_Efailure@ios_base@std@@UAEPAXI@Z 7e5423af f i w3l.obj
 0001:000013af       ??_Esystem_error@std@@UAEPAXI@Z 7e5423af f i w3l.obj
 0001:000013af       ??_G_System_error@std@@UAEPAXI@Z 7e5423af f i w3l.obj
 0001:000013af       ??_Gfailure@ios_base@std@@UAEPAXI@Z 7e5423af f i w3l.obj
 0001:000013af       ??_Gsystem_error@std@@UAEPAXI@Z 7e5423af f i w3l.obj
 0001:000013d9       ??_Ebad_alloc@std@@UAEPAXI@Z 7e5423d9 f i w3l.obj
 0001:000013d9       ??_Ebad_array_new_length@std@@UAEPAXI@Z 7e5423d9 f i w3l.obj
 0001:000013d9       ??_Ebad_cast@std@@UAEPAXI@Z 7e5423d9 f i w3l.obj
 0001:000013d9       ??_Eexception@std@@UAEPAXI@Z 7e5423d9 f i w3l.obj
 0001:000013d9       ??_Eruntime_error@std@@UAEPAXI@Z 7e5423d9 f i w3l.obj
 0001:000013d9       ??_Gbad_alloc@std@@UAEPAXI@Z 7e5423d9 f i w3l.obj
 0001:000013d9       ??_Gbad_array_new_length@std@@UAEPAXI@Z 7e5423d9 f i w3l.obj
 0001:000013d9       ??_Gbad_cast@std@@UAEPAXI@Z 7e5423d9 f i w3l.obj
 0001:000013d9       ??_Gexception@std@@UAEPAXI@Z 7e5423d9 f i w3l.obj
 0001:000013d9       ??_Gruntime_error@std@@UAEPAXI@Z 7e5423d9 f i w3l.obj
 0001:00001403       ??_Eios_base@std@@UAEPAXI@Z 7e542403 f i w3l.obj
 0001:00001403       ??_Gios_base@std@@UAEPAXI@Z 7e542403 f i w3l.obj
 0001:00001455       ?GetProcessBaseAddress@@YAKPAX0@Z 7e542455 f   w3l.obj
 0001:000014c1       ?InitLoader@@YAHPA_W0000@Z 7e5424c1 f   w3l.obj
 0001:000018b2       ?InjectByte@@YAHU_PROCESS_INFORMATION@@PBXDD@Z 7e5428b2 f   w3l.obj
 0001:00001970       ?_Adjust_manually_vector_aligned@std@@YAXAAPAXAAI@Z 7e542970 f i w3l.obj
 0001:00001992       ?_C_str@locale@std@@QBEPBDXZ 7e542992 f i w3l.obj
 0001:000019aa       ?_Calculate_growth@?$basic_string@DU?$char_traits@D@std@@V?$allocator@D@2@@std@@CAIIII@Z 7e5429aa f i w3l.obj
 0001:000019db       ?_Calculate_growth@?$basic_string@_WU?$char_traits@_W@std@@V?$allocator@_W@2@@std@@CAIIII@Z 7e5429db f i w3l.obj
 0001:00001a0c       ?_Deallocate_for_capacity@?$basic_string@_WU?$char_traits@_W@std@@V?$allocator@_W@2@@std@@CAXAAV?$allocator@_W@2@QA_WI@Z 7e542a0c f i w3l.obj
 0001:00001a24       ?_Decref@facet@locale@std@@UAEPAV_Facet_base@3@XZ 7e542a24 f i w3l.obj
 0001:00001a33       ?_Donarrow@?$ctype@_W@std@@IBED_WD@Z 7e542a33 f i w3l.obj
 0001:00001a6c       ?_Dowiden@?$ctype@_W@std@@IBE_WD@Z 7e542a6c f i w3l.obj
 0001:00001aa9       ?_Get_buffer_view@?$basic_stringbuf@_WU?$char_traits@_W@std@@V?$allocator@_W@2@@std@@QBE?AU_Buffer_view@12@XZ 7e542aa9 f i w3l.obj
 0001:00001b21       ?_Getcat@?$ctype@_W@std@@SAIPAPBVfacet@locale@2@PBV42@@Z 7e542b21 f i w3l.obj
 0001:00001b9e       ?_Getfacet@locale@std@@QBEPBVfacet@12@I@Z 7e542b9e f i w3l.obj
 0001:00001bde       ?_Getstate@?$basic_stringbuf@_WU?$char_traits@_W@std@@V?$allocator@_W@2@@std@@CAHH@Z 7e542bde f i w3l.obj
 0001:00001c10       ?_Incref@facet@locale@std@@UAEXXZ 7e542c10 f i w3l.obj
 0001:00001c15       ?_Init@?$basic_streambuf@_WU?$char_traits@_W@std@@@std@@IAEXXZ 7e542c15 f i w3l.obj
 0001:00001c53       ?_Init@?$ctype@_W@std@@IAEXABV_Locinfo@2@@Z 7e542c53 f i w3l.obj
 0001:00001c8c       ?_Init@ios_base@std@@IAEXXZ 7e542c8c f i w3l.obj
 0001:00001d01       ?_Lock@?$basic_streambuf@_WU?$char_traits@_W@std@@@std@@UAEXXZ 7e542d01 f i w3l.obj
 0001:00001d01       ?_Unlock@?$basic_streambuf@_WU?$char_traits@_W@std@@@std@@UAEXXZ 7e542d01 f i w3l.obj
 0001:00001d01       @_guard_check_icall_nop@4  7e542d01 f i LIBCMT:guard_support.obj
 0001:00001d04       ?_Makestr@_System_error@std@@CA?AV?$basic_string@DU?$char_traits@D@std@@V?$allocator@D@2@@2@Verror_code@2@V32@@Z 7e542d04 f i w3l.obj
 0001:00001d88       ?_Osfx@?$basic_ostream@_WU?$char_traits@_W@std@@@std@@QAEXXZ 7e542d88 f i w3l.obj
 0001:00001dfd       ?_Take_contents@?$basic_string@DU?$char_traits@D@std@@V?$allocator@D@2@@std@@AAEXAAV12@@Z 7e542dfd f i w3l.obj
 0001:00001e20       ?_Throw_bad_array_new_length@std@@YAXXZ 7e542e20 f i w3l.obj
 0001:00001e20       ?__scrt_throw_std_bad_array_new_length@@YAXXZ 7e542e20 f i LIBCMT:throw_bad_alloc.obj
 0001:00001e3d       ?_Throw_bad_cast@std@@YAXXZ 7e542e3d f i w3l.obj
 0001:00001e5a       ?_Tidy@?$basic_stringbuf@_WU?$char_traits@_W@std@@V?$allocator@_W@2@@std@@IAEXXZ 7e542e5a f i w3l.obj
 0001:00001ec0       ?_Tidy_deallocate@?$basic_string@DU?$char_traits@D@std@@V?$allocator@D@2@@std@@AAEXXZ 7e542ec0 f i w3l.obj
 0001:00001ee6       ?_Tidy_deallocate@?$basic_string@_WU?$char_traits@_W@std@@V?$allocator@_W@2@@std@@AAEXXZ 7e542ee6 f i w3l.obj
 0001:00001f0f       ?_Xlen_string@std@@YAXXZ   7e542f0f f i w3l.obj
 0001:00001f1a       ?allocate@?$allocator@_W@std@@QAEPA_WI@Z 7e542f1a f i w3l.obj
 0001:00001f37       ?append@?$basic_string@DU?$char_traits@D@std@@V?$allocator@D@2@@std@@QAEAAV12@QBDI@Z 7e542f37 f i w3l.obj
 0001:00001f90       ?assign@?$basic_string@_WU?$char_traits@_W@std@@V?$allocator@_W@2@@std@@QAEAAV12@QB_WI@Z 7e542f90 f i w3l.obj
 0001:00001fdb       ?clear@ios_base@std@@QAEXH_N@Z 7e542fdb f i w3l.obj
 0001:00002045       ?copy@?$_Char_traits@DH@std@@SAPADQADQBDI@Z 7e543045 f i w3l.obj
 0001:00002045       ?move@?$_Char_traits@DH@std@@SAPADQADQBDI@Z 7e543045 f i w3l.obj
 0001:0000205e       ?copy@?$_Char_traits@_WG@std@@SAPA_WQA_WQB_WI@Z 7e54305e f i w3l.obj
 0001:0000205e       ?move@?$_Char_traits@_WG@std@@SAPA_WQA_WQB_WI@Z 7e54305e f i w3l.obj
 0001:0000207a       ?debug@@YAXPADZZ           7e54307a f   w3l.obj
 0001:00002103       ?default_error_condition@error_category@std@@UBE?AVerror_condition@2@H@Z 7e543103 f i w3l.obj
 0001:00002113       ?do_is@?$ctype@_W@std@@MBEPB_WPB_W0PAF@Z 7e543113 f i w3l.obj
 0001:0000212e       ?do_is@?$ctype@_W@std@@MBE_NF_W@Z 7e54312e f i w3l.obj
 0001:00002148       ?do_narrow@?$ctype@_W@std@@MBED_WD@Z 7e543148 f i w3l.obj
 0001:0000214d       ?do_narrow@?$ctype@_W@std@@MBEPB_WPB_W0DPAD@Z 7e54314d f i w3l.obj
 0001:00002182       ?do_scan_is@?$ctype@_W@std@@MBEPB_WFPB_W0@Z 7e543182 f i w3l.obj
 0001:000021af       ?do_scan_not@?$ctype@_W@std@@MBEPB_WFPB_W0@Z 7e5431af f i w3l.obj
 0001:000021dc       ?do_tolower@?$ctype@_W@std@@MBEPB_WPA_WPB_W@Z 7e5431dc f i w3l.obj
 0001:0000220a       ?do_tolower@?$ctype@_W@std@@MBE_W_W@Z 7e54320a f i w3l.obj
 0001:0000221c       ?do_toupper@?$ctype@_W@std@@MBEPB_WPA_WPB_W@Z 7e54321c f i w3l.obj
 0001:0000224a       ?do_toupper@?$ctype@_W@std@@MBE_W_W@Z 7e54324a f i w3l.obj
 0001:0000225c       ?do_widen@?$ctype@_W@std@@MBEPBDPBD0PA_W@Z 7e54325c f i w3l.obj
 0001:0000228f       ?do_widen@?$ctype@_W@std@@MBE_WD@Z 7e54328f f i w3l.obj
 0001:00002294       ?equivalent@error_category@std@@UBE_NABVerror_code@2@H@Z 7e543294 f i w3l.obj
 0001:000022b6       ?equivalent@error_category@std@@UBE_NHABVerror_condition@2@@Z 7e5432b6 f i w3l.obj
 0001:000022d6       ?flush@?$basic_ostream@_WU?$char_traits@_W@std@@@std@@QAEAAV12@XZ 7e5432d6 f i w3l.obj
 0001:00002399       ?imbue@?$basic_streambuf@_WU?$char_traits@_W@std@@@std@@MAEXABVlocale@2@@Z 7e543399 f i w3l.obj
 0001:0000239c       ?init@?$basic_ios@_WU?$char_traits@_W@std@@@std@@IAEXPAV?$basic_streambuf@_WU?$char_traits@_W@std@@@2@_N@Z 7e54339c f i w3l.obj
 0001:000023e4       ?make_error_code@std@@YA?AVerror_code@1@W4io_errc@1@@Z 7e5433e4 f i w3l.obj
 0001:000023f6       ?message@_Iostream_error_category2@std@@UBE?AV?$basic_string@DU?$char_traits@D@std@@V?$allocator@D@2@@2@H@Z 7e5433f6 f i w3l.obj
 0001:0000242a       ?name@_Iostream_error_category2@std@@UBEPBDXZ 7e54342a f i w3l.obj
 0001:00002430       ?overflow@?$basic_streambuf@_WU?$char_traits@_W@std@@@std@@MAEGG@Z 7e543430 f i w3l.obj
 0001:00002430       ?pbackfail@?$basic_streambuf@_WU?$char_traits@_W@std@@@std@@MAEGG@Z 7e543430 f i w3l.obj
 0001:00002438       ?overflow@?$basic_stringbuf@_WU?$char_traits@_W@std@@V?$allocator@_W@2@@std@@MAEGG@Z 7e543438 f i w3l.obj
 0001:0000259e       ?pbackfail@?$basic_stringbuf@_WU?$char_traits@_W@std@@V?$allocator@_W@2@@std@@MAEGG@Z 7e54359e f i w3l.obj
 0001:000025fc       ?seekoff@?$basic_streambuf@_WU?$char_traits@_W@std@@@std@@MAE?AV?$fpos@U_Mbstatet@@@2@_JHH@Z 7e5435fc f i w3l.obj
 0001:00002618       ?seekoff@?$basic_stringbuf@_WU?$char_traits@_W@std@@V?$allocator@_W@2@@std@@MAE?AV?$fpos@U_Mbstatet@@@2@_JHH@Z 7e543618 f i w3l.obj
 0001:000027d7       ?seekpos@?$basic_streambuf@_WU?$char_traits@_W@std@@@std@@MAE?AV?$fpos@U_Mbstatet@@@2@V32@H@Z 7e5437d7 f i w3l.obj
 0001:000027f3       ?seekpos@?$basic_stringbuf@_WU?$char_traits@_W@std@@V?$allocator@_W@2@@std@@MAE?AV?$fpos@U_Mbstatet@@@2@V32@H@Z 7e5437f3 f i w3l.obj
 0001:0000293b       ?setbuf@?$basic_streambuf@_WU?$char_traits@_W@std@@@std@@MAEPAV12@PA_W_J@Z 7e54393b f i w3l.obj
 0001:00002940       ?showmanyc@?$basic_streambuf@_WU?$char_traits@_W@std@@@std@@MAE_JXZ 7e543940 f i w3l.obj
 0001:00002945       ?sputc@?$basic_streambuf@_WU?$char_traits@_W@std@@@std@@QAEG_W@Z 7e543945 f i w3l.obj
 0001:00002979       ?str@?$basic_stringbuf@_WU?$char_traits@_W@std@@V?$allocator@_W@2@@std@@QBE?AV?$basic_string@_WU?$char_traits@_W@std@@V?$allocator@_W@2@@2@XZ 7e543979 f i w3l.obj
 0001:000029df       ?sync@?$basic_streambuf@_WU?$char_traits@_W@std@@@std@@MAEHXZ 7e5439df f i w3l.obj
 0001:000029e2       ?uflow@?$basic_streambuf@_WU?$char_traits@_W@std@@@std@@MAEGXZ 7e5439e2 f i w3l.obj
 0001:00002a0b       ?underflow@?$basic_streambuf@_WU?$char_traits@_W@std@@@std@@MAEGXZ 7e543a0b f i w3l.obj
 0001:00002a11       ?underflow@?$basic_stringbuf@_WU?$char_traits@_W@std@@V?$allocator@_W@2@@std@@MAEGXZ 7e543a11 f i w3l.obj
 0001:00002a71       ?what@exception@std@@UBEPBDXZ 7e543a71 f i w3l.obj
 0001:00002a7f       ?widen@?$basic_ios@_WU?$char_traits@_W@std@@@std@@QBE_WD@Z 7e543a7f f i w3l.obj
 0001:00002acf       ?xsgetn@?$basic_streambuf@_WU?$char_traits@_W@std@@@std@@MAE_JPA_W_J@Z 7e543acf f i w3l.obj
 0001:00002bd0       ?xsputn@?$basic_streambuf@_WU?$char_traits@_W@std@@@std@@MAE_JPB_W_J@Z 7e543bd0 f i w3l.obj
 0001:00002cca       ??0_Init_locks@std@@QAE@XZ 7e543cca f   libcpmt:xlock.obj
 0001:00002cf7       ??0_Lockit@std@@QAE@H@Z    7e543cf7 f   libcpmt:xlock.obj
 0001:00002d28       ??1_Init_locks@std@@QAE@XZ 7e543d28 f   libcpmt:xlock.obj
 0001:00002d4f       ??1_Lockit@std@@QAE@XZ     7e543d4f f   libcpmt:xlock.obj
 0001:00002d6e       ?uncaught_exception@std@@YA_NXZ 7e543d6e f   libcpmt:uncaught_exception.obj
 0001:00002d73       ??0bad_alloc@std@@QAE@XZ   7e543d73 f i libcpmt:xthrow.obj
 0001:00002d8b       ??0length_error@std@@QAE@ABV01@@Z 7e543d8b f i libcpmt:xthrow.obj
 0001:00002da6       ??0length_error@std@@QAE@PBD@Z 7e543da6 f i libcpmt:xthrow.obj
 0001:00002dc5       ??0logic_error@std@@QAE@ABV01@@Z 7e543dc5 f i libcpmt:xthrow.obj
 0001:00002de0       ??0runtime_error@std@@QAE@PBD@Z 7e543de0 f i libcpmt:xthrow.obj
 0001:00002dff       ??_Ebad_exception@std@@UAEPAXI@Z 7e543dff f i libvcruntime:frame.obj
 0001:00002dff       ??_Elength_error@std@@UAEPAXI@Z 7e543dff f i libcpmt:xthrow.obj
 0001:00002dff       ??_Elogic_error@std@@UAEPAXI@Z 7e543dff f i libcpmt:xthrow.obj
 0001:00002dff       ??_Gbad_exception@std@@UAEPAXI@Z 7e543dff f i libvcruntime:frame.obj
 0001:00002dff       ??_Glength_error@std@@UAEPAXI@Z 7e543dff f i libcpmt:xthrow.obj
 0001:00002dff       ??_Glogic_error@std@@UAEPAXI@Z 7e543dff f i libcpmt:xthrow.obj
 0001:00002e2c       ?_Xlength_error@std@@YAXPBD@Z 7e543e2c f   libcpmt:xthrow.obj
 0001:00002e4c       ?_Xruntime_error@std@@YAXPBD@Z 7e543e4c f   libcpmt:xthrow.obj
 0001:00002e6c       ?_Syserror_map@std@@YAPBDH@Z 7e543e6c f   libcpmt:syserror.obj
 0001:00002e91       ??0_Locimp@locale@std@@AAE@_N@Z 7e543e91 f i libcpmt:locale0.obj
 0001:00002ed2       ??1_Fac_node@std@@QAE@XZ   7e543ed2 f i libcpmt:locale0.obj
 0001:00002f03       ??1_Fac_tidy_reg_t@std@@QAE@XZ 7e543f03 f i libcpmt:locale0.obj
 0001:00002f2a       ??1_Locimp@locale@std@@MAE@XZ 7e543f2a f i libcpmt:locale0.obj
 0001:00002f55       ??4?$_Yarn@D@std@@QAEAAV01@PBD@Z 7e543f55 f i libcpmt:locale0.obj
 0001:00002fa9       ??_E_Locimp@locale@std@@MAEPAXI@Z 7e543fa9 f i libcpmt:locale0.obj
 0001:00002fa9       ??_G_Locimp@locale@std@@MAEPAXI@Z 7e543fa9 f i libcpmt:locale0.obj
 0001:00002fcb       ?_Facet_Register@std@@YAXPAV_Facet_base@1@@Z 7e543fcb f   libcpmt:locale0.obj
 0001:00002ff7       ?_Getgloballocale@locale@std@@CAPAV_Locimp@12@XZ 7e543ff7 f   libcpmt:locale0.obj
 0001:00002ffd       ?_Init@locale@std@@CAPAV_Locimp@12@_N@Z 7e543ffd f   libcpmt:locale0.obj
 0001:0000308a       ?_Locimp_dtor@_Locimp@locale@std@@CAXPAV123@@Z 7e54408a f   libcpmt:locale0.obj
 0001:000030fb       ?_Locinfo_ctor@_Locinfo@std@@SAXPAV12@PBD@Z 7e5440fb f   libcpmt:locale0.obj
 0001:00003146       ?_Locinfo_dtor@_Locinfo@std@@SAXPAV12@@Z 7e544146 f   libcpmt:locale0.obj
 0001:00003160       ?_New_Locimp@_Locimp@locale@std@@CAPAV123@_N@Z 7e544160 f   libcpmt:locale0.obj
 0001:00003183       ?_Setgloballocale@locale@std@@CAXPAX@Z 7e544183 f   libcpmt:locale0.obj
 0001:000031ab       __Deletegloballocale       7e5441ab f   libcpmt:locale0.obj
 0001:00003210       __Getctype                 7e544210 f   libcpmt:_tolower.obj
 0001:0000327b       __Getcvt                   7e54427b f   libcpmt:xwctomb.obj
 0001:000032ee       __Wcrtomb                  7e5442ee f   libcpmt:xwctomb.obj
 0001:0000334a       __Mbrtowc                  7e54434a f   libcpmt:xmbtowc.obj
 0001:000034d3       __Getwctype                7e5444d3 f   libcpmt:xgetwctype.obj
 0001:000034f3       __Getwctypes               7e5444f3 f   libcpmt:xgetwctype.obj
 0001:00003512       __Towlower                 7e544512 f   libcpmt:xtowlower.obj
 0001:00003572       __Towupper                 7e544572 f   libcpmt:xtowupper.obj
 0001:000035d6       ?_Addstd@ios_base@std@@SAXPAV12@@Z 7e5445d6 f   libcpmt:ios.obj
 0001:00003628       ?_Callfns@ios_base@std@@AAEXW4event@12@@Z 7e544628 f i libcpmt:ios.obj
 0001:0000365b       ?_Ios_base_dtor@ios_base@std@@CAXPAV12@@Z 7e54465b f   libcpmt:ios.obj
 0001:0000369b       ?_Tidy@ios_base@std@@AAEXXZ 7e54469b f i libcpmt:ios.obj
 0001:00003716       __Mtxdst                   7e544716 f   libcpmt:xmtx.obj
 0001:00003724       __Mtxinit                  7e544724 f   libcpmt:xmtx.obj
 0001:00003739       __Mtxlock                  7e544739 f   libcpmt:xmtx.obj
 0001:00003747       __Mtxunlock                7e544747 f   libcpmt:xmtx.obj
 0001:00003755       ___local_stdio_printf_options 7e544755 f i libcpmt:locale.obj
 0001:0000375b       ??1_Init_atexit@@QAE@XZ    7e54475b f i libcpmt:iosptrs.obj
 0001:000037c3       ?_Atexit@@YAXP6AXXZ@Z      7e5447c3 f   libcpmt:iosptrs.obj
 0001:000037f2       __freea_crt                7e5447f2 f i libcpmt:StlLCMapStringA.obj
 0001:00003810       ___crtLCMapStringW         7e544810 f   libcpmt:StlLCMapStringW.obj
 0001:0000384d       ??2@YAPAXI@Z               7e54484d f   LIBCMT:new_scalar.obj
 0001:0000387d       ??3@YAXPAXI@Z              7e54487d f   LIBCMT:delete_scalar_size.obj
 0001:0000388c       __EH_prolog                7e54488c f   LIBCMT:ehprolog.obj
 0001:000038ab       ??_Etype_info@@UAEPAXI@Z   7e5448ab f i LIBCMT:std_type_info_static.obj
 0001:000038ab       ??_Gtype_info@@UAEPAXI@Z   7e5448ab f i LIBCMT:std_type_info_static.obj
 0001:00003c0e       __DllMainCRTStartup@12     7e544c0e f   LIBCMT:dll_dllmain.obj
 0001:00003c75       ___scrt_acquire_startup_lock 7e544c75 f   LIBCMT:utility.obj
 0001:00003ca7       ___scrt_dllmain_after_initialize_c 7e544ca7 f   LIBCMT:utility.obj
 0001:00003cd2       ___scrt_dllmain_before_initialize_c 7e544cd2 f   LIBCMT:utility.obj
 0001:00003ce0       ___scrt_dllmain_crt_thread_attach 7e544ce0 f   LIBCMT:utility.obj
 0001:00003cff       ___scrt_dllmain_crt_thread_detach 7e544cff f   LIBCMT:utility.obj
 0001:00003d0c       ___scrt_dllmain_exception_filter 7e544d0c f   LIBCMT:utility.obj
 0001:00003d40       ___scrt_dllmain_uninitialize_c 7e544d40 f   LIBCMT:utility.obj
 0001:00003d63       ___scrt_dllmain_uninitialize_critical 7e544d63 f   LIBCMT:utility.obj
 0001:00003d70       ___scrt_initialize_crt     7e544d70 f   LIBCMT:utility.obj
 0001:00003da9       ___scrt_initialize_onexit_tables 7e544da9 f   LIBCMT:utility.obj
 0001:00003e30       ___scrt_is_nonwritable_in_current_image 7e544e30 f   LIBCMT:utility.obj
 0001:00003ec4       ___scrt_release_startup_lock 7e544ec4 f   LIBCMT:utility.obj
 0001:00003ee1       ___scrt_uninitialize_crt   7e544ee1 f   LIBCMT:utility.obj
 0001:00003f09       __onexit                   7e544f09 f   LIBCMT:utility.obj
 0001:00003f36       _atexit                    7e544f36 f   LIBCMT:utility.obj
 0001:00003f4b       @__security_check_cookie@4 7e544f4b f   LIBCMT:secchk.obj
 0001:00003f59       __EH_epilog3               7e544f59 f   LIBCMT:ehprolg3.obj
 0001:00003f6d       __EH_prolog3               7e544f6d f   LIBCMT:ehprolg3.obj
 0001:00003fa0       __EH_prolog3_catch         7e544fa0 f   LIBCMT:ehprolg3.obj
 0001:00003fe0       __alloca_probe_16          7e544fe0 f   LIBCMT:alloca16.obj
 0001:00003ff6       __alloca_probe_8           7e544ff6     LIBCMT:alloca16.obj
 0001:0000400c       ___isa_available_init      7e54500c f   LIBCMT:cpu_disp.obj
 0001:000041e0       ?__scrt_throw_std_bad_alloc@@YAXXZ 7e5451e0 f   LIBCMT:throw_bad_alloc.obj
 0001:000041fd       ??3@YAXPAX@Z               7e5451fd f   LIBCMT:delete_scalar.obj
 0001:0000424f       ___security_init_cookie    7e54524f f   LIBCMT:gs_support.obj
 0001:0000429a       _DllMain@12                7e54529a f   LIBCMT:dll_dllmain_stub.obj
 0001:000042a0       ?__scrt_initialize_type_info@@YAXXZ 7e5452a0 f   LIBCMT:tncleanup.obj
 0001:000042ac       ?__scrt_uninitialize_type_info@@YAXXZ 7e5452ac f   LIBCMT:tncleanup.obj
 0001:000042b8       ___local_stdio_scanf_options 7e5452b8 f i LIBCMT:default_local_stdio_options.obj
 0001:000042be       ___scrt_initialize_default_local_stdio_options 7e5452be f   LIBCMT:default_local_stdio_options.obj
 0001:000042db       ___scrt_get_dyn_tls_init_callback 7e5452db f   LIBCMT:dyn_tls_init.obj
 0001:000042e1       ___scrt_fastfail           7e5452e1 f   LIBCMT:utility_desktop.obj
 0001:000043f6       __crt_debugger_hook        7e5453f6 f   LIBCMT:utility_desktop.obj
 0001:000043fe       __RTC_Initialize           7e5453fe f   LIBCMT:initsect.obj
 0001:0000442a       __RTC_Terminate            7e54542a f   LIBCMT:initsect.obj
 0001:00004460       __SEH_prolog4              7e545460 f   LIBCMT:sehprolg4.obj
 0001:000044a5       __get_startup_argv_mode    7e5454a5 f   LIBCMT:argv_mode.obj
 0001:000044a9       ___scrt_is_ucrt_dll_in_use 7e5454a9 f   LIBCMT:ucrt_detection.obj
 0001:000044b5       ___raise_securityfailure   7e5454b5 f   LIBCMT:gs_report.obj
 0001:000044dd       ___report_gsfailure        7e5454dd f   LIBCMT:gs_report.obj
 0001:000045d7       ___report_rangecheckfailure 7e5455d7 f   LIBCMT:gs_report.obj
 0001:000045e3       ___report_securityfailure  7e5455e3 f   LIBCMT:gs_report.obj
 0001:000046c0       __alloca_probe             7e5456c0 f   LIBCMT:chkstk.obj
 0001:000046c0       __chkstk                   7e5456c0 f   LIBCMT:chkstk.obj
 0001:000046eb       __get_purecall_handler     7e5456eb f   libvcruntime:purevirt.obj
 0001:000046f2       __purecall                 7e5456f2 f   libvcruntime:purevirt.obj
 0001:0000470e       ___DestructExceptionObject 7e54570e f   libvcruntime:ehhelpers.obj
 0001:000047af       ?_CallMemberFunction0@@YGXQAX0@Z 7e5457af f i libvcruntime:ehhelpers.obj
 0001:00004814       __IsExceptionObjectToBeDestroyed 7e545814 f   libvcruntime:ehhelpers.obj
 0001:0000483a       ___AdjustPointer           7e54583a f   libvcruntime:ehhelpers.obj
 0001:0000485f       ___FrameUnwindFilter       7e54585f f   libvcruntime:ehhelpers.obj
 0001:000048b5       ___std_terminate           7e5458b5 f   libvcruntime:ehhelpers.obj
 0001:000048ba       _memcmp                    7e5458ba f   libvcruntime:memcmp.obj
 0001:00005f40       _memcpy                    7e546f40 f   libvcruntime:memcpy.obj
 0001:00005f40       _memmove                   7e546f40 f   libvcruntime:memmove.obj
 0001:000064c0       _memset                    7e5474c0 f   libvcruntime:memset.obj
 0001:0000661a       ___std_exception_copy      7e54761a f   libvcruntime:std_exception.obj
 0001:0000667d       ___std_exception_destroy   7e54767d f   libvcruntime:std_exception.obj
 0001:0000669c       __CxxThrowException@8      7e54769c f   libvcruntime:throw.obj
 0001:00006708       ?GetRangeOfTrysToCheck@__FrameHandler3@@SA?AU?$pair@Viterator@TryBlockMap@__FrameHandler3@@V123@@std@@AAVTryBlockMap@1@HPAXPBU_s_FuncInfo@@H@Z 7e547708 f   libvcruntime:trnsctrl.obj
 0001:00006777       ?_CallCatchBlock2@@YAPAXPAUEHRegistrationNode@@PBU_s_FuncInfo@@PAXHK@Z 7e547777 f   libvcruntime:trnsctrl.obj
 0001:000067d4       ?_CallSETranslator@@YAHPAUEHExceptionRecord@@PAUEHRegistrationNode@@PAX2PBU_s_FuncInfo@@H1@Z 7e5477d4 f   libvcruntime:trnsctrl.obj
 0001:000068c4       ?_JumpToContinuation@@YGXPAXPAUEHRegistrationNode@@@Z 7e5478c4 f   libvcruntime:trnsctrl.obj
 0001:000068f4       ?_UnwindNestedFrames@@YGXPAUEHRegistrationNode@@PAUEHExceptionRecord@@@Z 7e5478f4 f   libvcruntime:trnsctrl.obj
 0001:00006947       __CatchGuardHandler        7e547947 f   libvcruntime:trnsctrl.obj
 0001:00006978       __CreateFrameInfo          7e547978 f   libvcruntime:trnsctrl.obj
 0001:0000699c       __FindAndUnlinkFrame       7e54799c f   libvcruntime:trnsctrl.obj
 0001:000069e4       __TranslatorGuardHandler   7e5479e4 f   libvcruntime:trnsctrl.obj
 0001:00006a81       ___CxxFrameHandler3        7e547a81 f   libvcruntime:trnsctrl.obj
 0001:00006ab7       ___uncaught_exception      7e547ab7 f   libvcruntime:uncaught_exception.obj
 0001:00006b10       __except_handler4          7e547b10 f   libvcruntime:chandler4.obj
 0001:00006c6e       ___vcrt_initialize         7e547c6e f   libvcruntime:initialization.obj
 0001:00006c8d       ___vcrt_thread_attach      7e547c8d f   libvcruntime:initialization.obj
 0001:00006c98       ___vcrt_thread_detach      7e547c98 f   libvcruntime:initialization.obj
 0001:00006ca0       ___vcrt_uninitialize       7e547ca0 f   libvcruntime:initialization.obj
 0001:00006cb7       ___vcrt_uninitialize_critical 7e547cb7 f   libvcruntime:initialization.obj
 0001:00006cbf       ___std_type_info_compare   7e547cbf f   libvcruntime:std_type_info.obj
 0001:00006cfb       ___std_type_info_destroy_list 7e547cfb f   libvcruntime:std_type_info.obj
 0001:00006d1e       ___vcrt_freefls@4          7e547d1e f   libvcruntime:per_thread_data.obj
 0001:00006d3a       ___vcrt_freeptd_for_this_thread 7e547d3a f   libvcruntime:per_thread_data.obj
 0001:00006d65       ___vcrt_getptd             7e547d65 f   libvcruntime:per_thread_data.obj
 0001:00006d73       ___vcrt_getptd_noexit      7e547d73 f   libvcruntime:per_thread_data.obj
 0001:00006e05       ___vcrt_getptd_noinit      7e547e05 f   libvcruntime:per_thread_data.obj
 0001:00006e3c       ___vcrt_initialize_ptd     7e547e3c f   libvcruntime:per_thread_data.obj
 0001:00006e6f       ___vcrt_uninitialize_ptd   7e547e6f f   libvcruntime:per_thread_data.obj
 0001:000075bc       ??$TypeMatchHelper@V__FrameHandler3@@@@YAHPBU_s_HandlerType@@PBU_s_CatchableType@@PBU_s_ThrowInfo@@@Z 7e5485bc f i libvcruntime:frame.obj
 0001:0000764a       ??$__InternalCxxFrameHandler@V__FrameHandler3@@@@YA?AW4_EXCEPTION_DISPOSITION@@PAUEHExceptionRecord@@PAUEHRegistrationNode@@PAU_CONTEXT@@PAXPBU_s_FuncInfo@@H1E@Z 7e54864a f i libvcruntime:frame.obj
 0001:0000774c       ??$__InternalCxxFrameHandlerWrapper@V__FrameHandler3@@@@YA?AW4_EXCEPTION_DISPOSITION@@PAUEHExceptionRecord@@PAUEHRegistrationNode@@PAU_CONTEXT@@PAXPBU_s_FuncInfo@@H1E@Z 7e54874c f i libvcruntime:frame.obj
 0001:00007755       ??0bad_exception@std@@QAE@ABV01@@Z 7e548755 f i libvcruntime:frame.obj
 0001:00007770       ??0bad_exception@std@@QAE@XZ 7e548770 f i libvcruntime:frame.obj
 0001:00007788       ??8type_info@@QBE_NABV0@@Z 7e548788 f i libvcruntime:frame.obj
 0001:000079ff       ?FrameUnwindToEmptyState@__FrameHandler3@@SAXPAUEHRegistrationNode@@PAXPBU_s_FuncInfo@@@Z 7e5489ff f   libvcruntime:frame.obj
 0001:00007a17       ?FrameUnwindToState@__FrameHandler3@@SAXPAUEHRegistrationNode@@PAXPBU_s_FuncInfo@@H@Z 7e548a17 f   libvcruntime:frame.obj
 0001:00007b99       ?_CallMemberFunction1@@YGXQAX00@Z 7e548b99 f i libvcruntime:frame.obj
 0001:00007ba9       ?_CallMemberFunction2@@YGXQAX00H@Z 7e548ba9 f i libvcruntime:frame.obj
 0001:00007bbc       ?getESTypes@__FrameHandler3@@SAPBU_s_ESTypeList@@PBU_s_FuncInfo@@@Z 7e548bbc f i libvcruntime:frame.obj
 0001:00007bd0       __CallSettingFrame@12      7e548bd0 f   libvcruntime:lowhelpr.obj
 0001:00007bf7       __NLG_Return               7e548bf7     libvcruntime:lowhelpr.obj
 0001:00007c1c       ___except_validate_context_record 7e548c1c f   libvcruntime:jbcxrval.obj
 0001:00007c50       __local_unwind4            7e548c50 f   libvcruntime:exsup4.obj
 0001:00007d40       @_EH4_CallFilterFunc@8     7e548d40 f   libvcruntime:exsup4.obj
 0001:00007d60       @_EH4_TransferToHandler@8  7e548d60 f   libvcruntime:exsup4.obj
 0001:00007d80       @_EH4_GlobalUnwind2@8      7e548d80 f   libvcruntime:exsup4.obj
 0001:00007da0       @_EH4_LocalUnwind@16       7e548da0 f   libvcruntime:exsup4.obj
 0001:00007db7       ___vcrt_initialize_locks   7e548db7 f   libvcruntime:locks.obj
 0001:00007df3       ___vcrt_uninitialize_locks 7e548df3 f   libvcruntime:locks.obj
 0001:00007f0d       ___vcrt_FlsAlloc           7e548f0d f   libvcruntime:winapi_downlevel.obj
 0001:00007f48       ___vcrt_FlsFree            7e548f48 f   libvcruntime:winapi_downlevel.obj
 0001:00007f83       ___vcrt_FlsGetValue        7e548f83 f   libvcruntime:winapi_downlevel.obj
 0001:00007fbe       ___vcrt_FlsSetValue        7e548fbe f   libvcruntime:winapi_downlevel.obj
 0001:00007ffc       ___vcrt_InitializeCriticalSectionEx 7e548ffc f   libvcruntime:winapi_downlevel.obj
 0001:00008043       _unexpected                7e549043 f   libvcruntime:unexpected.obj
 0001:00008060       ?GetCurrentState@__FrameHandler3@@SAHPAUEHRegistrationNode@@PAXPBU_s_FuncInfo@@@Z 7e549060 f   libvcruntime:ehstate.obj
 0001:0000807d       ?SetState@__FrameHandler3@@SAXPAUEHRegistrationNode@@PBU_s_FuncInfo@@H@Z 7e54907d f   libvcruntime:ehstate.obj
 0001:00008090       __NLG_Notify1              7e549090 f   libvcruntime:exsup.obj
 0001:000080a0       __NLG_Notify               7e5490a0 f   libvcruntime:exsup.obj
 0001:000080b7       __NLG_Dispatch             7e5490b7     libvcruntime:exsup.obj
 0001:000080b7       __NLG_Dispatch2            7e5490b7     libvcruntime:exsup.obj
 0001:000080c0       __NLG_Call                 7e5490c0 f   libvcruntime:exsup.obj
 0001:000080c2       __NLG_Return2              7e5490c2     libvcruntime:exsup.obj
 0001:000080c3       ??0__crt_cached_ptd_host@@QAE@QAU__crt_locale_pointers@@@Z 7e5490c3 f i libucrt:invalid_parameter.obj
 0001:0000810b       ??1__crt_cached_ptd_host@@QAE@XZ 7e54910b f i libucrt:invalid_parameter.obj
 0001:00008147       ?check_synchronize_global_state_index@__crt_cached_ptd_host@@AAEIXZ 7e549147 f i libucrt:invalid_parameter.obj
 0001:00008170       ?force_synchronize_per_thread_data@__crt_cached_ptd_host@@AAEPAU__acrt_ptd@@XZ 7e549170 f i libucrt:invalid_parameter.obj
 0001:000081b6       ?get_raw_ptd@__crt_cached_ptd_host@@QAEPAU__acrt_ptd@@XZ 7e5491b6 f i libucrt:invalid_parameter.obj
 0001:000081d3       ___acrt_call_reportfault   7e5491d3 f   libucrt:invalid_parameter.obj
 0001:0000830c       ___acrt_initialize_invalid_parameter_handler 7e54930c f   libucrt:invalid_parameter.obj
 0001:0000831b       __invalid_parameter        7e54931b f   libucrt:invalid_parameter.obj
 0001:00008352       __invalid_parameter_internal 7e549352 f   libucrt:invalid_parameter.obj
 0001:000083cf       __invalid_parameter_noinfo 7e5493cf f   libucrt:invalid_parameter.obj
 0001:000083df       __invalid_parameter_noinfo_noreturn 7e5493df f   libucrt:invalid_parameter.obj
 0001:000083fc       __invoke_watson            7e5493fc f   libucrt:invalid_parameter.obj
 0001:00008430       _wcslen                    7e549430 f   libucrt:strnlen.obj
 0001:00008558       _wcsnlen                   7e549558 f   libucrt:strnlen.obj
 0001:00008710       _strlen                    7e549710 f   libucrt:strlen.obj
 0001:0000879b       _free                      7e54979b f   libucrt:free.obj
 0001:000088b9       __wgetenv                  7e5498b9 f   libucrt:getenv.obj
 0001:000088c4       ___acrt_initialize_locks   7e5498c4 f   libucrt:locks.obj
 0001:00008905       ___acrt_lock               7e549905 f   libucrt:locks.obj
 0001:0000891c       ___acrt_uninitialize_locks 7e54991c f   libucrt:locks.obj
 0001:0000894d       ___acrt_unlock             7e54994d f   libucrt:locks.obj
 0001:00008964       __lock_locales             7e549964 f   libucrt:locks.obj
 0001:00008972       __unlock_locales           7e549972 f   libucrt:locks.obj
 0001:0000897b       _malloc                    7e54997b f   libucrt:malloc.obj
 0001:00008bdb       _setlocale                 7e549bdb f   libucrt:setlocale.obj
 0001:00008c13       ___pctype_func             7e549c13 f   libucrt:ctype.obj
 0001:00008c37       ___acrt_locale_get_ctype_array_value 7e549c37 f i libucrt:_ctype.obj
 0001:00008c59       ____lc_codepage_func       7e549c59 f   libucrt:initctype.obj
 0001:00008c7e       ____lc_locale_name_func    7e549c7e f   libucrt:initctype.obj
 0001:00008ca5       ____mb_cur_max_func        7e549ca5 f   libucrt:initctype.obj
 0001:00008cca       ___acrt_locale_initialize_ctype 7e549cca f   libucrt:initctype.obj
 0001:00009127       _calloc                    7e54a127 f   libucrt:calloc.obj
 0001:00009132       __wcsdup                   7e54a132 f   libucrt:wcsdup.obj
 0001:00009191       ___acrt_errno_from_os_error 7e54a191 f   libucrt:errno.obj
 0001:000091d4       ___acrt_errno_map_os_error 7e54a1d4 f   libucrt:errno.obj
 0001:000091f7       ___acrt_errno_map_os_error_ptd 7e54a1f7 f   libucrt:errno.obj
 0001:0000921b       ___doserrno                7e54a21b f   libucrt:errno.obj
 0001:0000922e       __errno                    7e54a22e f   libucrt:errno.obj
 0001:00009241       ??0_LocaleUpdate@@QAE@QAU__crt_locale_pointers@@@Z 7e54a241 f i libucrt:strtod.obj
 0001:000092c3       ?unget@?$c_string_character_source@_W@__crt_strtox@@QAEX_W@Z 7e54a2c3 f i libucrt:strtod.obj
 0001:000092f1       ?validate@?$c_string_character_source@_W@__crt_strtox@@QBE_NXZ 7e54a2f1 f i libucrt:strtod.obj
 0001:00009310       _strcspn                   7e54a310 f   libucrt:strcspn.obj
 0001:00009356       ??$is_overflow_condition@K@__crt_strtox@@YA_NIK@Z 7e54a356 f i libucrt:output.obj
 0001:00009390       ?update_locale_slow@__crt_cached_ptd_host@@AAEXXZ 7e54a390 f i libucrt:output.obj
 0001:000093eb       _abort                     7e54a3eb f   libucrt:abort.obj
 0001:0000942f       ___strncnt                 7e54a42f f   libucrt:strncnt.obj
 0001:0000944b       ??$__acrt_convert_wcs_mbs_cp@D_WV<lambda_62f6974d9771e494a5ea317cc32e971c>@@U__crt_win32_buffer_internal_dynamic_resizing@@@@YAHQBDAAV?$__crt_win32_buffer@_WU__crt_win32_buffer_internal_dynamic_resizing@@@@ABV<lambda_62f6974d9771e494a5ea317cc32e971c>@@I@Z 7e54a44b f i libucrt:strftime.obj
 0001:000094fd       ??$__acrt_convert_wcs_mbs_cp@_WDV<lambda_0fec1a7b3f42a53036604e18c2d5e07e>@@U__crt_win32_buffer_no_resizing@@@@YAHQB_WAAV?$__crt_win32_buffer@DU__crt_win32_buffer_no_resizing@@@@ABV<lambda_0fec1a7b3f42a53036604e18c2d5e07e>@@I@Z 7e54a4fd f i libucrt:strftime.obj
 0001:000095bf       ??$__acrt_mbs_to_wcs_cp@U__crt_win32_buffer_internal_dynamic_resizing@@@@YAHQBDAAV?$__crt_win32_buffer@_WU__crt_win32_buffer_internal_dynamic_resizing@@@@I@Z 7e54a5bf f i libucrt:strftime.obj
 0001:000095dc       ??R<lambda_0fec1a7b3f42a53036604e18c2d5e07e>@@QBE@IQB_WQADI@Z 7e54a5dc f i libucrt:strftime.obj
 0001:000095dc       ??R<lambda_28bda7af82a03b66c1cb3803a755f95d>@@QBE@IQB_WQADI@Z 7e54a5dc f i libucrt:argv_wildcards.obj
 0001:00009600       ?_deallocate@?$__crt_win32_buffer@DU__crt_win32_buffer_internal_dynamic_resizing@@@@AAEXXZ 7e54a600 f i libucrt:argv_wildcards.obj
 0001:00009600       ?_deallocate@?$__crt_win32_buffer@_WU__crt_win32_buffer_internal_dynamic_resizing@@@@AAEXXZ 7e54a600 f i libucrt:strftime.obj
 0001:0000961a       ?allocate@?$__crt_win32_buffer@DU__crt_win32_buffer_no_resizing@@@@QAEHI@Z 7e54a61a f i libucrt:strftime.obj
 0001:00009641       ?allocate@?$__crt_win32_buffer@_WU__crt_win32_buffer_internal_dynamic_resizing@@@@QAEHI@Z 7e54a641 f i libucrt:strftime.obj
 0001:00009680       ?allocate@__crt_win32_buffer_internal_dynamic_resizing@@SAHQAPAXIABV__crt_win32_buffer_empty_debug_info@@@Z 7e54a680 f i libucrt:strftime.obj
 0001:0000969f       ?set_to_nullptr@?$__crt_win32_buffer@DU__crt_win32_buffer_no_resizing@@@@QAEXXZ 7e54a69f f i libucrt:strftime.obj
 0001:000096b3       ??$__crt_fast_decode_pointer@P6AHI@Z@@YAP6AHI@ZQ6AHI@Z@Z 7e54a6b3 f i libucrt:new_handler.obj
 0001:000096b3       ??$__crt_fast_decode_pointer@P6AXH@Z@@YAP6AXH@ZQ6AXH@Z@Z 7e54a6b3 f i libucrt:signal.obj
 0001:000096b3       ??$__crt_fast_decode_pointer@P6GXPAXK0@Z@@YAP6GXPAXK0@ZQ6GX0K0@Z@Z 7e54a6b3 f i libucrt:exit.obj
 0001:000096ce       ___acrt_initialize_new_handler 7e54a6ce f   libucrt:new_handler.obj
 0001:000096dd       __callnewh                 7e54a6dd f   libucrt:new_handler.obj
 0001:00009709       __query_new_handler        7e54a709 f   libucrt:new_handler.obj
 0001:00009760       __initterm                 7e54a760 f   libucrt:initterm.obj
 0001:0000978b       __initterm_e               7e54a78b f   libucrt:initterm.obj
 0001:000097b9       __seh_filter_dll           7e54a7b9 f   libucrt:exception_filter.obj
 0001:000097d9       __seh_filter_exe           7e54a7d9 f   libucrt:exception_filter.obj
 0001:00009bf9       ___acrt_initialize_thread_local_exit_callback 7e54abf9 f   libucrt:exit.obj
 0001:00009c08       __cexit                    7e54ac08 f   libucrt:exit.obj
 0001:00009c17       __exit                     7e54ac17 f   libucrt:exit.obj
 0001:00009c2d       __is_c_termination_complete 7e54ac2d f   libucrt:exit.obj
 0001:00009ee5       ___acrt_allocate_buffer_for_argv 7e54aee5 f   libucrt:argv_parsing.obj
 0001:00009f34       __configure_narrow_argv    7e54af34 f   libucrt:argv_parsing.obj
 0001:0000a300       ___dcrt_get_or_create_wide_environment_nolock 7e54b300 f   libucrt:environment_initialization.obj
 0001:0000a305       ___dcrt_uninitialize_environments_nolock 7e54b305 f   libucrt:environment_initialization.obj
 0001:0000a356       __initialize_narrow_environment 7e54b356 f   libucrt:environment_initialization.obj
 0001:0000a411       ??$__crt_fast_encode_pointer@P6AHXZ@@YAP6AHXZQ6AHXZ@Z 7e54b411 f i libucrt:onexit.obj
 0001:0000a411       ??$__crt_fast_encode_pointer@P6GHPA_WKJ@Z@@YAP6GHPA_WKJ@ZQ6GH0KJ@Z@Z 7e54b411 f i libucrt:winapi_thunks.obj
 0001:0000a411       ??$__crt_fast_encode_pointer@PAP6AXXZ@@YAPAP6AXXZQAP6AXXZ@Z 7e54b411 f i libucrt:onexit.obj
 0001:0000a411       ??$__crt_fast_encode_pointer@PAX@@YAPAXQAX@Z 7e54b411 f i libucrt:initialization.obj
 0001:0000a60c       __crt_atexit               7e54b60c f   libucrt:onexit.obj
 0001:0000a622       __execute_onexit_table     7e54b622 f   libucrt:onexit.obj
 0001:0000a660       __initialize_onexit_table  7e54b660 f   libucrt:onexit.obj
 0001:0000a689       __register_onexit_function 7e54b689 f   libucrt:onexit.obj
 0001:0000a6e3       ___acrt_uninitialize_command_line 7e54b6e3 f   libucrt:argv_data.obj
 0001:0000a7ba       ___acrt_initialize         7e54b7ba f   libucrt:initialization.obj
 0001:0000a7cc       ___acrt_thread_attach      7e54b7cc f   libucrt:initialization.obj
 0001:0000a7d7       ___acrt_thread_detach      7e54b7d7 f   libucrt:initialization.obj
 0001:0000a7df       ___acrt_uninitialize       7e54b7df f   libucrt:initialization.obj
 0001:0000a80f       ___acrt_uninitialize_critical 7e54b80f f   libucrt:initialization.obj
 0001:0000a821       _terminate                 7e54b821 f   libucrt:terminate.obj
 0001:0000a85d       _strcpy_s                  7e54b85d f   libucrt:strcpy_s.obj
 0001:0000a8b7       ??$parse_integer@KV?$c_string_character_source@_W@__crt_strtox@@$00@__crt_strtox@@YAKAAV__crt_cached_ptd_host@@V?$c_string_character_source@_W@0@H_N@Z 7e54b8b7 f i libucrt:atox.obj
 0001:0000aec5       __wtol                     7e54bec5 f   libucrt:atox.obj
 0001:0000af10       _strncmp                   7e54bf10 f   libucrt:strncmp.obj
 0001:0000af88       _wcsncmp                   7e54bf88 f   libucrt:wcsncmp.obj
 0001:0000b300       ___acrt_freeptd            7e54c300 f   libucrt:per_thread_data.obj
 0001:0000b32c       ___acrt_getptd             7e54c32c f   libucrt:per_thread_data.obj
 0001:0000b3e7       ___acrt_getptd_head        7e54c3e7 f   libucrt:per_thread_data.obj
 0001:0000b47d       ___acrt_getptd_noexit      7e54c47d f   libucrt:per_thread_data.obj
 0001:0000b52e       ___acrt_getptd_noexit_explicit 7e54c52e f   libucrt:per_thread_data.obj
 0001:0000b5d1       ___acrt_initialize_ptd     7e54c5d1 f   libucrt:per_thread_data.obj
 0001:0000b5fd       ___acrt_uninitialize_ptd   7e54c5fd f   libucrt:per_thread_data.obj
 0001:0000b717       ??0_expandlocale_locale_name_cache@@QAE@QA_WIQAU__crt_qualified_locale_data@@@Z 7e54c717 f i libucrt:wsetlocale.obj
 0001:0000b761       ??1_expandlocale_locale_name_cache@@QAE@XZ 7e54c761 f i libucrt:wsetlocale.obj
 0001:0000b8f9       ?commit_locale_name@_expandlocale_locale_name_cache@@QAEXQB_WI@Z 7e54c8f9 f i libucrt:wsetlocale.obj
 0001:0000b93d       ?commit_locale_name_cache_already_updated@_expandlocale_locale_name_cache@@QAEXQB_WI@Z 7e54c93d f i libucrt:wsetlocale.obj
 0001:0000b972       ___acrt_copy_locale_name   7e54c972 f   libucrt:wsetlocale.obj
 0001:0000b9d2       ___acrt_set_locale_changed 7e54c9d2 f   libucrt:wsetlocale.obj
 0001:0000b9dd       ___acrt_uninitialize_locale 7e54c9dd f   libucrt:wsetlocale.obj
 0001:0000ba04       ___lc_lctowcs              7e54ca04 f   libucrt:wsetlocale.obj
 0001:0000ba74       ___lc_wcstolc              7e54ca74 f   libucrt:wsetlocale.obj
 0001:0000bfa6       __wcscats                  7e54cfa6 f   libucrt:wsetlocale.obj
 0001:0000bfe7       __wsetlocale               7e54cfe7 f   libucrt:wsetlocale.obj
 0001:0000ccdc       __free_base                7e54dcdc f   libucrt:free_base.obj
 0001:0000cd16       _wcscpy_s                  7e54dd16 f   libucrt:wcscpy_s.obj
 0001:0000cd7a       __wcsnicoll                7e54dd7a f   libucrt:wcsnicol.obj
 0001:0000cde7       __wcsnicoll_l              7e54dde7 f   libucrt:wcsnicol.obj
 0001:0000d1d1       ___acrt_AppPolicyGetProcessTerminationMethodInternal@4 7e54e1d1 f   libucrt:winapi_thunks.obj
 0001:0000d211       ___acrt_AreFileApisANSI@0  7e54e211 f   libucrt:winapi_thunks.obj
 0001:0000d230       ___acrt_CompareStringEx@36 7e54e230 f   libucrt:winapi_thunks.obj
 0001:0000d28d       ___acrt_EnumSystemLocalesEx@16 7e54e28d f   libucrt:winapi_thunks.obj
 0001:0000d2e1       ___acrt_FlsAlloc@4         7e54e2e1 f   libucrt:winapi_thunks.obj
 0001:0000d320       ___acrt_FlsFree@4          7e54e320 f   libucrt:winapi_thunks.obj
 0001:0000d35f       ___acrt_FlsGetValue@4      7e54e35f f   libucrt:winapi_thunks.obj
 0001:0000d39e       ___acrt_FlsSetValue@8      7e54e39e f   libucrt:winapi_thunks.obj
 0001:0000d3e0       ___acrt_GetLocaleInfoEx@16 7e54e3e0 f   libucrt:winapi_thunks.obj
 0001:0000d41f       ___acrt_GetUserDefaultLocaleName@8 7e54e41f f   libucrt:winapi_thunks.obj
 0001:0000d45b       ___acrt_InitializeCriticalSectionEx@12 7e54e45b f   libucrt:winapi_thunks.obj
 0001:0000d4a6       ___acrt_IsValidLocaleName@4 7e54e4a6 f   libucrt:winapi_thunks.obj
 0001:0000d4de       ___acrt_LCIDToLocaleName@16 7e54e4de f   libucrt:winapi_thunks.obj
 0001:0000d51d       ___acrt_LCMapStringEx@36   7e54e51d f   libucrt:winapi_thunks.obj
 0001:0000d57a       ___acrt_LocaleNameToLCID@8 7e54e57a f   libucrt:winapi_thunks.obj
 0001:0000d5ab       ___acrt_can_use_vista_locale_apis 7e54e5ab f   libucrt:winapi_thunks.obj
 0001:0000d5b6       ___acrt_eagerly_load_locale_apis 7e54e5b6 f   libucrt:winapi_thunks.obj
 0001:0000d5ed       ___acrt_initialize_winapi_thunks 7e54e5ed f   libucrt:winapi_thunks.obj
 0001:0000d601       ___acrt_uninitialize_winapi_thunks 7e54e601 f   libucrt:winapi_thunks.obj
 0001:0000d637       __malloc_base              7e54e637 f   libucrt:malloc_base.obj
 0001:0000d685       __calloc_base              7e54e685 f   libucrt:calloc_base.obj
 0001:0000d985       _mbstowcs_s                7e54e985 f   libucrt:mbstowcs.obj
 0001:0000dd3e       __wcstombs_s_l             7e54ed3e f   libucrt:wcstombs.obj
 0001:0000dd7c       ___acrt_update_locale_info 7e54ed7c f   libucrt:locale_update.obj
 0001:0000dda9       ___acrt_update_locale_info_explicit 7e54eda9 f   libucrt:locale_update.obj
 0001:0000ddda       ___acrt_update_multibyte_info 7e54edda f   libucrt:locale_update.obj
 0001:0000de07       ___acrt_update_multibyte_info_explicit 7e54ee07 f   libucrt:locale_update.obj
 0001:0000df17       ___acrt_GetLocaleInfoA     7e54ef17 f   libucrt:getlocaleinfoa.obj
 0001:0000e0c7       ___acrt_GetStringTypeA     7e54f0c7 f   libucrt:getstringtypea.obj
 0001:0000e3b7       ___acrt_LCMapStringA       7e54f3b7 f   libucrt:lcmapstringa.obj
 0001:0000e400       __errcode                  7e54f400 f   libucrt:fpexcept.obj
 0001:0000e434       __except1                  7e54f434 f   libucrt:fpexcept.obj
 0001:0000e502       __handle_exc               7e54f502 f   libucrt:fpexcept.obj
 0001:0000e782       __raise_exc                7e54f782 f   libucrt:fpexcept.obj
 0001:0000e7a5       __raise_exc_ex             7e54f7a5 f   libucrt:fpexcept.obj
 0001:0000ea96       __set_errno_from_matherr   7e54fa96 f   libucrt:fpexcept.obj
 0001:0000eac7       __umatherr                 7e54fac7 f   libucrt:fpexcept.obj
 0001:0000eb67       __decomp                   7e54fb67 f   libucrt:util.obj
 0001:0000ec39       __set_exp                  7e54fc39 f   libucrt:util.obj
 0001:0000ec66       __sptype                   7e54fc66 f   libucrt:util.obj
 0001:0000ecc9       __clrfp                    7e54fcc9 f   libucrt:fpctrl.obj
 0001:0000ecda       __ctrlfp                   7e54fcda f   libucrt:fpctrl.obj
 0001:0000ed04       __set_statfp               7e54fd04 f   libucrt:fpctrl.obj
 0001:0000ed5d       __statfp                   7e54fd5d f   libucrt:fpctrl.obj
 0001:0000ed6d       __realloc_base             7e54fd6d f   libucrt:realloc_base.obj
 0001:0000edd6       _iswctype                  7e54fdd6 f   libucrt:iswctype.obj
 0001:0000ee3f       _fegetround                7e54fe3f f   libucrt:fegetround.obj
 0001:0000ee4c       __mbtowc_internal          7e54fe4c f   libucrt:mbtowc.obj
 0001:0000ef7f       __fileno                   7e54ff7f f   libucrt:fileno.obj
 0001:0000efa6       ___acrt_initialize_stdio   7e54ffa6 f   libucrt:_file.obj
 0001:0000f06e       ___acrt_uninitialize_stdio 7e55006e f   libucrt:_file.obj
 0001:0000f0ba       __lock_file                7e5500ba f   libucrt:_file.obj
 0001:0000f0ce       __unlock_file              7e5500ce f   libucrt:_file.obj
 0001:0000f248       ___acrt_initialize_lowio   7e550248 f   libucrt:ioinit.obj
 0001:0000f2a8       ___acrt_uninitialize_lowio 7e5502a8 f   libucrt:ioinit.obj
 0001:0000f3a6       ___acrt_get_sigabrt_handler 7e5503a6 f   libucrt:signal.obj
 0001:0000f3cd       ___acrt_initialize_signal_handlers 7e5503cd f   libucrt:signal.obj
 0001:0000f3eb       _raise                     7e5503eb f   libucrt:signal.obj
 0001:0000f675       ___acrt_MultiByteToWideChar 7e550675 f   libucrt:multibytetowidechar.obj
 0001:0000f72f       ___acrt_WideCharToMultiByte 7e55072f f   libucrt:widechartomultibyte.obj
 0001:0000f79b       ___ascii_wcsicmp           7e55079b f   libucrt:wcsicmp.obj
 0001:0000f7d8       __towlower_internal        7e5507d8 f i libucrt:wcsicmp.obj
 0001:0000f817       __wcsicmp                  7e550817 f   libucrt:wcsicmp.obj
 0001:0000f860       __wcsicmp_l                7e550860 f   libucrt:wcsicmp.obj
 0001:0000f918       ___acrt_initialize_timeset 7e550918 f   libucrt:timeset.obj
 0001:0000f94d       ?__acrt_get_utf8_acp_compatibility_codepage@@YAIXZ 7e55094d f i libucrt:tzset.obj
 0001:0000f98c       ___acrt_app_verifier_enabled 7e55098c f   libucrt:peb_access.obj
 0001:0000f99e       ___acrt_is_secure_process  7e55099e f   libucrt:peb_access.obj
 0001:0000f9b1       ___acrt_get_process_end_policy 7e5509b1 f   libucrt:win_policies.obj
 0001:0000f9f0       ??$__acrt_convert_wcs_mbs_cp@_WDV<lambda_28bda7af82a03b66c1cb3803a755f95d>@@U__crt_win32_buffer_internal_dynamic_resizing@@@@YAHQB_WAAV?$__crt_win32_buffer@DU__crt_win32_buffer_internal_dynamic_resizing@@@@ABV<lambda_28bda7af82a03b66c1cb3803a755f95d>@@I@Z 7e5509f0 f i libucrt:argv_wildcards.obj
 0001:0000ff8e       ?allocate@?$__crt_win32_buffer@DU__crt_win32_buffer_internal_dynamic_resizing@@@@QAEHI@Z 7e550f8e f i libucrt:argv_wildcards.obj
 0001:00010051       ___acrt_expand_narrow_argv_wildcards 7e551051 f   libucrt:argv_wildcards.obj
 0001:0001005c       ___acrt_GetModuleFileNameA 7e55105c f   libucrt:getmodulefilenamea.obj
 0001:00010679       ___acrt_initialize_multibyte 7e551679 f   libucrt:mbctype.obj
 0001:000106c1       ___acrt_update_thread_multibyte_data 7e5516c1 f   libucrt:mbctype.obj
 0001:000106d4       __setmbcp_nolock           7e5516d4 f   libucrt:mbctype.obj
 0001:000109aa       __ismbblead                7e5519aa f   libucrt:ismbbyte.obj
 0001:000109c2       ___acrt_initialize_command_line 7e5519c2 f   libucrt:argv_data.obj
 0001:00010a12       ___dcrt_get_narrow_environment_from_os 7e551a12 f   libucrt:get_environment_from_os.obj
 0001:00010ab2       ___dcrt_get_wide_environment_from_os 7e551ab2 f   libucrt:get_environment_from_os.obj
 0001:00010ebb       ___dcrt_set_variable_in_wide_environment_nolock 7e551ebb f   libucrt:setenv.obj
 0001:00010ec6       __recalloc_base            7e551ec6 f   libucrt:recalloc.obj
 0001:00010f33       ___acrt_initialize_heap    7e551f33 f   libucrt:heap_handle.obj
 0001:00010f44       ___acrt_uninitialize_heap  7e551f44 f   libucrt:heap_handle.obj
 0001:00010f4e       ___acrt_execute_initializers 7e551f4e f   libucrt:shared_initialization.obj
 0001:00010fb6       ___acrt_execute_uninitializers 7e551fb6 f   libucrt:shared_initialization.obj
 0001:00010fe7       ___acrt_has_user_matherr   7e551fe7 f   libucrt:matherr.obj
 0001:00011004       ___acrt_initialize_user_matherr 7e552004 f   libucrt:matherr.obj
 0001:00011013       ___acrt_invoke_user_matherr 7e552013 f   libucrt:matherr.obj
 0001:00011222       ___acrt_stdio_flush_nolock 7e552222 f   libucrt:fflush.obj
 0001:0001128b       __fflush_nolock            7e55228b f   libucrt:fflush.obj
 0001:000112f0       __flushall                 7e5522f0 f   libucrt:fflush.obj
 0001:000112f9       ___acrt_add_locale_ref     7e5522f9 f   libucrt:locale_refcounting.obj
 0001:00011376       ___acrt_free_locale        7e552376 f   libucrt:locale_refcounting.obj
 0001:000114be       ___acrt_locale_add_lc_time_reference 7e5524be f   libucrt:locale_refcounting.obj
 0001:000114e7       ___acrt_locale_free_lc_time_if_unreferenced 7e5524e7 f   libucrt:locale_refcounting.obj
 0001:00011518       ___acrt_locale_release_lc_time_reference 7e552518 f   libucrt:locale_refcounting.obj
 0001:00011541       ___acrt_release_locale_ref 7e552541 f   libucrt:locale_refcounting.obj
 0001:000115c2       ___acrt_update_thread_locale_data 7e5525c2 f   libucrt:locale_refcounting.obj
 0001:00011643       __updatetlocinfoEx_nolock  7e552643 f   libucrt:locale_refcounting.obj
 0001:00011693       ___acrt_locale_free_monetary 7e552693 f   libucrt:initmon.obj
 0001:00011791       ___acrt_locale_initialize_monetary 7e552791 f   libucrt:initmon.obj
 0001:00011af2       ___acrt_locale_free_numeric 7e552af2 f   libucrt:initnum.obj
 0001:00011b5b       ___acrt_locale_initialize_numeric 7e552b5b f   libucrt:initnum.obj
 0001:00012019       ___acrt_locale_free_time   7e553019 f   libucrt:inittime.obj
 0001:000120fd       ___acrt_locale_initialize_time 7e5530fd f   libucrt:inittime.obj
 0001:00012178       _wcscat_s                  7e553178 f   libucrt:wcscat_s.obj
 0001:000122cf       _wcsncat_s                 7e5532cf f   libucrt:wcsncat_s.obj
 0001:000123a8       _wcsncpy_s                 7e5533a8 f   libucrt:wcsncpy_s.obj
 0001:000123b3       _wcscspn                   7e5533b3 f   libucrt:wcscspn.obj
 0001:0001240c       _wcspbrk                   7e55340c f   libucrt:wcspbrk.obj
 0001:00012b51       ___acrt_get_qualified_locale 7e553b51 f   libucrt:get_qualified_locale.obj
 0001:000134c6       ___acrt_get_qualified_locale_downlevel 7e5544c6 f   libucrt:getqloc_downlevel.obj
 0001:000136b6       ___acrt_CompareStringW     7e5546b6 f   libucrt:comparestringw.obj
 0001:0001371b       ___ascii_wcsnicmp          7e55471b f   libucrt:wcsnicmp.obj
 0001:0001376a       __wcsnicmp                 7e55476a f   libucrt:wcsnicmp.obj
 0001:000137b6       __wcsnicmp_l               7e5547b6 f   libucrt:wcsnicmp.obj
 0001:000138d9       ___acrt_DownlevelLCIDToLocaleName 7e5548d9 f   libucrt:lcidtoname_downlevel.obj
 0001:0001397c       ___acrt_DownlevelLocaleNameToLCID 7e55497c f   libucrt:lcidtoname_downlevel.obj
 0001:000139a8       __query_new_mode           7e5549a8 f   libucrt:new_mode.obj
 0001:000139db       ?__mbrtowc_utf8@__crt_mbstring@@YAIPA_WPBDIPAU_Mbstatet@@AAV__crt_cached_ptd_host@@@Z 7e5549db f   libucrt:mbrtowc.obj
 0001:00013a1e       ?__mbsrtowcs_utf8@__crt_mbstring@@YAIPA_WPAPBDIPAU_Mbstatet@@AAV__crt_cached_ptd_host@@@Z 7e554a1e f   libucrt:mbrtowc.obj
 0001:00013b26       ?__wcsrtombs_utf8@__crt_mbstring@@YAIPADPAPB_WIPAU_Mbstatet@@AAV__crt_cached_ptd_host@@@Z 7e554b26 f   libucrt:wcrtomb.obj
 0001:00013cec       _strncpy_s                 7e554cec f   libucrt:strncpy_s.obj
 0001:00013cf7       ___acrt_GetStringTypeW     7e554cf7 f   libucrt:getstringtypew.obj
 0001:00013e6d       ___acrt_fenv_get_common_round_control 7e554e6d f   libucrt:_fenvutils.obj
 0001:00013e8f       ___acrt_fenv_get_control   7e554e8f f   libucrt:_fenvutils.obj
 0001:00013f0f       ?__c32rtomb_utf8@__crt_mbstring@@YAIPAD_UPAU_Mbstatet@@AAV__crt_cached_ptd_host@@@Z 7e554f0f f   libucrt:c32rtomb.obj
 0001:00013fbf       __fcloseall                7e554fbf f   libucrt:closeall.obj
 0001:0001406a       ___acrt_stdio_free_buffer_nolock 7e55506a f   libucrt:_freebuf.obj
 0001:000140aa       __isatty                   7e5550aa f   libucrt:isatty.obj
 0001:00014100       ___acrt_lowio_create_handle_array 7e555100 f   libucrt:osfinfo.obj
 0001:0001417b       ___acrt_lowio_destroy_handle_array 7e55517b f   libucrt:osfinfo.obj
 0001:000141b0       ___acrt_lowio_ensure_fh_exists 7e5551b0 f   libucrt:osfinfo.obj
 0001:0001424e       ___acrt_lowio_lock_fh      7e55524e f   libucrt:osfinfo.obj
 0001:00014271       ___acrt_lowio_unlock_fh    7e555271 f   libucrt:osfinfo.obj
 0001:00014294       __free_osfhnd              7e555294 f   libucrt:osfinfo.obj
 0001:00014325       __get_osfhandle            7e555325 f   libucrt:osfinfo.obj
 0001:0001438f       __towlower_l               7e55538f f   libucrt:towlower.obj
 0001:00014470       _qsort                     7e555470 f   libucrt:qsort.obj
 0001:00014960       _strpbrk                   7e555960 f   libucrt:strpbrk.obj
 0001:000149a0       __mbsdec                   7e5559a0 f   libucrt:mbsdec.obj
 0001:000149b7       __mbsdec_l                 7e5559b7 f   libucrt:mbsdec.obj
 0001:00014a53       __msize_base               7e555a53 f   libucrt:msize.obj
 0001:00014b28       __commit                   7e555b28 f   libucrt:commit.obj
 0001:00015347       __write_internal           7e556347 f   libucrt:write.obj
 0001:00015458       __write_nolock             7e556458 f   libucrt:write.obj
 0001:000157a2       __itow_s                   7e5567a2 f   libucrt:xtoa.obj
 0001:000157e0       ___ascii_strnicmp          7e5567e0 f   libucrt:_strnicm.obj
 0001:00015841       ?__mbrtoc32_utf8@__crt_mbstring@@YAIPA_UPBDIPAU_Mbstatet@@AAV__crt_cached_ptd_host@@@Z 7e556841 f   libucrt:mbrtoc32.obj
 0001:000159f2       ?__c16rtomb_utf8@__crt_mbstring@@YAIPAD_SPAU_Mbstatet@@AAV__crt_cached_ptd_host@@@Z 7e5569f2 f   libucrt:c16rtomb.obj
 0001:00015aa0       __CIlog10                  7e556aa0 f   libucrt:log10_impl.obj
 0001:00015adb       __CIlog10_default          7e556adb f   libucrt:log10_impl.obj
 0001:00015aef       __log10_default            7e556aef     libucrt:log10_impl.obj
 0001:00015bb0       _ceil                      7e556bb0 f   libucrt:ceil_pentium4.obj
 0001:00015bf0       __ceil_pentium4            7e556bf0 f   libucrt:ceil_pentium4.obj
 0001:00015ccd       ?reset_and_return@__crt_mbstring@@YAIIPAU_Mbstatet@@@Z 7e556ccd f   libucrt:common_utf8.obj
 0001:00015ce1       ?return_illegal_sequence@__crt_mbstring@@YAIPAU_Mbstatet@@AAV__crt_cached_ptd_host@@@Z 7e556ce1 f   libucrt:common_utf8.obj
 0001:00015e28       _fclose                    7e556e28 f   libucrt:fclose.obj
 0001:00015edb       __lseeki64_nolock_internal 7e556edb f   libucrt:lseek.obj
 0001:00015ef9       __query_app_type           7e556ef9 f   libucrt:report_runtime_error.obj
 0001:00015eff       ___acrt_LCMapStringW       7e556eff f   libucrt:lcmapstringw.obj
 0001:00015f3d       __putwch_nolock            7e556f3d f   libucrt:putwch.obj
 0001:00015f6f       ___acrt_initialize_sse2    7e556f6f f   libucrt:mathfcns.obj
 0001:00015f80       __CIlog10_pentium4         7e556f80 f   libucrt:log10_pentium4.obj
 0001:00015f98       __log10_pentium4           7e556f98     libucrt:log10_pentium4.obj
 0001:00016230       __fFEXP                    7e557230 f   libucrt:87tran.obj
 0001:00016287       __rtinfpopse               7e557287     libucrt:87tran.obj
 0001:00016289       __rtinfnpopse              7e557289     libucrt:87tran.obj
 0001:00016299       __fFLN                     7e557299     libucrt:87tran.obj
 0001:0001634e       __rtinfpop                 7e55734e     libucrt:87tran.obj
 0001:00016350       __rtinfnpop                7e557350     libucrt:87tran.obj
 0001:00016360       __rtforexpinf              7e557360 f   libucrt:87tran.obj
 0001:0001636d       __ffexpm1                  7e55736d     libucrt:87tran.obj
 0001:00016420       __trandisp1                7e557420 f   libucrt:87disp.obj
 0001:00016495       __trandisp2                7e557495 f   libucrt:87disp.obj
 0001:0001652f       __rttospopde               7e55752f     libucrt:87disp.obj
 0001:00016534       __rttospop                 7e557534     libucrt:87disp.obj
 0001:00016540       __rtnospop                 7e557540 f   libucrt:87disp.obj
 0001:00016550       __rttosnpop                7e557550 f   libucrt:87disp.obj
 0001:00016551       __rtnospopde               7e557551     libucrt:87disp.obj
 0001:00016558       __rtzeropop                7e557558     libucrt:87disp.obj
 0001:0001655a       __rtzeronpop               7e55755a     libucrt:87disp.obj
 0001:00016560       __rtzerospop               7e557560 f   libucrt:87disp.obj
 0001:0001656d       __rtonepop                 7e55756d     libucrt:87disp.obj
 0001:00016570       __rtonenpop                7e557570 f   libucrt:87disp.obj
 0001:00016580       __tosnan1                  7e557580 f   libucrt:87disp.obj
 0001:000165b0       __nosnan2                  7e5575b0 f   libucrt:87disp.obj
 0001:000165c0       __tosnan2                  7e5575c0 f   libucrt:87disp.obj
 0001:000165f0       __nan2                     7e5575f0 f   libucrt:87disp.obj
 0001:00016630       __rtindfpop                7e557630 f   libucrt:87disp.obj
 0001:00016632       __rtindfnpop               7e557632     libucrt:87disp.obj
 0001:00016643       __rttosnpopde              7e557643     libucrt:87disp.obj
 0001:00016650       __rtatan2inf               7e557650 f   libucrt:87disp.obj
 0001:0001666d       __rtchsifneg               7e55766d     libucrt:87disp.obj
 0001:00016680       __twoToTOS                 7e557680 f   libucrt:common.obj
 0001:00016695       __load_CW                  7e557695 f   libucrt:common.obj
 0001:000166ac       __convertTOStoQNaN         7e5576ac f   libucrt:common.obj
 0001:000166c5       __fload_withFB             7e5576c5 f   libucrt:common.obj
 0001:00016708       __checkTOS_withFB          7e557708 f   libucrt:common.obj
 0001:0001671e       __fast_exit                7e55771e f   libucrt:common.obj
 0001:0001672b       __math_exit                7e55772b f   libucrt:common.obj
 0001:00016755       __check_overflow_exit      7e557755 f   libucrt:common.obj
 0001:00016769       __check_range_exit         7e557769 f   libucrt:common.obj
 0001:00016810       __startTwoArgErrorHandling 7e557810 f   libucrt:genexcep.obj
 0001:00016827       __startOneArgErrorHandling 7e557827 f   libucrt:genexcep.obj
 0001:00016863       ___libm_error_support      7e557863 f   libucrt:libm_error.obj
 0001:00016a57       __ceil_default             7e557a57 f   libucrt:ceil.obj
 0001:00016ba6       __close_internal           7e557ba6 f   libucrt:close.obj
 0001:00016c49       __close_nolock_internal    7e557c49 f   libucrt:close.obj
 0001:00016ce9       ?__acrt_stdio_free_stream@@YAXV__crt_stdio_stream@@@Z 7e557ce9 f   libucrt:stream.obj
 0001:00016d43       ___dcrt_lowio_ensure_console_output_initialized 7e557d43 f   libucrt:initcon.obj
 0001:00016d62       ___dcrt_terminate_console_output 7e557d62 f   libucrt:initcon.obj
 0001:00016d79       ___dcrt_write_console      7e557d79 f   libucrt:initcon.obj
 0001:00016dce       __d_inttype                7e557dce f   libucrt:powhlp.obj
 0001:00016e36       __powhlp                   7e557e36 f   libucrt:powhlp.obj
 0001:00016f61       __87except                 7e557f61 f   libucrt:87except.obj
 0001:00017071       __frnd                     7e558071 f   libucrt:frnd.obj
 0001:00017085       __fpclass                  7e558085 f   libucrt:ieeemisc.obj
 0001:00017129       @_guard_check_icall@4      7e558129 f i LIBCMT:checkcfg.obj
 0001:00017130       __FindPESection            7e558130 f   LIBCMT:pesect.obj
 0001:00017180       __IsNonwritableInCurrentImage 7e558180 f   LIBCMT:pesect.obj
 0001:00017240       __ValidateImageBase        7e558240 f   LIBCMT:pesect.obj
 0001:00017280       _wcschr                    7e558280 f   libvcruntime:wcschr.obj
 0001:0001732f       __filter_x86_sse2_floating_point_exception 7e55832f f   LIBCMT:x86_exception_filter.obj
 0001:0001732f       __filter_x86_sse2_floating_point_exception_default 7e55832f f   LIBCMT:x86_exception_filter.obj
 0002:00000000       __imp__GetEnvironmentStringsW@0 7e559000     kernel32:KERNEL32.dll
 0002:00000004       __imp__CreateFileW@28      7e559004     kernel32:KERNEL32.dll
 0002:00000008       __imp__SetFilePointer@16   7e559008     kernel32:KERNEL32.dll
 0002:0000000c       __imp__WriteFile@20        7e55900c     kernel32:KERNEL32.dll
 0002:00000010       __imp__CloseHandle@4       7e559010     kernel32:KERNEL32.dll
 0002:00000014       __imp__ResumeThread@4      7e559014     kernel32:KERNEL32.dll
 0002:00000018       __imp__CreateProcessW@40   7e559018     kernel32:KERNEL32.dll
 0002:0000001c       __imp__GetThreadContext@8  7e55901c     kernel32:KERNEL32.dll
 0002:00000020       __imp__VirtualProtectEx@20 7e559020     kernel32:KERNEL32.dll
 0002:00000024       __imp__ReadProcessMemory@20 7e559024     kernel32:KERNEL32.dll
 0002:00000028       __imp__WriteProcessMemory@20 7e559028     kernel32:KERNEL32.dll
 0002:0000002c       __imp__GetConsoleMode@8    7e55902c     kernel32:KERNEL32.dll
 0002:00000030       __imp__WideCharToMultiByte@32 7e559030     kernel32:KERNEL32.dll
 0002:00000034       __imp__MultiByteToWideChar@24 7e559034     kernel32:KERNEL32.dll
 0002:00000038       __imp__GetStringTypeW@16   7e559038     kernel32:KERNEL32.dll
 0002:0000003c       __imp__EnterCriticalSection@4 7e55903c     kernel32:KERNEL32.dll
 0002:00000040       __imp__LeaveCriticalSection@4 7e559040     kernel32:KERNEL32.dll
 0002:00000044       __imp__InitializeCriticalSectionEx@12 7e559044     kernel32:KERNEL32.dll
 0002:00000048       __imp__DeleteCriticalSection@4 7e559048     kernel32:KERNEL32.dll
 0002:0000004c       __imp__EncodePointer@4     7e55904c     kernel32:KERNEL32.dll
 0002:00000050       __imp__DecodePointer@4     7e559050     kernel32:KERNEL32.dll
 0002:00000054       __imp__LCMapStringEx@36    7e559054     kernel32:KERNEL32.dll
 0002:00000058       __imp__GetCPInfo@8         7e559058     kernel32:KERNEL32.dll
 0002:0000005c       __imp__IsProcessorFeaturePresent@4 7e55905c     kernel32:KERNEL32.dll
 0002:00000060       __imp__QueryPerformanceCounter@4 7e559060     kernel32:KERNEL32.dll
 0002:00000064       __imp__GetCurrentProcessId@0 7e559064     kernel32:KERNEL32.dll
 0002:00000068       __imp__GetCurrentThreadId@0 7e559068     kernel32:KERNEL32.dll
 0002:0000006c       __imp__GetSystemTimeAsFileTime@4 7e55906c     kernel32:KERNEL32.dll
 0002:00000070       __imp__InitializeSListHead@4 7e559070     kernel32:KERNEL32.dll
 0002:00000074       __imp__IsDebuggerPresent@0 7e559074     kernel32:KERNEL32.dll
 0002:00000078       __imp__UnhandledExceptionFilter@4 7e559078     kernel32:KERNEL32.dll
 0002:0000007c       __imp__SetUnhandledExceptionFilter@4 7e55907c     kernel32:KERNEL32.dll
 0002:00000080       __imp__GetStartupInfoW@4   7e559080     kernel32:KERNEL32.dll
 0002:00000084       __imp__GetModuleHandleW@4  7e559084     kernel32:KERNEL32.dll
 0002:00000088       __imp__GetCurrentProcess@0 7e559088     kernel32:KERNEL32.dll
 0002:0000008c       __imp__TerminateProcess@8  7e55908c     kernel32:KERNEL32.dll
 0002:00000090       __imp__RaiseException@16   7e559090     kernel32:KERNEL32.dll
 0002:00000094       __imp__RtlUnwind@16        7e559094     kernel32:KERNEL32.dll
 0002:00000098       __imp__InterlockedFlushSList@4 7e559098     kernel32:KERNEL32.dll
 0002:0000009c       __imp__GetLastError@0      7e55909c     kernel32:KERNEL32.dll
 0002:000000a0       __imp__SetLastError@4      7e5590a0     kernel32:KERNEL32.dll
 0002:000000a4       __imp__InitializeCriticalSectionAndSpinCount@8 7e5590a4     kernel32:KERNEL32.dll
 0002:000000a8       __imp__TlsAlloc@0          7e5590a8     kernel32:KERNEL32.dll
 0002:000000ac       __imp__TlsGetValue@4       7e5590ac     kernel32:KERNEL32.dll
 0002:000000b0       __imp__TlsSetValue@8       7e5590b0     kernel32:KERNEL32.dll
 0002:000000b4       __imp__TlsFree@4           7e5590b4     kernel32:KERNEL32.dll
 0002:000000b8       __imp__FreeLibrary@4       7e5590b8     kernel32:KERNEL32.dll
 0002:000000bc       __imp__GetProcAddress@8    7e5590bc     kernel32:KERNEL32.dll
 0002:000000c0       __imp__LoadLibraryExW@12   7e5590c0     kernel32:KERNEL32.dll
 0002:000000c4       __imp__ExitProcess@4       7e5590c4     kernel32:KERNEL32.dll
 0002:000000c8       __imp__GetModuleHandleExW@12 7e5590c8     kernel32:KERNEL32.dll
 0002:000000cc       __imp__GetModuleFileNameW@12 7e5590cc     kernel32:KERNEL32.dll
 0002:000000d0       __imp__HeapFree@12         7e5590d0     kernel32:KERNEL32.dll
 0002:000000d4       __imp__CompareStringW@24   7e5590d4     kernel32:KERNEL32.dll
 0002:000000d8       __imp__LCMapStringW@24     7e5590d8     kernel32:KERNEL32.dll
 0002:000000dc       __imp__GetLocaleInfoW@16   7e5590dc     kernel32:KERNEL32.dll
 0002:000000e0       __imp__IsValidLocale@8     7e5590e0     kernel32:KERNEL32.dll
 0002:000000e4       __imp__GetUserDefaultLCID@0 7e5590e4     kernel32:KERNEL32.dll
 0002:000000e8       __imp__EnumSystemLocalesW@8 7e5590e8     kernel32:KERNEL32.dll
 0002:000000ec       __imp__HeapAlloc@12        7e5590ec     kernel32:KERNEL32.dll
 0002:000000f0       __imp__HeapReAlloc@16      7e5590f0     kernel32:KERNEL32.dll
 0002:000000f4       __imp__GetStdHandle@4      7e5590f4     kernel32:KERNEL32.dll
 0002:000000f8       __imp__GetFileType@4       7e5590f8     kernel32:KERNEL32.dll
 0002:000000fc       __imp__FindClose@4         7e5590fc     kernel32:KERNEL32.dll
 0002:00000100       __imp__FindFirstFileExW@24 7e559100     kernel32:KERNEL32.dll
 0002:00000104       __imp__FindNextFileW@8     7e559104     kernel32:KERNEL32.dll
 0002:00000108       __imp__IsValidCodePage@4   7e559108     kernel32:KERNEL32.dll
 0002:0000010c       __imp__GetACP@0            7e55910c     kernel32:KERNEL32.dll
 0002:00000110       __imp__GetOEMCP@0          7e559110     kernel32:KERNEL32.dll
 0002:00000114       __imp__GetCommandLineA@0   7e559114     kernel32:KERNEL32.dll
 0002:00000118       __imp__GetCommandLineW@0   7e559118     kernel32:KERNEL32.dll
 0002:0000011c       __imp__FreeEnvironmentStringsW@4 7e55911c     kernel32:KERNEL32.dll
 0002:00000120       __imp__SetEnvironmentVariableW@8 7e559120     kernel32:KERNEL32.dll
 0002:00000124       __imp__GetProcessHeap@0    7e559124     kernel32:KERNEL32.dll
 0002:00000128       __imp__SetFilePointerEx@20 7e559128     kernel32:KERNEL32.dll
 0002:0000012c       __imp__SetStdHandle@8      7e55912c     kernel32:KERNEL32.dll
 0002:00000130       __imp__HeapSize@12         7e559130     kernel32:KERNEL32.dll
 0002:00000134       __imp__FlushFileBuffers@4  7e559134     kernel32:KERNEL32.dll
 0002:00000138       __imp__GetConsoleOutputCP@0 7e559138     kernel32:KERNEL32.dll
 0002:0000013c       __imp__WriteConsoleW@20    7e55913c     kernel32:KERNEL32.dll
 0002:00000140       \177KERNEL32_NULL_THUNK_DATA 7e559140     kernel32:KERNEL32.dll
 0002:00000144       __imp__wvsprintfA@12       7e559144     user32:USER32.dll
 0002:00000148       __imp__MessageBoxA@16      7e559148     user32:USER32.dll
 0002:0000014c       \177USER32_NULL_THUNK_DATA 7e55914c     user32:USER32.dll
[...]
 0002:0000835c       __catchsym$??$?6_WU?$char_traits@_W@std@@@std@@YAAAV?$basic_ostream@_WU?$char_traits@_W@std@@@0@AAV10@PB_W@Z$3 7e56135c     w3l.obj
 0002:0000836c       __tryblocktable$??$?6_WU?$char_traits@_W@std@@@std@@YAAAV?$basic_ostream@_WU?$char_traits@_W@std@@@0@AAV10@PB_W@Z 7e56136c     w3l.obj
 0002:00008380       __unwindtable$??$?6_WU?$char_traits@_W@std@@@std@@YAAAV?$basic_ostream@_WU?$char_traits@_W@std@@@0@AAV10@PB_W@Z 7e561380     w3l.obj
 0002:00008398       __ehfuncinfo$??$?6_WU?$char_traits@_W@std@@@std@@YAAAV?$basic_ostream@_WU?$char_traits@_W@std@@@0@AAV10@PB_W@Z 7e561398     w3l.obj
 0002:000083bc       __catchsym$??$?6_WU?$char_traits@_W@std@@@std@@YAAAV?$basic_ostream@_WU?$char_traits@_W@std@@@0@AAV10@PBD@Z$5 7e5613bc     w3l.obj
 0002:000083cc       __tryblocktable$??$?6_WU?$char_traits@_W@std@@@std@@YAAAV?$basic_ostream@_WU?$char_traits@_W@std@@@0@AAV10@PBD@Z 7e5613cc     w3l.obj
 0002:000083e0       __unwindtable$??$?6_WU?$char_traits@_W@std@@@std@@YAAAV?$basic_ostream@_WU?$char_traits@_W@std@@@0@AAV10@PBD@Z 7e5613e0     w3l.obj
 0002:00008400       __ehfuncinfo$??$?6_WU?$char_traits@_W@std@@@std@@YAAAV?$basic_ostream@_WU?$char_traits@_W@std@@@0@AAV10@PBD@Z 7e561400     w3l.obj
 0002:00008424       __unwindtable$??$use_facet@V?$ctype@_W@std@@@std@@YAABV?$ctype@_W@0@ABVlocale@0@@Z 7e561424     w3l.obj
 0002:00008434       __ehfuncinfo$??$use_facet@V?$ctype@_W@std@@@std@@YAABV?$ctype@_W@0@ABVlocale@0@@Z 7e561434     w3l.obj
 0002:00008458       __unwindtable$??0sentry@?$basic_ostream@_WU?$char_traits@_W@std@@@std@@QAE@AAV12@@Z 7e561458     w3l.obj
 0002:00008460       __ehfuncinfo$??0sentry@?$basic_ostream@_WU?$char_traits@_W@std@@@std@@QAE@AAV12@@Z 7e561460     w3l.obj
 0002:00008658       __unwindtable$?_Init@locale@std@@CAPAV_Locimp@12@_N@Z 7e561658     libcpmt:locale0.obj
 0002:00008660       __ehfuncinfo$?_Init@locale@std@@CAPAV_Locimp@12@_N@Z 7e561660     libcpmt:locale0.obj
 0002:00008688       __sehtable$?dllmain_crt_process_attach@@YAHQAUHINSTANCE__@@QAX@Z 7e561688     LIBCMT:dll_dllmain.obj
 0002:000086a8       __sehtable$?dllmain_crt_process_detach@@YAH_N@Z 7e5616a8     LIBCMT:dll_dllmain.obj
 0002:000086d0       __sehtable$?dllmain_dispatch@@YAHQAUHINSTANCE__@@KQAX@Z 7e5616d0     LIBCMT:dll_dllmain.obj
 0002:000086f0       __sehtable$___scrt_is_nonwritable_in_current_image 7e5616f0     LIBCMT:utility.obj
 0002:00008710       __sehtable$___DestructExceptionObject 7e561710     libvcruntime:ehhelpers.obj
 0002:00008730       __sehtable$?FrameUnwindToState@__FrameHandler3@@SAXPAUEHRegistrationNode@@PAXPBU_s_FuncInfo@@H@Z 7e561730     libvcruntime:frame.obj
 0002:00008758       __sehtable$?CallCatchBlock@@YAPAXPAUEHExceptionRecord@@PAUEHRegistrationNode@@PAU_CONTEXT@@PBU_s_FuncInfo@@PAXHK@Z 7e561758     libvcruntime:frame.obj
 0002:00008780       __catchsym$?CallUnexpected@@YAXPBU_s_ESTypeList@@@Z$2 7e561780     libvcruntime:frame.obj
 0002:00008790       __unwindtable$?CallUnexpected@@YAXPBU_s_ESTypeList@@@Z 7e561790     libvcruntime:frame.obj
 0002:000087a0       __tryblocktable$?CallUnexpected@@YAXPBU_s_ESTypeList@@@Z 7e5617a0     libvcruntime:frame.obj
 0002:000087b4       __ehfuncinfo$?CallUnexpected@@YAXPBU_s_ESTypeList@@@Z 7e5617b4     libvcruntime:frame.obj
 0002:000087d8       __sehtable$??$BuildCatchObjectHelperInternal@V__FrameHandler3@@@@YAHPAUEHExceptionRecord@@PAXPBU_s_HandlerType@@PBU_s_CatchableType@@@Z 7e5617d8     libvcruntime:frame.obj
 0002:000087f8       __sehtable$??$BuildCatchObjectInternal@V__FrameHandler3@@@@YAXPAUEHExceptionRecord@@PAXPBU_s_HandlerType@@PBU_s_CatchableType@@@Z 7e5617f8     libvcruntime:frame.obj
 0002:00008850       __sehtable$??$common_getenv@_W@@YAPA_WQB_W@Z 7e561850     libucrt:getenv.obj
 0002:00008870       __sehtable$??$?RV<lambda_f5952838e36297a1e2e9d6c748429792>@@AAV<lambda_2116bde18c9e5f34230805ea4a4660ed>@@V<lambda_3c7107de1cc98bf330a3031f42c322a3>@@@?$__crt_seh_guarded_call@PAD@@QAEPAD$$QAV<lambda_f5952838e36297a1e2e9d6c748429792>@@AAV<lambda_2116bde18c9e5f34230805ea4a4660ed>@@$$QAV<lambda_3c7107de1cc98bf330a3031f42c322a3>@@@Z 7e561870     libucrt:setlocale.obj
 0002:00008890       __sehtable$__query_new_handler 7e561890     libucrt:new_handler.obj
 0002:000088b0       __sehtable$??R<lambda_6e4b09c48022b2350581041d5f6b0c4c>@@QBE@XZ 7e5618b0     libucrt:exit.obj
 0002:000088d0       __sehtable$??$?RV<lambda_03b1d95aef87969028cfba75ccab2455>@@AAV<lambda_6e4b09c48022b2350581041d5f6b0c4c>@@V<lambda_22bdf7517842c4b3e53723af5aa32b9e>@@@?$__crt_seh_guarded_call@X@@QAEX$$QAV<lambda_03b1d95aef87969028cfba75ccab2455>@@AAV<lambda_6e4b09c48022b2350581041d5f6b0c4c>@@$$QAV<lambda_22bdf7517842c4b3e53723af5aa32b9e>@@@Z 7e5618d0     libucrt:exit.obj
 0002:000088ec       __unwindtable$___dcrt_uninitialize_environments_nolock 7e5618ec     libucrt:environment_initialization.obj
 0002:000088fc       __ehfuncinfo$___dcrt_uninitialize_environments_nolock 7e5618fc     libucrt:environment_initialization.obj
 0002:00008920       __sehtable$??$?RV<lambda_8e746cf0007f6ed984d6f78af1fec997>@@AAV<lambda_22ebabd17bc4fa466a2aca6d8deb888d>@@V<lambda_18ed0c0b38a6dc0daf1e7ac6d6adf05e>@@@?$__crt_seh_guarded_call@H@@QAEH$$QAV<lambda_8e746cf0007f6ed984d6f78af1fec997>@@AAV<lambda_22ebabd17bc4fa466a2aca6d8deb888d>@@$$QAV<lambda_18ed0c0b38a6dc0daf1e7ac6d6adf05e>@@@Z 7e561920     libucrt:onexit.obj
 0002:00008940       __sehtable$??$?RV<lambda_69a2805e680e0e292e8ba93315fe43a8>@@AAV<lambda_f03950bc5685219e0bcd2087efbe011e>@@V<lambda_03fcd07e894ec930e3f35da366ca99d6>@@@?$__crt_seh_guarded_call@H@@QAEH$$QAV<lambda_69a2805e680e0e292e8ba93315fe43a8>@@AAV<lambda_f03950bc5685219e0bcd2087efbe011e>@@$$QAV<lambda_03fcd07e894ec930e3f35da366ca99d6>@@@Z 7e561940     libucrt:onexit.obj
 0002:00008960       __sehtable$_terminate      7e561960     libucrt:terminate.obj
 0002:00008980       __sehtable$??$?RV<lambda_15ade71b0218206bbe3333a0c9b79046>@@AAV<lambda_da44e0f8b0f19ba52fefafb335991732>@@V<lambda_207f2d024fc103971653565357d6cd41>@@@?$__crt_seh_guarded_call@X@@QAEX$$QAV<lambda_15ade71b0218206bbe3333a0c9b79046>@@AAV<lambda_da44e0f8b0f19ba52fefafb335991732>@@$$QAV<lambda_207f2d024fc103971653565357d6cd41>@@@Z 7e561980     libucrt:per_thread_data.obj
 0002:000089a0       __sehtable$??$?RV<lambda_a7e850c220f1c8d1e6efeecdedd162c6>@@AAV<lambda_46720907175c18b6c9d2717bc0d2d362>@@V<lambda_9048902d66e8d99359bc9897bbb930a8>@@@?$__crt_seh_guarded_call@X@@QAEX$$QAV<lambda_a7e850c220f1c8d1e6efeecdedd162c6>@@AAV<lambda_46720907175c18b6c9d2717bc0d2d362>@@$$QAV<lambda_9048902d66e8d99359bc9897bbb930a8>@@@Z 7e5619a0     libucrt:per_thread_data.obj
 0002:000089c0       __sehtable$??$?RV<lambda_38edbb1296d33220d7e4dd0ed76b244a>@@AAV<lambda_5ce1d447e08cb34b2473517608e21441>@@V<lambda_fb385d3da700c9147fc39e65dd577a8c>@@@?$__crt_seh_guarded_call@X@@QAEX$$QAV<lambda_38edbb1296d33220d7e4dd0ed76b244a>@@AAV<lambda_5ce1d447e08cb34b2473517608e21441>@@$$QAV<lambda_fb385d3da700c9147fc39e65dd577a8c>@@@Z 7e5619c0     libucrt:per_thread_data.obj
 0002:000089e0       __sehtable$??$?RV<lambda_6affb1475c98b40b75cdec977db92e3c>@@AAV<lambda_b8d4b9c228a6ecc3f80208dbb4b4a104>@@V<lambda_608742c3c92a14382c1684fc64f96c88>@@@?$__crt_seh_guarded_call@X@@QAEX$$QAV<lambda_6affb1475c98b40b75cdec977db92e3c>@@AAV<lambda_b8d4b9c228a6ecc3f80208dbb4b4a104>@@$$QAV<lambda_608742c3c92a14382c1684fc64f96c88>@@@Z 7e5619e0     libucrt:per_thread_data.obj
 0002:00008a00       __sehtable$??$?RV<lambda_e5124f882df8998aaf41531e079ba474>@@AAV<lambda_3e16ef9562a7dcce91392c22ab16ea36>@@V<lambda_e25ca0880e6ef98be67edffd8c599615>@@@?$__crt_seh_guarded_call@X@@QAEX$$QAV<lambda_e5124f882df8998aaf41531e079ba474>@@AAV<lambda_3e16ef9562a7dcce91392c22ab16ea36>@@$$QAV<lambda_e25ca0880e6ef98be67edffd8c599615>@@@Z 7e561a00     libucrt:wsetlocale.obj
 0002:00008a20       __sehtable$??$?RV<lambda_4fdada1b837b2abbf20876fac97688ad>@@AAV<lambda_b57350f2640456a0859d250846f69caf>@@V<lambda_eed5e4f92b5b7d55fa22c48c484aaa54>@@@?$__crt_seh_guarded_call@X@@QAEX$$QAV<lambda_4fdada1b837b2abbf20876fac97688ad>@@AAV<lambda_b57350f2640456a0859d250846f69caf>@@$$QAV<lambda_eed5e4f92b5b7d55fa22c48c484aaa54>@@@Z 7e561a20     libucrt:wsetlocale.obj
 0002:00008a40       __sehtable$??$?RV<lambda_ac03c5d59bd18b09cb88b28331f6bfed>@@AAV<lambda_2a444430fde8c29194d880d93eed5e8f>@@AAV<lambda_02db5278e8aef8b5e4976579d73f5304>@@@?$__crt_seh_guarded_call@X@@QAEX$$QAV<lambda_ac03c5d59bd18b09cb88b28331f6bfed>@@AAV<lambda_2a444430fde8c29194d880d93eed5e8f>@@AAV<lambda_02db5278e8aef8b5e4976579d73f5304>@@@Z 7e561a40     libucrt:wsetlocale.obj
 0002:00008a60       __sehtable$??$?RV<lambda_6b4b7855443974f2b4b77000ea21c99c>@@AAV<lambda_8f7d3b162ab39427f4fa9995c67a7986>@@V<lambda_cc9a5ba8a5d8428b9634eab82665e5dc>@@@?$__crt_seh_guarded_call@H@@QAEH$$QAV<lambda_6b4b7855443974f2b4b77000ea21c99c>@@AAV<lambda_8f7d3b162ab39427f4fa9995c67a7986>@@$$QAV<lambda_cc9a5ba8a5d8428b9634eab82665e5dc>@@@Z 7e561a60     libucrt:winapi_thunks.obj
 0002:00008a80       __sehtable$___acrt_initialize_lowio 7e561a80     libucrt:ioinit.obj
 0002:00008aa0       __sehtable$_raise          7e561aa0     libucrt:signal.obj
 0002:00008ac0       __sehtable$??$?RV<lambda_cbab9ec6f41b0180b23cc171c22676b0>@@AAV<lambda_44731a7d0e6d81c3e6aa82d741081786>@@V<lambda_4b292cb8dd18144e164572427af410ab>@@@?$__crt_seh_guarded_call@P6AXH@Z@@QAEP6AXH@Z$$QAV<lambda_cbab9ec6f41b0180b23cc171c22676b0>@@AAV<lambda_44731a7d0e6d81c3e6aa82d741081786>@@$$QAV<lambda_4b292cb8dd18144e164572427af410ab>@@@Z 7e561ac0     libucrt:signal.obj
 0002:00008ae0       __sehtable$?update_thread_multibyte_data_internal@@YAPAU__crt_multibyte_data@@QAU__acrt_ptd@@QAPAU1@@Z 7e561ae0     libucrt:mbctype.obj
 0002:00008b00       __sehtable$??$?RV<lambda_ceb1ee4838e85a9d631eb091e2fbe199>@@AAV<lambda_ae742caa10f662c28703da3d2ea5e57e>@@V<lambda_cd08b5d6af4937fe54fc07d0c9bf6b37>@@@?$__crt_seh_guarded_call@X@@QAEX$$QAV<lambda_ceb1ee4838e85a9d631eb091e2fbe199>@@AAV<lambda_ae742caa10f662c28703da3d2ea5e57e>@@$$QAV<lambda_cd08b5d6af4937fe54fc07d0c9bf6b37>@@@Z 7e561b00     libucrt:mbctype.obj
 0002:00008b20       __sehtable$??$?RV<lambda_2866be3712abc81a800a822484c830d8>@@AAV<lambda_39ca0ed439415581b5b15c265174cece>@@V<lambda_2b24c74d71094a6cd0cb82e44167d71b>@@@?$__crt_seh_guarded_call@X@@QAEX$$QAV<lambda_2866be3712abc81a800a822484c830d8>@@AAV<lambda_39ca0ed439415581b5b15c265174cece>@@$$QAV<lambda_2b24c74d71094a6cd0cb82e44167d71b>@@@Z 7e561b20     libucrt:fflush.obj
 0002:00008b40       __sehtable$??$?RV<lambda_2cc53f568c5a2bb6f192f930a45d44ea>@@AAV<lambda_ab61a845afdef5b7c387490eaf3616ee>@@V<lambda_c2ffc0b7726aa6be21d5f0026187e748>@@@?$__crt_seh_guarded_call@X@@QAEX$$QAV<lambda_2cc53f568c5a2bb6f192f930a45d44ea>@@AAV<lambda_ab61a845afdef5b7c387490eaf3616ee>@@$$QAV<lambda_c2ffc0b7726aa6be21d5f0026187e748>@@@Z 7e561b40     libucrt:fflush.obj
 0002:00008b60       __sehtable$___acrt_update_thread_locale_data 7e561b60     libucrt:locale_refcounting.obj
 0002:00008b80       __sehtable$__fcloseall     7e561b80     libucrt:closeall.obj
 0002:00008ba0       __sehtable$___acrt_lowio_ensure_fh_exists 7e561ba0     libucrt:osfinfo.obj
 0002:00008bc0       __sehtable$??$?RV<lambda_9e9de3de5fa147e2223d7db92bc10aa6>@@AAV<lambda_38ce7e780aa69e748d6df282ebc68efe>@@V<lambda_8ca6da459f0f6780f1cff60fdc3d00e5>@@@?$__crt_seh_guarded_call@H@@QAEH$$QAV<lambda_9e9de3de5fa147e2223d7db92bc10aa6>@@AAV<lambda_38ce7e780aa69e748d6df282ebc68efe>@@$$QAV<lambda_8ca6da459f0f6780f1cff60fdc3d00e5>@@@Z 7e561bc0     libucrt:commit.obj
 0002:00008be0       __sehtable$__write_internal 7e561be0     libucrt:write.obj
 0002:00008c00       __sehtable$?_fclose_internal@@YAHQAU_iobuf@@AAV__crt_cached_ptd_host@@@Z 7e561c00     libucrt:fclose.obj
 0002:00008c20       __sehtable$??$?RV<lambda_d422a76eb4c3bf3ad751449ab71a6ea4>@@AAV<lambda_c9ba49e555ba839a7b07aa3fbecb7617>@@V<lambda_9476263c8ee91a25d21c55370bdb50de>@@@?$__crt_seh_guarded_call@H@@QAEH$$QAV<lambda_d422a76eb4c3bf3ad751449ab71a6ea4>@@AAV<lambda_c9ba49e555ba839a7b07aa3fbecb7617>@@$$QAV<lambda_9476263c8ee91a25d21c55370bdb50de>@@@Z 7e561c20     libucrt:close.obj
 0002:00008c40       __sehtable$__IsNonwritableInCurrentImage 7e561c40     LIBCMT:pesect.obj
 0002:00008c60       .edata                     7e561c60     War3Injector.exp
 0002:00008c88       rgpv                       7e561c88     War3Injector.exp
 0002:00008c8c       rgszName                   7e561c8c     War3Injector.exp
 0002:00008c90       rgwOrd                     7e561c90     War3Injector.exp
 0002:00008c92       szName                     7e561c92     War3Injector.exp
 0002:00008ca3       $N00001                    7e561ca3     War3Injector.exp
 0002:00008f04       .idata$6                   7e561f04     kernel32:KERNEL32.dll
 0002:00008f2e       .idata$6                   7e561f2e     user32:USER32.dll
 0003:00000010       ?init@std@@3JA             7e563010     libcpmt:xlock.obj
 0003:00000018       ?atcount_cdecl@@3IA        7e563018     libcpmt:iosptrs.obj
 0003:000000a0       ?__vcrt_flsindex@@3KA      7e5630a0     libvcruntime:per_thread_data.obj
 0003:000000c8       ?errno_no_memory@@3HA      7e5630c8     libucrt:errno.obj
 0003:000000cc       ?doserrno_no_memory@@3KA   7e5630cc     libucrt:errno.obj
 0003:00000130       ?__acrt_flsindex@@3KA      7e563130     libucrt:per_thread_data.obj
 0003:00000134       __ctype_loc_style          7e563134     libucrt:wsetlocale.obj
 0003:000002b0       ?tzstd_program@@3PADA      7e5632b0     libucrt:timeset.obj
 0003:000002f0       ?tzdst_program@@3PADA      7e5632f0     libucrt:timeset.obj
 0003:00000330       ?w_tzstd_program@@3PA_WA   7e563330     libucrt:timeset.obj
 0003:000003b0       ?w_tzdst_program@@3PA_WA   7e5633b0     libucrt:timeset.obj
 0003:00000430       ?tzname_states@@3PAY01PADA 7e563430     libucrt:timeset.obj
 0003:00000438       ?w_tzname_states@@3PAY01PA_WA 7e563438     libucrt:timeset.obj
 0003:00000660       __mbctypes                 7e563660     libucrt:mbctype.obj
 0003:00000768       __mbcasemaps               7e563768     libucrt:mbctype.obj
 0003:00000868       ?__rgctypeflag@@3PADA      7e563868     libucrt:mbctype.obj
 0003:00000870       ?__rgcode_page_info@@3PAUcode_page_info@@A 7e563870     libucrt:mbctype.obj
 0003:00000a60       ?__dcrt_lowio_console_output_handle@@3PAXA 7e563a60     libucrt:initcon.obj
 0003:00000f18       ?initlocks@std@@3V_Init_locks@1@A 7e563f18     libcpmt:xlock.obj
 0003:00000f20       ?mtx@std@@3PAU_RTL_CRITICAL_SECTION@@A 7e563f20     libcpmt:xlock.obj
 0003:00000ffc       ?classic_locale@std@@3Vlocale@1@A 7e563ffc     libcpmt:locale0.obj
 0003:00001004       ?_Fac_head@std@@3PAU_Fac_node@1@A 7e564004     libcpmt:locale0.obj
 0003:00001008       ?_Fac_tidy_reg@std@@3U_Fac_tidy_reg_t@1@B 7e564008     libcpmt:locale0.obj
 0003:0000100c       _global_locale             7e56400c     libcpmt:locale0.obj
 0003:00001010       ?registered@?1??_Setgloballocale@locale@std@@CAXPAX@Z@4_NA 7e564010     libcpmt:locale0.obj
 0003:00001018       ?stdstr@std@@3PAPAVios_base@1@A 7e564018     libcpmt:ios.obj
 0003:00001040       ?stdopens@std@@3PADA       7e564040     libcpmt:ios.obj
 0003:00001088       ?initlocks@std@@3V_Init_locks@1@A 7e564088     libcpmt:iosptrs.obj
 0003:00001089       ?init_atexit@@3U_Init_atexit@@A 7e564089     libcpmt:iosptrs.obj
 0003:0000108c       ?atfuns_cdecl@@3PAP6AXXZA  7e56408c     libcpmt:iosptrs.obj
 0003:0000112c       ?__proc_attached@@3HA      7e56412c     LIBCMT:dll_dllmain.obj
 0003:00001138       ?is_initialized_as_dll@@3_NA 7e564138     LIBCMT:utility.obj
 0003:00001139       ?module_local_atexit_table_initialized@@3_NA 7e564139     LIBCMT:utility.obj
 0003:0000113c       ?module_local_atexit_table@@3U_onexit_table_t@@A 7e56413c     LIBCMT:utility.obj
 0003:00001148       ?module_local_at_quick_exit_table@@3U_onexit_table_t@@A 7e564148     LIBCMT:utility.obj
 0003:00001178       _GS_ExceptionRecord        7e564178     LIBCMT:gs_report.obj
 0003:000011c8       _GS_ContextRecord          7e5641c8     LIBCMT:gs_report.obj
 0003:0000149c       ?__vcrt_startup_thread_ptd@@3U__vcrt_ptd@@A 7e56449c     libvcruntime:per_thread_data.obj
 0003:000014c4       ___vcrt_lock_table         7e5644c4     libvcruntime:locks.obj
 0003:000014dc       ___vcrt_locks_initialized  7e5644dc     libvcruntime:locks.obj
 0003:00001508       ?heap@@3V_HeapManager@@A   7e564508     libvcruntime:undname.obj
 0003:0000151c       ?module_handles@@3PAPAUHINSTANCE__@@A 7e56451c     libvcruntime:winapi_downlevel.obj
 0003:00001528       ?function_pointers@@3PAPAXA 7e564528     libvcruntime:winapi_downlevel.obj
 0003:0000153c       ?__acrt_invalid_parameter_handler@@3V?$dual_state_global@P6AXPB_W00II@Z@__crt_state_management@@A 7e56453c     libucrt:invalid_parameter.obj
 0003:00001540       ?__acrt_lock_table@@3PAU_RTL_CRITICAL_SECTION@@A 7e564540     libucrt:locks.obj
 0003:00001690       ?__acrt_locks_initialized@@3IA 7e564690     libucrt:locks.obj
 0003:0000169c       ?__acrt_new_handler@@3V?$dual_state_global@P6AHI@Z@__crt_state_management@@A 7e56469c     libucrt:new_handler.obj
 0003:000016a0       ?c_termination_complete@@3JA 7e5646a0     libucrt:exit.obj
 0003:000016a4       ?thread_local_exit_callback_func@@3P6GXPAXK0@ZA 7e5646a4     libucrt:exit.obj
 0003:000016a8       ?c_exit_complete@?1???R<lambda_6e4b09c48022b2350581041d5f6b0c4c>@@QBE@XZ@4_NA 7e5646a8     libucrt:exit.obj
 0003:000016b0       ?program_name@?1???$common_configure_argv@D@@YAHW4_crt_argv_mode@@@Z@4PADA 7e5646b0     libucrt:argv_parsing.obj
 0003:000017e8       ?module_handles@@3PAPAUHINSTANCE__@@A 7e5647e8     libucrt:winapi_thunks.obj
 0003:00001840       ?encoded_function_pointers@@3PAPAXA 7e564840     libucrt:winapi_thunks.obj
 0003:000018cc       ?static_enum_proc@?1??enum_system_locales_ex_nolock@@YAHQ6GHPA_WKJ@Z@Z@4P6GH0KJ@ZA 7e5648cc     libucrt:winapi_thunks.obj
 0003:000018d0       ?internal_state@?1??_mbtowc_internal@@9@4U_Mbstatet@@A 7e5648d0     libucrt:mbtowc.obj
 0003:00001aec       ?ctrlc_action@@3V?$dual_state_global@P6AXH@Z@__crt_state_management@@A 7e564aec     libucrt:signal.obj
 0003:00001af0       ?ctrlbreak_action@@3V?$dual_state_global@P6AXH@Z@__crt_state_management@@A 7e564af0     libucrt:signal.obj
 0003:00001af4       ?abort_action@@3V?$dual_state_global@P6AXH@Z@__crt_state_management@@A 7e564af4     libucrt:signal.obj
 0003:00001af8       ?term_action@@3V?$dual_state_global@P6AXH@Z@__crt_state_management@@A 7e564af8     libucrt:signal.obj
 0003:00001b08       ?_tzname@@3V?$dual_state_global@PAPAD@__crt_state_management@@A 7e564b08     libucrt:timeset.obj
 0003:00001b0c       ?w_tzname@@3V?$dual_state_global@PAPA_W@__crt_state_management@@A 7e564b0c     libucrt:timeset.obj
 0003:00001b10       ?tz_api_used@@3HA          7e564b10     libucrt:tzset.obj
 0003:00001b14       ?tzset_init_state@@3V?$dual_state_global@J@__crt_state_management@@A 7e564b14     libucrt:tzset.obj
 0003:00001b18       ?tz_info@@3U_TIME_ZONE_INFORMATION@@A 7e564b18     libucrt:tzset.obj
 0003:00001bd0       ?fSystemSet@@3HA           7e564bd0     libucrt:mbctype.obj
 0003:00001bd4       ?initialized@?1??__acrt_initialize_multibyte@@9@4_NA 7e564bd4     libucrt:mbctype.obj
 0003:00001bf4       ?user_matherr@@3V?$dual_state_global@P6AHPAU_exception@@@Z@__crt_state_management@@A 7e564bf4     libucrt:matherr.obj
 0003:00001bf8       ?__acrt_global_new_mode@@3V?$dual_state_global@J@__crt_state_management@@A 7e564bf8     libucrt:new_mode.obj
 0003:00001bfc       ?internal_pst@?1??__mbrtoc32_utf8@__crt_mbstring@@YAIPA_UPBDIPAU_Mbstatet@@AAV__crt_cached_ptd_host@@@Z@4U3@A 7e564bfc     libucrt:mbrtoc32.obj
 0003:00001c04       ?internal_pst@?1??__c16rtomb_utf8@__crt_mbstring@@YAIPAD_SPAU_Mbstatet@@AAV__crt_cached_ptd_host@@@Z@4U3@A 7e564c04     libucrt:c16rtomb.obj
 0003:00001c0c       ?__acrt_app_type@@3W4_crt_app_type@@A 7e564c0c     libucrt:report_runtime_error.obj
 0003:00001c14       __pmatherr_set             7e564c14     libucrt:libm_error.obj
 0004:00000060       $R000000                   7e565060     * linker generated manifest res *
