 War3Injector

 Timestamp is 6509c38d (Tue Sep 19 18:51:41 2023)

 Preferred load address is 7e540000

 Start         Length     Name                   Class
 0001:00000000 00000050H .text$di                CODE
 0001:00000050 00017298H .text$mn                CODE
 0001:000172e8 0000038bH .text$x                 CODE
 0001:00017673 00000032H .text$yd                CODE
 0002:00000000 00000150H .idata$5                DATA
 0002:00000150 00000008H .00cfg                  DATA
 0002:00000158 00000004H .CRT$XCA                DATA
 0002:0000015c 0000000cH .CRT$XCC                DATA
 0002:00000168 00000008H .CRT$XCL                DATA
 0002:00000170 00000004H .CRT$XCZ                DATA
 0002:00000174 00000004H .CRT$XIA                DATA
 0002:00000178 00000010H .CRT$XIC                DATA
 0002:00000188 00000004H .CRT$XIZ                DATA
 0002:0000018c 00000004H .CRT$XPA                DATA
 0002:00000190 00000008H .CRT$XPX                DATA
 0002:00000198 00000004H .CRT$XPXA               DATA
 0002:0000019c 00000004H .CRT$XPZ                DATA
 0002:000001a0 00000004H .CRT$XTA                DATA
 0002:000001a4 0000001cH .CRT$XTZ                DATA
 0002:000001a8 00000000H .gfids$y                DATA
 0002:000001c0 00006fc0H .rdata                  DATA
 0002:00007180 00000000H .rdata$CastGuardVftablesA DATA
 0002:00007180 00000000H .rdata$CastGuardVftablesC DATA
 0002:00007180 00000954H .rdata$r                DATA
 0002:00007ad4 000000b8H .rdata$voltmd           DATA
 0002:00007b8c 00000384H .rdata$zzzdbg           DATA
 0002:00007f10 00000004H .rtc$IAA                DATA
 0002:00007f14 00000004H .rtc$IZZ                DATA
 0002:00007f18 00000004H .rtc$TAA                DATA
 0002:00007f1c 00000004H .rtc$TZZ                DATA
 0002:00007f20 00000c40H .xdata$x                DATA
 0002:00008b60 00000050H .edata                  DATA
 0002:00008bb0 00000028H .idata$2                DATA
 0002:00008bd8 00000014H .idata$3                DATA
 0002:00008bec 00000150H .idata$4                DATA
 0002:00008d3c 0000061aH .idata$6                DATA
 0003:00000000 00000a10H .data                   DATA
 0003:00000a10 00000160H .data$r                 DATA
 0003:00000b70 00000340H .data$rs                DATA
 0003:00000eb0 00000d10H .bss                    DATA
 0004:00000000 00000060H .rsrc$01                DATA
 0004:00000060 00000188H .rsrc$02                DATA

  Address         Publics by Value              Rva+Base       Lib:Object

 0000:00000000       ___AbsoluteZero            00000000     <absolute>
 0000:00000000       ___arm64x_extra_rfe_table  00000000     <absolute>
 0000:00000000       ___arm64x_extra_rfe_table_size 00000000     <absolute>
 0000:00000000       ___arm64x_native_entrypoint 00000000     <absolute>
 0000:00000000       ___arm64x_redirection_metadata 00000000     <absolute>
 0000:00000000       ___arm64x_redirection_metadata_count 00000000     <absolute>
 0000:00000000       ___dynamic_value_reloc_table 00000000     <absolute>
 0000:00000000       ___enclave_config          00000000     <absolute>
 0000:00000000       ___guard_check_icall_a64n_fptr 00000000     <absolute>
 0000:00000000       ___guard_eh_cont_count     00000000     <absolute>
 0000:00000000       ___guard_eh_cont_table     00000000     <absolute>
 0000:00000000       ___guard_fids_count        00000000     <absolute>
 0000:00000000       ___guard_fids_table        00000000     <absolute>
 0000:00000000       ___guard_iat_count         00000000     <absolute>
 0000:00000000       ___guard_iat_table         00000000     <absolute>
 0000:00000000       ___guard_longjmp_count     00000000     <absolute>
 0000:00000000       ___guard_longjmp_table     00000000     <absolute>
 0000:00000000       ___hybrid_auxiliary_delayload_iat 00000000     <absolute>
 0000:00000000       ___hybrid_auxiliary_delayload_iat_copy 00000000     <absolute>
 0000:00000000       ___hybrid_auxiliary_iat    00000000     <absolute>
 0000:00000000       ___hybrid_auxiliary_iat_copy 00000000     <absolute>
 0000:00000000       ___hybrid_code_map         00000000     <absolute>
 0000:00000000       ___hybrid_code_map_count   00000000     <absolute>
 0000:00000000       ___hybrid_image_info_bitfield 00000000     <absolute>
 0000:00000000       ___safe_se_handler_count   00000000     <absolute>
 0000:00000000       ___safe_se_handler_table   00000000     <absolute>
 0000:00000000       ___x64_code_ranges_to_entry_points 00000000     <absolute>
 0000:00000000       ___x64_code_ranges_to_entry_points_count 00000000     <absolute>
 0000:00000000       __except_list              00000000     <absolute>
 0000:00000100       ___guard_flags             00000100     <absolute>
 0000:00000000       ___ImageBase               7e540000     <linker-defined>
 0001:00000050       ??$?6_WU?$char_traits@_W@std@@@std@@YAAAV?$basic_ostream@_WU?$char_traits@_W@std@@@0@AAV10@PBD@Z 7e541050 f i w3l.obj
 0001:00000289       ??$?6_WU?$char_traits@_W@std@@@std@@YAAAV?$basic_ostream@_WU?$char_traits@_W@std@@@0@AAV10@PB_W@Z 7e541289 f i w3l.obj
 0001:00000478       ??$_Allocate@$07U_Default_allocate_traits@std@@$0A@@std@@YAPAXI@Z 7e541478 f i w3l.obj
 0001:0000049a       ??$_Allocate_manually_vector_aligned@U_Default_allocate_traits@std@@@std@@YAPAXI@Z 7e54149a f i w3l.obj
 0001:000004c5       ??$_Construct@$00PBD@?$basic_string@DU?$char_traits@D@std@@V?$allocator@D@2@@std@@AAEXQBDI@Z 7e5414c5 f i w3l.obj
 0001:00000537       ??$_Construct@$01PBD@?$basic_string@DU?$char_traits@D@std@@V?$allocator@D@2@@std@@AAEXQBDI@Z 7e541537 f i w3l.obj
 0001:000005a0       ??$_Deallocate@$07$0A@@std@@YAXPAXI@Z 7e5415a0 f i w3l.obj
 0001:000005cc       ??$_Reallocate_for@V<lambda_03628ca18370b1f44a99b655e704819b>@@PB_W@?$basic_string@_WU?$char_traits@_W@std@@V?$allocator@_W@2@@std@@AAEAAV01@IV<lambda_03628ca18370b1f44a99b655e704819b>@@PB_W@Z 7e5415cc f i w3l.obj
 0001:00000646       ??$_Reallocate_grow_by@V<lambda_ab246b20b9526e2ef7792587e4298a77>@@PBDI@?$basic_string@DU?$char_traits@D@std@@V?$allocator@D@2@@std@@AAEAAV01@IV<lambda_ab246b20b9526e2ef7792587e4298a77>@@PBDI@Z 7e541646 f i w3l.obj
 0001:000006d5       ??$use_facet@V?$ctype@_W@std@@@std@@YAABV?$ctype@_W@0@ABVlocale@0@@Z 7e5416d5 f i w3l.obj
 0001:0000076a       ??0?$basic_iostream@_WU?$char_traits@_W@std@@@std@@QAE@PAV?$basic_streambuf@_WU?$char_traits@_W@std@@@1@@Z 7e54176a f i w3l.obj
 0001:00000803       ??0?$basic_istream@_WU?$char_traits@_W@std@@@std@@QAE@PAV?$basic_streambuf@_WU?$char_traits@_W@std@@@1@_N@Z 7e541803 f i w3l.obj
 0001:00000883       ??0?$basic_streambuf@_WU?$char_traits@_W@std@@@std@@IAE@XZ 7e541883 f i w3l.obj
 0001:000008d7       ??0?$basic_string@DU?$char_traits@D@std@@V?$allocator@D@2@@std@@QAE@$$QAV01@@Z 7e5418d7 f i w3l.obj
 0001:000008fb       ??0?$basic_string@DU?$char_traits@D@std@@V?$allocator@D@2@@std@@QAE@ABV01@@Z 7e5418fb f i w3l.obj
 0001:0000092f       ??0?$basic_string@DU?$char_traits@D@std@@V?$allocator@D@2@@std@@QAE@QBD@Z 7e54192f f i w3l.obj
 0001:00000960       ??0?$basic_string@DU?$char_traits@D@std@@V?$allocator@D@2@@std@@QAE@QBDI@Z 7e541960 f i w3l.obj
 0001:00000988       ??0?$basic_stringbuf@_WU?$char_traits@_W@std@@V?$allocator@_W@2@@std@@QAE@H@Z 7e541988 f i w3l.obj
 0001:000009b4       ??0?$basic_stringstream@_WU?$char_traits@_W@std@@V?$allocator@_W@2@@std@@QAE@XZ 7e5419b4 f i w3l.obj
 0001:00000a47       ??0_Locinfo@std@@QAE@PBD@Z 7e541a47 f i w3l.obj
 0001:00000abd       ??0_Sentry_base@?$basic_ostream@_WU?$char_traits@_W@std@@@std@@QAE@AAV12@@Z 7e541abd f i w3l.obj
 0001:00000ade       ??0_System_error@std@@IAE@Verror_code@1@ABV?$basic_string@DU?$char_traits@D@std@@V?$allocator@D@2@@1@@Z 7e541ade f i w3l.obj
 0001:00000b32       ??0_System_error@std@@QAE@ABV01@@Z 7e541b32 f i w3l.obj
 0001:00000b59       ??0bad_alloc@std@@QAE@ABV01@@Z 7e541b59 f i w3l.obj
 0001:00000b71       ??0bad_array_new_length@std@@QAE@ABV01@@Z 7e541b71 f i w3l.obj
 0001:00000b89       ??0bad_array_new_length@std@@QAE@XZ 7e541b89 f i w3l.obj
 0001:00000ba1       ??0bad_cast@std@@QAE@ABV01@@Z 7e541ba1 f i w3l.obj
 0001:00000bb9       ??0bad_cast@std@@QAE@XZ    7e541bb9 f i w3l.obj
 0001:00000bd1       ??0exception@std@@QAE@ABV01@@Z 7e541bd1 f i w3l.obj
 0001:00000bfa       ??0exception@std@@QAE@QBD@Z 7e541bfa f i w3l.obj
 0001:00000c2f       ??0failure@ios_base@std@@QAE@ABV012@@Z 7e541c2f f i w3l.obj
 0001:00000c47       ??0failure@ios_base@std@@QAE@PBDABVerror_code@2@@Z 7e541c47 f i w3l.obj
 0001:00000c6e       ??0runtime_error@std@@QAE@ABV01@@Z 7e541c6e f i w3l.obj
 0001:00000c86       ??0runtime_error@std@@QAE@ABV?$basic_string@DU?$char_traits@D@std@@V?$allocator@D@2@@1@@Z 7e541c86 f i w3l.obj
 0001:00000cae       ??0sentry@?$basic_ostream@_WU?$char_traits@_W@std@@@std@@QAE@AAV12@@Z 7e541cae f i w3l.obj
 0001:00000d11       ??0system_error@std@@QAE@ABV01@@Z 7e541d11 f i w3l.obj
 0001:00000d29       ??0system_error@std@@QAE@Verror_code@1@PBD@Z 7e541d29 f i w3l.obj
 0001:00000d7b       ??1?$_Yarn@D@std@@QAE@XZ   7e541d7b f i w3l.obj
 0001:00000d7b       ??1?$_Yarn@_W@std@@QAE@XZ  7e541d7b f i w3l.obj
 0001:00000d90       ??1?$basic_ios@_WU?$char_traits@_W@std@@@std@@UAE@XZ 7e541d90 f i w3l.obj
 0001:00000dca       ??1?$basic_iostream@_WU?$char_traits@_W@std@@@std@@UAE@XZ 7e541dca f i w3l.obj
 0001:00000e20       ??1?$basic_istream@_WU?$char_traits@_W@std@@@std@@UAE@XZ 7e541e20 f i w3l.obj
 0001:00000e3c       ??1?$basic_streambuf@_WU?$char_traits@_W@std@@@std@@UAE@XZ 7e541e3c f i w3l.obj
 0001:00000e5d       ??1?$basic_string@DU?$char_traits@D@std@@V?$allocator@D@2@@std@@QAE@XZ 7e541e5d f i w3l.obj
 0001:00000e62       ??1?$basic_string@_WU?$char_traits@_W@std@@V?$allocator@_W@2@@std@@QAE@XZ 7e541e62 f i w3l.obj
 0001:00000e67       ??1?$basic_stringbuf@_WU?$char_traits@_W@std@@V?$allocator@_W@2@@std@@UAE@XZ 7e541e67 f i w3l.obj
 0001:00000e7d       ??1?$basic_stringstream@_WU?$char_traits@_W@std@@V?$allocator@_W@2@@std@@UAE@XZ 7e541e7d f i w3l.obj
 0001:00000eac       ??1?$ctype@_W@std@@MAE@XZ  7e541eac f i w3l.obj
 0001:00000ed5       ??1?$unique_ptr@V_Facet_base@std@@U?$default_delete@V_Facet_base@std@@@2@@std@@QAE@XZ 7e541ed5 f i w3l.obj
 0001:00000ee2       ??1_Locinfo@std@@QAE@XZ    7e541ee2 f i w3l.obj
 0001:00000f88       ??1_Sentry_base@?$basic_ostream@_WU?$char_traits@_W@std@@@std@@QAE@XZ 7e541f88 f i w3l.obj
 0001:00000fc5       ??1bad_alloc@std@@UAE@XZ   7e541fc5 f i libcpmt:xthrow.obj
 0001:00000fc5       ??1bad_array_new_length@std@@UAE@XZ 7e541fc5 f i w3l.obj
 0001:00000fc5       ??1bad_cast@std@@UAE@XZ    7e541fc5 f i w3l.obj
 0001:00000fc5       ??1bad_exception@std@@UAE@XZ 7e541fc5 f i libvcruntime:frame.obj
 0001:00000fc5       ??1failure@ios_base@std@@UAE@XZ 7e541fc5 f i w3l.obj
 0001:00000fc5       ??1length_error@std@@UAE@XZ 7e541fc5 f i libcpmt:xthrow.obj
 0001:00000fc5       ??1runtime_error@std@@UAE@XZ 7e541fc5 f i libcpmt:xthrow.obj
 0001:00000fd6       ??1locale@std@@QAE@XZ      7e541fd6 f i w3l.obj
 0001:00000fef       ??1sentry@?$basic_ostream@_WU?$char_traits@_W@std@@@std@@QAE@XZ 7e541fef f i w3l.obj
 0001:0000100a       ??8std@@YA_NABVerror_condition@0@0@Z 7e54200a f i w3l.obj
 0001:0000102f       ??Bid@locale@std@@QAEIXZ   7e54202f f i w3l.obj
 0001:00001064       ??R<lambda_ab246b20b9526e2ef7792587e4298a77>@@QBE@QADQBDI1I@Z 7e542064 f i w3l.obj
 0001:00001095       ??_D?$basic_iostream@_WU?$char_traits@_W@std@@@std@@QAEXXZ 7e542095 f i w3l.obj
 0001:000010db       ??_D?$basic_istream@_WU?$char_traits@_W@std@@@std@@QAEXXZ 7e5420db f i w3l.obj
 0001:00001131       ??_D?$basic_ostream@_WU?$char_traits@_W@std@@@std@@QAEXXZ 7e542131 f i w3l.obj
 0001:00001187       ??_D?$basic_stringstream@_WU?$char_traits@_W@std@@V?$allocator@_W@2@@std@@QAEXXZ 7e542187 f i w3l.obj
 0001:000011cd       ??_E?$basic_iostream@_WU?$char_traits@_W@std@@@std@@$4PPPPPPPM@A@AEPAXI@Z 7e5421cd f i w3l.obj
 0001:000011d5       ??_E?$basic_istream@_WU?$char_traits@_W@std@@@std@@$4PPPPPPPM@A@AEPAXI@Z 7e5421d5 f i w3l.obj
 0001:000011dd       ??_E?$basic_ostream@_WU?$char_traits@_W@std@@@std@@$4PPPPPPPM@A@AEPAXI@Z 7e5421dd f i w3l.obj
 0001:000011e5       ??_E?$basic_stringstream@_WU?$char_traits@_W@std@@V?$allocator@_W@2@@std@@$4PPPPPPPM@A@AEPAXI@Z 7e5421e5 f i w3l.obj
 0001:000011ed       ??_E?$basic_ios@_WU?$char_traits@_W@std@@@std@@UAEPAXI@Z 7e5421ed f i w3l.obj
 0001:000011ed       ??_G?$basic_ios@_WU?$char_traits@_W@std@@@std@@UAEPAXI@Z 7e5421ed f i w3l.obj
 0001:0000123f       ??_E?$basic_iostream@_WU?$char_traits@_W@std@@@std@@UAEPAXI@Z 7e54223f f i w3l.obj
 0001:0000123f       ??_G?$basic_iostream@_WU?$char_traits@_W@std@@@std@@UAEPAXI@Z 7e54223f f i w3l.obj
 0001:00001261       ??_E?$basic_istream@_WU?$char_traits@_W@std@@@std@@UAEPAXI@Z 7e542261 f i w3l.obj
 0001:00001261       ??_G?$basic_istream@_WU?$char_traits@_W@std@@@std@@UAEPAXI@Z 7e542261 f i w3l.obj
 0001:00001283       ??_E?$basic_ostream@_WU?$char_traits@_W@std@@@std@@UAEPAXI@Z 7e542283 f i w3l.obj
 0001:00001283       ??_G?$basic_ostream@_WU?$char_traits@_W@std@@@std@@UAEPAXI@Z 7e542283 f i w3l.obj
 0001:000012a5       ??_E?$basic_streambuf@_WU?$char_traits@_W@std@@@std@@UAEPAXI@Z 7e5422a5 f i w3l.obj
 0001:000012a5       ??_G?$basic_streambuf@_WU?$char_traits@_W@std@@@std@@UAEPAXI@Z 7e5422a5 f i w3l.obj
 0001:000012c4       ??_E?$basic_stringbuf@_WU?$char_traits@_W@std@@V?$allocator@_W@2@@std@@UAEPAXI@Z 7e5422c4 f i w3l.obj
 0001:000012c4       ??_G?$basic_stringbuf@_WU?$char_traits@_W@std@@V?$allocator@_W@2@@std@@UAEPAXI@Z 7e5422c4 f i w3l.obj
 0001:000012e3       ??_E?$basic_stringstream@_WU?$char_traits@_W@std@@V?$allocator@_W@2@@std@@UAEPAXI@Z 7e5422e3 f i w3l.obj
 0001:000012e3       ??_G?$basic_stringstream@_WU?$char_traits@_W@std@@V?$allocator@_W@2@@std@@UAEPAXI@Z 7e5422e3 f i w3l.obj
 0001:00001308       ??_E?$ctype@_W@std@@MAEPAXI@Z 7e542308 f i w3l.obj
 0001:00001308       ??_G?$ctype@_W@std@@MAEPAXI@Z 7e542308 f i w3l.obj
 0001:00001327       ??_E_Facet_base@std@@UAEPAXI@Z 7e542327 f i w3l.obj
 0001:00001327       ??_G_Facet_base@std@@UAEPAXI@Z 7e542327 f i w3l.obj
 0001:00001347       ??_E_Iostream_error_category2@std@@UAEPAXI@Z 7e542347 f i w3l.obj
 0001:00001347       ??_G_Iostream_error_category2@std@@UAEPAXI@Z 7e542347 f i w3l.obj
 0001:00001361       ??_E_System_error@std@@UAEPAXI@Z 7e542361 f i w3l.obj
 0001:00001361       ??_Efailure@ios_base@std@@UAEPAXI@Z 7e542361 f i w3l.obj
 0001:00001361       ??_Esystem_error@std@@UAEPAXI@Z 7e542361 f i w3l.obj
 0001:00001361       ??_G_System_error@std@@UAEPAXI@Z 7e542361 f i w3l.obj
 0001:00001361       ??_Gfailure@ios_base@std@@UAEPAXI@Z 7e542361 f i w3l.obj
 0001:00001361       ??_Gsystem_error@std@@UAEPAXI@Z 7e542361 f i w3l.obj
 0001:0000138b       ??_Ebad_alloc@std@@UAEPAXI@Z 7e54238b f i w3l.obj
 0001:0000138b       ??_Ebad_array_new_length@std@@UAEPAXI@Z 7e54238b f i w3l.obj
 0001:0000138b       ??_Ebad_cast@std@@UAEPAXI@Z 7e54238b f i w3l.obj
 0001:0000138b       ??_Eexception@std@@UAEPAXI@Z 7e54238b f i w3l.obj
 0001:0000138b       ??_Eruntime_error@std@@UAEPAXI@Z 7e54238b f i w3l.obj
 0001:0000138b       ??_Gbad_alloc@std@@UAEPAXI@Z 7e54238b f i w3l.obj
 0001:0000138b       ??_Gbad_array_new_length@std@@UAEPAXI@Z 7e54238b f i w3l.obj
 0001:0000138b       ??_Gbad_cast@std@@UAEPAXI@Z 7e54238b f i w3l.obj
 0001:0000138b       ??_Gexception@std@@UAEPAXI@Z 7e54238b f i w3l.obj
 0001:0000138b       ??_Gruntime_error@std@@UAEPAXI@Z 7e54238b f i w3l.obj
 0001:000013b5       ??_Eios_base@std@@UAEPAXI@Z 7e5423b5 f i w3l.obj
 0001:000013b5       ??_Gios_base@std@@UAEPAXI@Z 7e5423b5 f i w3l.obj
 0001:00001407       ?GetProcessBaseAddress@@YAKPAX0@Z 7e542407 f   w3l.obj
 0001:00001473       ?InitLoader@@YAHPA_W0000@Z 7e542473 f   w3l.obj
 0001:00001864       ?InjectByte@@YAHU_PROCESS_INFORMATION@@PBXDD@Z 7e542864 f   w3l.obj
 0001:00001922       ?_Adjust_manually_vector_aligned@std@@YAXAAPAXAAI@Z 7e542922 f i w3l.obj
 0001:00001944       ?_C_str@locale@std@@QBEPBDXZ 7e542944 f i w3l.obj
 0001:0000195c       ?_Calculate_growth@?$basic_string@DU?$char_traits@D@std@@V?$allocator@D@2@@std@@CAIIII@Z 7e54295c f i w3l.obj
 0001:0000198d       ?_Calculate_growth@?$basic_string@_WU?$char_traits@_W@std@@V?$allocator@_W@2@@std@@CAIIII@Z 7e54298d f i w3l.obj
 0001:000019be       ?_Decref@facet@locale@std@@UAEPAV_Facet_base@3@XZ 7e5429be f i w3l.obj
 0001:000019cd       ?_Donarrow@?$ctype@_W@std@@IBED_WD@Z 7e5429cd f i w3l.obj
 0001:00001a06       ?_Dowiden@?$ctype@_W@std@@IBE_WD@Z 7e542a06 f i w3l.obj
 0001:00001a43       ?_Get_buffer_view@?$basic_stringbuf@_WU?$char_traits@_W@std@@V?$allocator@_W@2@@std@@QBE?AU_Buffer_view@12@XZ 7e542a43 f i w3l.obj
 0001:00001abb       ?_Getcat@?$ctype@_W@std@@SAIPAPBVfacet@locale@2@PBV42@@Z 7e542abb f i w3l.obj
 0001:00001b38       ?_Getfacet@locale@std@@QBEPBVfacet@12@I@Z 7e542b38 f i w3l.obj
 0001:00001b78       ?_Getstate@?$basic_stringbuf@_WU?$char_traits@_W@std@@V?$allocator@_W@2@@std@@CAHH@Z 7e542b78 f i w3l.obj
 0001:00001baa       ?_Incref@facet@locale@std@@UAEXXZ 7e542baa f i w3l.obj
 0001:00001baf       ?_Init@?$basic_streambuf@_WU?$char_traits@_W@std@@@std@@IAEXXZ 7e542baf f i w3l.obj
 0001:00001bed       ?_Init@?$ctype@_W@std@@IAEXABV_Locinfo@2@@Z 7e542bed f i w3l.obj
 0001:00001c26       ?_Init@ios_base@std@@IAEXXZ 7e542c26 f i w3l.obj
 0001:00001c9b       ?_Lock@?$basic_streambuf@_WU?$char_traits@_W@std@@@std@@UAEXXZ 7e542c9b f i w3l.obj
 0001:00001c9b       ?_Unlock@?$basic_streambuf@_WU?$char_traits@_W@std@@@std@@UAEXXZ 7e542c9b f i w3l.obj
 0001:00001c9b       @_guard_check_icall_nop@4  7e542c9b f i LIBCMT:guard_support.obj
 0001:00001c9e       ?_Makestr@_System_error@std@@CA?AV?$basic_string@DU?$char_traits@D@std@@V?$allocator@D@2@@2@Verror_code@2@V32@@Z 7e542c9e f i w3l.obj
 0001:00001d22       ?_Osfx@?$basic_ostream@_WU?$char_traits@_W@std@@@std@@QAEXXZ 7e542d22 f i w3l.obj
 0001:00001d97       ?_Take_contents@?$basic_string@DU?$char_traits@D@std@@V?$allocator@D@2@@std@@AAEXAAV12@@Z 7e542d97 f i w3l.obj
 0001:00001dba       ?_Throw_bad_array_new_length@std@@YAXXZ 7e542dba f i w3l.obj
 0001:00001dba       ?__scrt_throw_std_bad_array_new_length@@YAXXZ 7e542dba f i LIBCMT:throw_bad_alloc.obj
 0001:00001dd7       ?_Throw_bad_cast@std@@YAXXZ 7e542dd7 f i w3l.obj
 0001:00001df4       ?_Tidy@?$basic_stringbuf@_WU?$char_traits@_W@std@@V?$allocator@_W@2@@std@@IAEXXZ 7e542df4 f i w3l.obj
 0001:00001e58       ?_Tidy_deallocate@?$basic_string@DU?$char_traits@D@std@@V?$allocator@D@2@@std@@AAEXXZ 7e542e58 f i w3l.obj
 0001:00001e7e       ?_Tidy_deallocate@?$basic_string@_WU?$char_traits@_W@std@@V?$allocator@_W@2@@std@@AAEXXZ 7e542e7e f i w3l.obj
 0001:00001eac       ?_Xlen_string@std@@YAXXZ   7e542eac f i w3l.obj
 0001:00001eb7       ?allocate@?$allocator@_W@std@@QAEPA_WI@Z 7e542eb7 f i w3l.obj
 0001:00001ed4       ?append@?$basic_string@DU?$char_traits@D@std@@V?$allocator@D@2@@std@@QAEAAV12@QBDI@Z 7e542ed4 f i w3l.obj
 0001:00001f2d       ?assign@?$basic_string@_WU?$char_traits@_W@std@@V?$allocator@_W@2@@std@@QAEAAV12@QB_WI@Z 7e542f2d f i w3l.obj
 0001:00001f78       ?clear@ios_base@std@@QAEXH_N@Z 7e542f78 f i w3l.obj
 0001:00001fe2       ?copy@?$_Char_traits@DH@std@@SAPADQADQBDI@Z 7e542fe2 f i w3l.obj
 0001:00001fe2       ?move@?$_Char_traits@DH@std@@SAPADQADQBDI@Z 7e542fe2 f i w3l.obj
 0001:00001ffb       ?copy@?$_Char_traits@_WG@std@@SAPA_WQA_WQB_WI@Z 7e542ffb f i w3l.obj
 0001:00001ffb       ?move@?$_Char_traits@_WG@std@@SAPA_WQA_WQB_WI@Z 7e542ffb f i w3l.obj
 0001:00002017       ?debug@@YAXPADZZ           7e543017 f   w3l.obj
 0001:000020a0       ?default_error_condition@error_category@std@@UBE?AVerror_condition@2@H@Z 7e5430a0 f i w3l.obj
 0001:000020b0       ?do_is@?$ctype@_W@std@@MBEPB_WPB_W0PAF@Z 7e5430b0 f i w3l.obj
 0001:000020cb       ?do_is@?$ctype@_W@std@@MBE_NF_W@Z 7e5430cb f i w3l.obj
 0001:000020e5       ?do_narrow@?$ctype@_W@std@@MBED_WD@Z 7e5430e5 f i w3l.obj
 0001:000020ea       ?do_narrow@?$ctype@_W@std@@MBEPB_WPB_W0DPAD@Z 7e5430ea f i w3l.obj
 0001:0000211f       ?do_scan_is@?$ctype@_W@std@@MBEPB_WFPB_W0@Z 7e54311f f i w3l.obj
 0001:0000214c       ?do_scan_not@?$ctype@_W@std@@MBEPB_WFPB_W0@Z 7e54314c f i w3l.obj
 0001:00002179       ?do_tolower@?$ctype@_W@std@@MBEPB_WPA_WPB_W@Z 7e543179 f i w3l.obj
 0001:000021a7       ?do_tolower@?$ctype@_W@std@@MBE_W_W@Z 7e5431a7 f i w3l.obj
 0001:000021b9       ?do_toupper@?$ctype@_W@std@@MBEPB_WPA_WPB_W@Z 7e5431b9 f i w3l.obj
 0001:000021e7       ?do_toupper@?$ctype@_W@std@@MBE_W_W@Z 7e5431e7 f i w3l.obj
 0001:000021f9       ?do_widen@?$ctype@_W@std@@MBEPBDPBD0PA_W@Z 7e5431f9 f i w3l.obj
 0001:0000222c       ?do_widen@?$ctype@_W@std@@MBE_WD@Z 7e54322c f i w3l.obj
 0001:00002231       ?equivalent@error_category@std@@UBE_NABVerror_code@2@H@Z 7e543231 f i w3l.obj
 0001:00002253       ?equivalent@error_category@std@@UBE_NHABVerror_condition@2@@Z 7e543253 f i w3l.obj
 0001:00002273       ?flush@?$basic_ostream@_WU?$char_traits@_W@std@@@std@@QAEAAV12@XZ 7e543273 f i w3l.obj
 0001:00002336       ?imbue@?$basic_streambuf@_WU?$char_traits@_W@std@@@std@@MAEXABVlocale@2@@Z 7e543336 f i w3l.obj
 0001:00002339       ?init@?$basic_ios@_WU?$char_traits@_W@std@@@std@@IAEXPAV?$basic_streambuf@_WU?$char_traits@_W@std@@@2@_N@Z 7e543339 f i w3l.obj
 0001:00002381       ?make_error_code@std@@YA?AVerror_code@1@W4io_errc@1@@Z 7e543381 f i w3l.obj
 0001:00002393       ?message@_Iostream_error_category2@std@@UBE?AV?$basic_string@DU?$char_traits@D@std@@V?$allocator@D@2@@2@H@Z 7e543393 f i w3l.obj
 0001:000023c7       ?name@_Iostream_error_category2@std@@UBEPBDXZ 7e5433c7 f i w3l.obj
 0001:000023cd       ?overflow@?$basic_streambuf@_WU?$char_traits@_W@std@@@std@@MAEGG@Z 7e5433cd f i w3l.obj
 0001:000023cd       ?pbackfail@?$basic_streambuf@_WU?$char_traits@_W@std@@@std@@MAEGG@Z 7e5433cd f i w3l.obj
 0001:000023d5       ?overflow@?$basic_stringbuf@_WU?$char_traits@_W@std@@V?$allocator@_W@2@@std@@MAEGG@Z 7e5433d5 f i w3l.obj
 0001:0000253b       ?pbackfail@?$basic_stringbuf@_WU?$char_traits@_W@std@@V?$allocator@_W@2@@std@@MAEGG@Z 7e54353b f i w3l.obj
 0001:00002599       ?seekoff@?$basic_streambuf@_WU?$char_traits@_W@std@@@std@@MAE?AV?$fpos@U_Mbstatet@@@2@_JHH@Z 7e543599 f i w3l.obj
 0001:000025b5       ?seekoff@?$basic_stringbuf@_WU?$char_traits@_W@std@@V?$allocator@_W@2@@std@@MAE?AV?$fpos@U_Mbstatet@@@2@_JHH@Z 7e5435b5 f i w3l.obj
 0001:00002772       ?seekpos@?$basic_streambuf@_WU?$char_traits@_W@std@@@std@@MAE?AV?$fpos@U_Mbstatet@@@2@V32@H@Z 7e543772 f i w3l.obj
 0001:0000278e       ?seekpos@?$basic_stringbuf@_WU?$char_traits@_W@std@@V?$allocator@_W@2@@std@@MAE?AV?$fpos@U_Mbstatet@@@2@V32@H@Z 7e54378e f i w3l.obj
 0001:000028e2       ?setbuf@?$basic_streambuf@_WU?$char_traits@_W@std@@@std@@MAEPAV12@PA_W_J@Z 7e5438e2 f i w3l.obj
 0001:000028e7       ?showmanyc@?$basic_streambuf@_WU?$char_traits@_W@std@@@std@@MAE_JXZ 7e5438e7 f i w3l.obj
 0001:000028ec       ?sputc@?$basic_streambuf@_WU?$char_traits@_W@std@@@std@@QAEG_W@Z 7e5438ec f i w3l.obj
 0001:00002920       ?str@?$basic_stringbuf@_WU?$char_traits@_W@std@@V?$allocator@_W@2@@std@@QBE?AV?$basic_string@_WU?$char_traits@_W@std@@V?$allocator@_W@2@@2@XZ 7e543920 f i w3l.obj
 0001:00002986       ?sync@?$basic_streambuf@_WU?$char_traits@_W@std@@@std@@MAEHXZ 7e543986 f i w3l.obj
 0001:00002989       ?uflow@?$basic_streambuf@_WU?$char_traits@_W@std@@@std@@MAEGXZ 7e543989 f i w3l.obj
 0001:000029b2       ?underflow@?$basic_streambuf@_WU?$char_traits@_W@std@@@std@@MAEGXZ 7e5439b2 f i w3l.obj
 0001:000029b8       ?underflow@?$basic_stringbuf@_WU?$char_traits@_W@std@@V?$allocator@_W@2@@std@@MAEGXZ 7e5439b8 f i w3l.obj
 0001:00002a18       ?what@exception@std@@UBEPBDXZ 7e543a18 f i w3l.obj
 0001:00002a26       ?widen@?$basic_ios@_WU?$char_traits@_W@std@@@std@@QBE_WD@Z 7e543a26 f i w3l.obj
 0001:00002a76       ?xsgetn@?$basic_streambuf@_WU?$char_traits@_W@std@@@std@@MAE_JPA_W_J@Z 7e543a76 f i w3l.obj
 0001:00002b77       ?xsputn@?$basic_streambuf@_WU?$char_traits@_W@std@@@std@@MAE_JPB_W_J@Z 7e543b77 f i w3l.obj
 0001:00002c71       ??0_Init_locks@std@@QAE@XZ 7e543c71 f   libcpmt:xlock.obj
 0001:00002c9e       ??0_Lockit@std@@QAE@H@Z    7e543c9e f   libcpmt:xlock.obj
 0001:00002ccf       ??1_Init_locks@std@@QAE@XZ 7e543ccf f   libcpmt:xlock.obj
 0001:00002cf6       ??1_Lockit@std@@QAE@XZ     7e543cf6 f   libcpmt:xlock.obj
 0001:00002d15       ?uncaught_exception@std@@YA_NXZ 7e543d15 f   libcpmt:uncaught_exception.obj
 0001:00002d1a       ??0bad_alloc@std@@QAE@XZ   7e543d1a f i libcpmt:xthrow.obj
 0001:00002d32       ??0length_error@std@@QAE@ABV01@@Z 7e543d32 f i libcpmt:xthrow.obj
 0001:00002d4d       ??0length_error@std@@QAE@PBD@Z 7e543d4d f i libcpmt:xthrow.obj
 0001:00002d6c       ??0logic_error@std@@QAE@ABV01@@Z 7e543d6c f i libcpmt:xthrow.obj
 0001:00002d87       ??0runtime_error@std@@QAE@PBD@Z 7e543d87 f i libcpmt:xthrow.obj
 0001:00002da6       ??_Ebad_exception@std@@UAEPAXI@Z 7e543da6 f i libvcruntime:frame.obj
 0001:00002da6       ??_Elength_error@std@@UAEPAXI@Z 7e543da6 f i libcpmt:xthrow.obj
 0001:00002da6       ??_Elogic_error@std@@UAEPAXI@Z 7e543da6 f i libcpmt:xthrow.obj
 0001:00002da6       ??_Gbad_exception@std@@UAEPAXI@Z 7e543da6 f i libvcruntime:frame.obj
 0001:00002da6       ??_Glength_error@std@@UAEPAXI@Z 7e543da6 f i libcpmt:xthrow.obj
 0001:00002da6       ??_Glogic_error@std@@UAEPAXI@Z 7e543da6 f i libcpmt:xthrow.obj
 0001:00002dd3       ?_Xlength_error@std@@YAXPBD@Z 7e543dd3 f   libcpmt:xthrow.obj
 0001:00002df3       ?_Xruntime_error@std@@YAXPBD@Z 7e543df3 f   libcpmt:xthrow.obj
 0001:00002e13       ?_Syserror_map@std@@YAPBDH@Z 7e543e13 f   libcpmt:syserror.obj
 0001:00002e38       ??0_Locimp@locale@std@@AAE@_N@Z 7e543e38 f i libcpmt:locale0.obj
 0001:00002e79       ??1_Fac_node@std@@QAE@XZ   7e543e79 f i libcpmt:locale0.obj
 0001:00002eaa       ??1_Fac_tidy_reg_t@std@@QAE@XZ 7e543eaa f i libcpmt:locale0.obj
 0001:00002ed1       ??1_Locimp@locale@std@@MAE@XZ 7e543ed1 f i libcpmt:locale0.obj
 0001:00002efc       ??4?$_Yarn@D@std@@QAEAAV01@PBD@Z 7e543efc f i libcpmt:locale0.obj
 0001:00002f50       ??_E_Locimp@locale@std@@MAEPAXI@Z 7e543f50 f i libcpmt:locale0.obj
 0001:00002f50       ??_G_Locimp@locale@std@@MAEPAXI@Z 7e543f50 f i libcpmt:locale0.obj
 0001:00002f72       ?_Facet_Register@std@@YAXPAV_Facet_base@1@@Z 7e543f72 f   libcpmt:locale0.obj
 0001:00002f9e       ?_Getgloballocale@locale@std@@CAPAV_Locimp@12@XZ 7e543f9e f   libcpmt:locale0.obj
 0001:00002fa4       ?_Init@locale@std@@CAPAV_Locimp@12@_N@Z 7e543fa4 f   libcpmt:locale0.obj
 0001:00003031       ?_Locimp_dtor@_Locimp@locale@std@@CAXPAV123@@Z 7e544031 f   libcpmt:locale0.obj
 0001:000030a1       ?_Locinfo_ctor@_Locinfo@std@@SAXPAV12@PBD@Z 7e5440a1 f   libcpmt:locale0.obj
 0001:000030ec       ?_Locinfo_dtor@_Locinfo@std@@SAXPAV12@@Z 7e5440ec f   libcpmt:locale0.obj
 0001:00003106       ?_New_Locimp@_Locimp@locale@std@@CAPAV123@_N@Z 7e544106 f   libcpmt:locale0.obj
 0001:00003129       ?_Setgloballocale@locale@std@@CAXPAX@Z 7e544129 f   libcpmt:locale0.obj
 0001:00003151       __Deletegloballocale       7e544151 f   libcpmt:locale0.obj
 0001:000031b6       __Getctype                 7e5441b6 f   libcpmt:_tolower.obj
 0001:00003221       __Getcvt                   7e544221 f   libcpmt:xwctomb.obj
 0001:00003294       __Wcrtomb                  7e544294 f   libcpmt:xwctomb.obj
 0001:000032f0       __Mbrtowc                  7e5442f0 f   libcpmt:xmbtowc.obj
 0001:00003479       __Getwctype                7e544479 f   libcpmt:xgetwctype.obj
 0001:00003499       __Getwctypes               7e544499 f   libcpmt:xgetwctype.obj
 0001:000034b8       __Towlower                 7e5444b8 f   libcpmt:xtowlower.obj
 0001:00003518       __Towupper                 7e544518 f   libcpmt:xtowupper.obj
 0001:0000357c       ?_Addstd@ios_base@std@@SAXPAV12@@Z 7e54457c f   libcpmt:ios.obj
 0001:000035ce       ?_Callfns@ios_base@std@@AAEXW4event@12@@Z 7e5445ce f i libcpmt:ios.obj
 0001:00003601       ?_Ios_base_dtor@ios_base@std@@CAXPAV12@@Z 7e544601 f   libcpmt:ios.obj
 0001:00003641       ?_Tidy@ios_base@std@@AAEXXZ 7e544641 f i libcpmt:ios.obj
 0001:000036bc       __Mtxdst                   7e5446bc f   libcpmt:xmtx.obj
 0001:000036ca       __Mtxinit                  7e5446ca f   libcpmt:xmtx.obj
 0001:000036df       __Mtxlock                  7e5446df f   libcpmt:xmtx.obj
 0001:000036ed       __Mtxunlock                7e5446ed f   libcpmt:xmtx.obj
 0001:000036fb       ___local_stdio_printf_options 7e5446fb f i libcpmt:locale.obj
 0001:00003701       ??1_Init_atexit@@QAE@XZ    7e544701 f i libcpmt:iosptrs.obj
 0001:00003769       ?_Atexit@@YAXP6AXXZ@Z      7e544769 f   libcpmt:iosptrs.obj
 0001:00003798       __freea_crt                7e544798 f i libcpmt:StlLCMapStringA.obj
 0001:000037b6       ___crtLCMapStringW         7e5447b6 f   libcpmt:StlLCMapStringW.obj
 0001:000037f3       ??2@YAPAXI@Z               7e5447f3 f   LIBCMT:new_scalar.obj
 0001:00003823       ??3@YAXPAXI@Z              7e544823 f   LIBCMT:delete_scalar_size.obj
 0001:00003834       __EH_prolog                7e544834 f   LIBCMT:ehprolog.obj
 0001:00003853       ??_Etype_info@@UAEPAXI@Z   7e544853 f i LIBCMT:std_type_info_static.obj
 0001:00003853       ??_Gtype_info@@UAEPAXI@Z   7e544853 f i LIBCMT:std_type_info_static.obj
 0001:00003bb6       __DllMainCRTStartup@12     7e544bb6 f   LIBCMT:dll_dllmain.obj
 0001:00003c1d       ___scrt_acquire_startup_lock 7e544c1d f   LIBCMT:utility.obj
 0001:00003c4f       ___scrt_dllmain_after_initialize_c 7e544c4f f   LIBCMT:utility.obj
 0001:00003c7a       ___scrt_dllmain_before_initialize_c 7e544c7a f   LIBCMT:utility.obj
 0001:00003c88       ___scrt_dllmain_crt_thread_attach 7e544c88 f   LIBCMT:utility.obj
 0001:00003ca7       ___scrt_dllmain_crt_thread_detach 7e544ca7 f   LIBCMT:utility.obj
 0001:00003cb4       ___scrt_dllmain_exception_filter 7e544cb4 f   LIBCMT:utility.obj
 0001:00003ce8       ___scrt_dllmain_uninitialize_c 7e544ce8 f   LIBCMT:utility.obj
 0001:00003d0b       ___scrt_dllmain_uninitialize_critical 7e544d0b f   LIBCMT:utility.obj
 0001:00003d18       ___scrt_initialize_crt     7e544d18 f   LIBCMT:utility.obj
 0001:00003d51       ___scrt_initialize_onexit_tables 7e544d51 f   LIBCMT:utility.obj
 0001:00003dd8       ___scrt_is_nonwritable_in_current_image 7e544dd8 f   LIBCMT:utility.obj
 0001:00003e6c       ___scrt_release_startup_lock 7e544e6c f   LIBCMT:utility.obj
 0001:00003e89       ___scrt_uninitialize_crt   7e544e89 f   LIBCMT:utility.obj
 0001:00003eb1       __onexit                   7e544eb1 f   LIBCMT:utility.obj
 0001:00003ede       _atexit                    7e544ede f   LIBCMT:utility.obj
 0001:00003ef3       @__security_check_cookie@4 7e544ef3 f   LIBCMT:secchk.obj
 0001:00003f01       __EH_epilog3               7e544f01 f   LIBCMT:ehprolg3.obj
 0001:00003f15       __EH_prolog3               7e544f15 f   LIBCMT:ehprolg3.obj
 0001:00003f48       __EH_prolog3_catch         7e544f48 f   LIBCMT:ehprolg3.obj
 0001:00003f80       __alloca_probe_16          7e544f80 f   LIBCMT:alloca16.obj
 0001:00003f96       __alloca_probe_8           7e544f96     LIBCMT:alloca16.obj
 0001:00003fac       ___isa_available_init      7e544fac f   LIBCMT:cpu_disp.obj
 0001:00004180       ?__scrt_throw_std_bad_alloc@@YAXXZ 7e545180 f   LIBCMT:throw_bad_alloc.obj
 0001:0000419d       ??3@YAXPAX@Z               7e54519d f   LIBCMT:delete_scalar.obj
 0001:000041ef       ___security_init_cookie    7e5451ef f   LIBCMT:gs_support.obj
 0001:0000423a       _DllMain@12                7e54523a f   LIBCMT:dll_dllmain_stub.obj
 0001:00004240       ?__scrt_initialize_type_info@@YAXXZ 7e545240 f   LIBCMT:tncleanup.obj
 0001:0000424c       ?__scrt_uninitialize_type_info@@YAXXZ 7e54524c f   LIBCMT:tncleanup.obj
 0001:00004258       ___local_stdio_scanf_options 7e545258 f i LIBCMT:default_local_stdio_options.obj
 0001:0000425e       ___scrt_initialize_default_local_stdio_options 7e54525e f   LIBCMT:default_local_stdio_options.obj
 0001:0000427b       ___scrt_get_dyn_tls_init_callback 7e54527b f   LIBCMT:dyn_tls_init.obj
 0001:00004281       ___scrt_fastfail           7e545281 f   LIBCMT:utility_desktop.obj
 0001:0000439c       __crt_debugger_hook        7e54539c f   LIBCMT:utility_desktop.obj
 0001:000043a4       __RTC_Initialize           7e5453a4 f   LIBCMT:initsect.obj
 0001:000043d0       __RTC_Terminate            7e5453d0 f   LIBCMT:initsect.obj
 0001:00004400       __SEH_prolog4              7e545400 f   LIBCMT:sehprolg4.obj
 0001:00004445       __get_startup_argv_mode    7e545445 f   LIBCMT:argv_mode.obj
 0001:00004449       ___scrt_is_ucrt_dll_in_use 7e545449 f   LIBCMT:ucrt_detection.obj
 0001:00004455       ___raise_securityfailure   7e545455 f   LIBCMT:gs_report.obj
 0001:0000447d       ___report_gsfailure        7e54547d f   LIBCMT:gs_report.obj
 0001:00004577       ___report_rangecheckfailure 7e545577 f   LIBCMT:gs_report.obj
 0001:00004583       ___report_securityfailure  7e545583 f   LIBCMT:gs_report.obj
 0001:00004660       __alloca_probe             7e545660 f   LIBCMT:chkstk.obj
 0001:00004660       __chkstk                   7e545660 f   LIBCMT:chkstk.obj
 0001:0000468b       __get_purecall_handler     7e54568b f   libvcruntime:purevirt.obj
 0001:00004692       __purecall                 7e545692 f   libvcruntime:purevirt.obj
 0001:000046ae       ___DestructExceptionObject 7e5456ae f   libvcruntime:ehhelpers.obj
 0001:0000474f       ?_CallMemberFunction0@@YGXQAX0@Z 7e54574f f i libvcruntime:ehhelpers.obj
 0001:000047b4       __IsExceptionObjectToBeDestroyed 7e5457b4 f   libvcruntime:ehhelpers.obj
 0001:000047da       ___AdjustPointer           7e5457da f   libvcruntime:ehhelpers.obj
 0001:000047ff       ___FrameUnwindFilter       7e5457ff f   libvcruntime:ehhelpers.obj
 0001:00004855       ___std_terminate           7e545855 f   libvcruntime:ehhelpers.obj
 0001:0000485a       _memcmp                    7e54585a f   libvcruntime:memcmp.obj
 0001:00005ee0       _memcpy                    7e546ee0 f   libvcruntime:memcpy.obj
 0001:00005ee0       _memmove                   7e546ee0 f   libvcruntime:memmove.obj
 0001:00006460       _memset                    7e547460 f   libvcruntime:memset.obj
 0001:000065ba       ___std_exception_copy      7e5475ba f   libvcruntime:std_exception.obj
 0001:0000661d       ___std_exception_destroy   7e54761d f   libvcruntime:std_exception.obj
 0001:0000663c       __CxxThrowException@8      7e54763c f   libvcruntime:throw.obj
 0001:000066a8       ?GetRangeOfTrysToCheck@__FrameHandler3@@SA?AU?$pair@Viterator@TryBlockMap@__FrameHandler3@@V123@@std@@AAVTryBlockMap@1@HPAXPBU_s_FuncInfo@@H@Z 7e5476a8 f   libvcruntime:trnsctrl.obj
 0001:00006718       ?_CallCatchBlock2@@YAPAXPAUEHRegistrationNode@@PBU_s_FuncInfo@@PAXHK@Z 7e547718 f   libvcruntime:trnsctrl.obj
 0001:00006775       ?_CallSETranslator@@YAHPAUEHExceptionRecord@@PAUEHRegistrationNode@@PAX2PBU_s_FuncInfo@@H1@Z 7e547775 f   libvcruntime:trnsctrl.obj
 0001:0000686b       ?_JumpToContinuation@@YGXPAXPAUEHRegistrationNode@@@Z 7e54786b f   libvcruntime:trnsctrl.obj
 0001:0000689b       ?_UnwindNestedFrames@@YGXPAUEHRegistrationNode@@PAUEHExceptionRecord@@@Z 7e54789b f   libvcruntime:trnsctrl.obj
 0001:000068ee       __CatchGuardHandler        7e5478ee f   libvcruntime:trnsctrl.obj
 0001:0000691f       __CreateFrameInfo          7e54791f f   libvcruntime:trnsctrl.obj
 0001:00006943       __FindAndUnlinkFrame       7e547943 f   libvcruntime:trnsctrl.obj
 0001:0000698b       __TranslatorGuardHandler   7e54798b f   libvcruntime:trnsctrl.obj
 0001:00006a28       ___CxxFrameHandler3        7e547a28 f   libvcruntime:trnsctrl.obj
 0001:00006a5e       ___uncaught_exception      7e547a5e f   libvcruntime:uncaught_exception.obj
 0001:00006ac0       __except_handler4          7e547ac0 f   libvcruntime:chandler4.obj
 0001:00006c1e       ___vcrt_initialize         7e547c1e f   libvcruntime:initialization.obj
 0001:00006c3d       ___vcrt_thread_attach      7e547c3d f   libvcruntime:initialization.obj
 0001:00006c48       ___vcrt_thread_detach      7e547c48 f   libvcruntime:initialization.obj
 0001:00006c50       ___vcrt_uninitialize       7e547c50 f   libvcruntime:initialization.obj
 0001:00006c67       ___vcrt_uninitialize_critical 7e547c67 f   libvcruntime:initialization.obj
 0001:00006c6f       ___std_type_info_compare   7e547c6f f   libvcruntime:std_type_info.obj
 0001:00006cab       ___std_type_info_destroy_list 7e547cab f   libvcruntime:std_type_info.obj
 0001:00006cce       ___vcrt_freefls@4          7e547cce f   libvcruntime:per_thread_data.obj
 0001:00006cea       ___vcrt_freeptd_for_this_thread 7e547cea f   libvcruntime:per_thread_data.obj
 0001:00006d15       ___vcrt_getptd             7e547d15 f   libvcruntime:per_thread_data.obj
 0001:00006d23       ___vcrt_getptd_noexit      7e547d23 f   libvcruntime:per_thread_data.obj
 0001:00006db5       ___vcrt_getptd_noinit      7e547db5 f   libvcruntime:per_thread_data.obj
 0001:00006dec       ___vcrt_initialize_ptd     7e547dec f   libvcruntime:per_thread_data.obj
 0001:00006e1f       ___vcrt_uninitialize_ptd   7e547e1f f   libvcruntime:per_thread_data.obj
 0001:0000756c       ??$TypeMatchHelper@V__FrameHandler3@@@@YAHPBU_s_HandlerType@@PBU_s_CatchableType@@PBU_s_ThrowInfo@@@Z 7e54856c f i libvcruntime:frame.obj
 0001:000075fa       ??$__InternalCxxFrameHandler@V__FrameHandler3@@@@YA?AW4_EXCEPTION_DISPOSITION@@PAUEHExceptionRecord@@PAUEHRegistrationNode@@PAU_CONTEXT@@PAXPBU_s_FuncInfo@@H1E@Z 7e5485fa f i libvcruntime:frame.obj
 0001:000076fc       ??$__InternalCxxFrameHandlerWrapper@V__FrameHandler3@@@@YA?AW4_EXCEPTION_DISPOSITION@@PAUEHExceptionRecord@@PAUEHRegistrationNode@@PAU_CONTEXT@@PAXPBU_s_FuncInfo@@H1E@Z 7e5486fc f i libvcruntime:frame.obj
 0001:00007705       ??0bad_exception@std@@QAE@ABV01@@Z 7e548705 f i libvcruntime:frame.obj
 0001:00007720       ??0bad_exception@std@@QAE@XZ 7e548720 f i libvcruntime:frame.obj
 0001:00007738       ??8type_info@@QBE_NABV0@@Z 7e548738 f i libvcruntime:frame.obj
 0001:000079af       ?FrameUnwindToEmptyState@__FrameHandler3@@SAXPAUEHRegistrationNode@@PAXPBU_s_FuncInfo@@@Z 7e5489af f   libvcruntime:frame.obj
 0001:000079c7       ?FrameUnwindToState@__FrameHandler3@@SAXPAUEHRegistrationNode@@PAXPBU_s_FuncInfo@@H@Z 7e5489c7 f   libvcruntime:frame.obj
 0001:00007b49       ?_CallMemberFunction1@@YGXQAX00@Z 7e548b49 f i libvcruntime:frame.obj
 0001:00007b59       ?_CallMemberFunction2@@YGXQAX00H@Z 7e548b59 f i libvcruntime:frame.obj
 0001:00007b6c       ?getESTypes@__FrameHandler3@@SAPBU_s_ESTypeList@@PBU_s_FuncInfo@@@Z 7e548b6c f i libvcruntime:frame.obj
 0001:00007b80       __CallSettingFrame@12      7e548b80 f   libvcruntime:lowhelpr.obj
 0001:00007ba7       __NLG_Return               7e548ba7     libvcruntime:lowhelpr.obj
 0001:00007bcc       ___except_validate_context_record 7e548bcc f   libvcruntime:jbcxrval.obj
 0001:00007c00       __local_unwind4            7e548c00 f   libvcruntime:exsup4.obj
 0001:00007cf0       @_EH4_CallFilterFunc@8     7e548cf0 f   libvcruntime:exsup4.obj
 0001:00007d10       @_EH4_TransferToHandler@8  7e548d10 f   libvcruntime:exsup4.obj
 0001:00007d30       @_EH4_GlobalUnwind2@8      7e548d30 f   libvcruntime:exsup4.obj
 0001:00007d50       @_EH4_LocalUnwind@16       7e548d50 f   libvcruntime:exsup4.obj
 0001:00007d67       ___vcrt_initialize_locks   7e548d67 f   libvcruntime:locks.obj
 0001:00007da3       ___vcrt_uninitialize_locks 7e548da3 f   libvcruntime:locks.obj
 0001:00007ebd       ___vcrt_FlsAlloc           7e548ebd f   libvcruntime:winapi_downlevel.obj
 0001:00007ef8       ___vcrt_FlsFree            7e548ef8 f   libvcruntime:winapi_downlevel.obj
 0001:00007f33       ___vcrt_FlsGetValue        7e548f33 f   libvcruntime:winapi_downlevel.obj
 0001:00007f6e       ___vcrt_FlsSetValue        7e548f6e f   libvcruntime:winapi_downlevel.obj
 0001:00007fac       ___vcrt_InitializeCriticalSectionEx 7e548fac f   libvcruntime:winapi_downlevel.obj
 0001:00007ff3       _unexpected                7e548ff3 f   libvcruntime:unexpected.obj
 0001:00008010       ?GetCurrentState@__FrameHandler3@@SAHPAUEHRegistrationNode@@PAXPBU_s_FuncInfo@@@Z 7e549010 f   libvcruntime:ehstate.obj
 0001:0000802d       ?SetState@__FrameHandler3@@SAXPAUEHRegistrationNode@@PBU_s_FuncInfo@@H@Z 7e54902d f   libvcruntime:ehstate.obj
 0001:00008040       __NLG_Notify1              7e549040 f   libvcruntime:exsup.obj
 0001:00008050       __NLG_Notify               7e549050 f   libvcruntime:exsup.obj
 0001:00008067       __NLG_Dispatch             7e549067     libvcruntime:exsup.obj
 0001:00008067       __NLG_Dispatch2            7e549067     libvcruntime:exsup.obj
 0001:00008070       __NLG_Call                 7e549070 f   libvcruntime:exsup.obj
 0001:00008072       __NLG_Return2              7e549072     libvcruntime:exsup.obj
 0001:00008073       ??0__crt_cached_ptd_host@@QAE@QAU__crt_locale_pointers@@@Z 7e549073 f i libucrt:invalid_parameter.obj
 0001:000080bb       ??1__crt_cached_ptd_host@@QAE@XZ 7e5490bb f i libucrt:invalid_parameter.obj
 0001:000080f7       ?check_synchronize_global_state_index@__crt_cached_ptd_host@@AAEIXZ 7e5490f7 f i libucrt:invalid_parameter.obj
 0001:00008120       ?force_synchronize_per_thread_data@__crt_cached_ptd_host@@AAEPAU__acrt_ptd@@XZ 7e549120 f i libucrt:invalid_parameter.obj
 0001:00008166       ?get_raw_ptd@__crt_cached_ptd_host@@QAEPAU__acrt_ptd@@XZ 7e549166 f i libucrt:invalid_parameter.obj
 0001:00008183       ___acrt_call_reportfault   7e549183 f   libucrt:invalid_parameter.obj
 0001:000082bc       ___acrt_initialize_invalid_parameter_handler 7e5492bc f   libucrt:invalid_parameter.obj
 0001:000082cb       __invalid_parameter        7e5492cb f   libucrt:invalid_parameter.obj
 0001:00008302       __invalid_parameter_internal 7e549302 f   libucrt:invalid_parameter.obj
 0001:0000837f       __invalid_parameter_noinfo 7e54937f f   libucrt:invalid_parameter.obj
 0001:0000838f       __invalid_parameter_noinfo_noreturn 7e54938f f   libucrt:invalid_parameter.obj
 0001:000083ac       __invoke_watson            7e5493ac f   libucrt:invalid_parameter.obj
 0001:000083e0       _wcslen                    7e5493e0 f   libucrt:strnlen.obj
 0001:00008508       _wcsnlen                   7e549508 f   libucrt:strnlen.obj
 0001:000086c0       _strlen                    7e5496c0 f   libucrt:strlen.obj
 0001:0000874b       _free                      7e54974b f   libucrt:free.obj
 0001:00008869       __wgetenv                  7e549869 f   libucrt:getenv.obj
 0001:00008874       ___acrt_initialize_locks   7e549874 f   libucrt:locks.obj
 0001:000088b5       ___acrt_lock               7e5498b5 f   libucrt:locks.obj
 0001:000088cc       ___acrt_uninitialize_locks 7e5498cc f   libucrt:locks.obj
 0001:000088fd       ___acrt_unlock             7e5498fd f   libucrt:locks.obj
 0001:00008914       __lock_locales             7e549914 f   libucrt:locks.obj
 0001:00008922       __unlock_locales           7e549922 f   libucrt:locks.obj
 0001:0000892b       _malloc                    7e54992b f   libucrt:malloc.obj
 0001:00008b8b       _setlocale                 7e549b8b f   libucrt:setlocale.obj
 0001:00008bc3       ___pctype_func             7e549bc3 f   libucrt:ctype.obj
 0001:00008be7       ___acrt_locale_get_ctype_array_value 7e549be7 f i libucrt:_ctype.obj
 0001:00008c09       ____lc_codepage_func       7e549c09 f   libucrt:initctype.obj
 0001:00008c2e       ____lc_locale_name_func    7e549c2e f   libucrt:initctype.obj
 0001:00008c55       ____mb_cur_max_func        7e549c55 f   libucrt:initctype.obj
 0001:00008c7a       ___acrt_locale_initialize_ctype 7e549c7a f   libucrt:initctype.obj
 0001:000090d7       _calloc                    7e54a0d7 f   libucrt:calloc.obj
 0001:000090e2       __wcsdup                   7e54a0e2 f   libucrt:wcsdup.obj
 0001:00009141       ___acrt_errno_from_os_error 7e54a141 f   libucrt:errno.obj
 0001:00009184       ___acrt_errno_map_os_error 7e54a184 f   libucrt:errno.obj
 0001:000091a7       ___acrt_errno_map_os_error_ptd 7e54a1a7 f   libucrt:errno.obj
 0001:000091cb       ___doserrno                7e54a1cb f   libucrt:errno.obj
 0001:000091de       __errno                    7e54a1de f   libucrt:errno.obj
 0001:000091f1       ??0_LocaleUpdate@@QAE@QAU__crt_locale_pointers@@@Z 7e54a1f1 f i libucrt:strtod.obj
 0001:00009273       ?unget@?$c_string_character_source@_W@__crt_strtox@@QAEX_W@Z 7e54a273 f i libucrt:strtod.obj
 0001:000092a1       ?validate@?$c_string_character_source@_W@__crt_strtox@@QBE_NXZ 7e54a2a1 f i libucrt:strtod.obj
 0001:000092c0       _strcspn                   7e54a2c0 f   libucrt:strcspn.obj
 0001:00009306       ??$is_overflow_condition@K@__crt_strtox@@YA_NIK@Z 7e54a306 f i libucrt:output.obj
 0001:00009340       ?update_locale_slow@__crt_cached_ptd_host@@AAEXXZ 7e54a340 f i libucrt:output.obj
 0001:0000939b       _abort                     7e54a39b f   libucrt:abort.obj
 0001:000093df       ___strncnt                 7e54a3df f   libucrt:strncnt.obj
 0001:000093fb       ??$__acrt_convert_wcs_mbs_cp@D_WV<lambda_62f6974d9771e494a5ea317cc32e971c>@@U__crt_win32_buffer_internal_dynamic_resizing@@@@YAHQBDAAV?$__crt_win32_buffer@_WU__crt_win32_buffer_internal_dynamic_resizing@@@@ABV<lambda_62f6974d9771e494a5ea317cc32e971c>@@I@Z 7e54a3fb f i libucrt:strftime.obj
 0001:000094ad       ??$__acrt_convert_wcs_mbs_cp@_WDV<lambda_0fec1a7b3f42a53036604e18c2d5e07e>@@U__crt_win32_buffer_no_resizing@@@@YAHQB_WAAV?$__crt_win32_buffer@DU__crt_win32_buffer_no_resizing@@@@ABV<lambda_0fec1a7b3f42a53036604e18c2d5e07e>@@I@Z 7e54a4ad f i libucrt:strftime.obj
 0001:0000956f       ??$__acrt_mbs_to_wcs_cp@U__crt_win32_buffer_internal_dynamic_resizing@@@@YAHQBDAAV?$__crt_win32_buffer@_WU__crt_win32_buffer_internal_dynamic_resizing@@@@I@Z 7e54a56f f i libucrt:strftime.obj
 0001:0000958c       ??R<lambda_0fec1a7b3f42a53036604e18c2d5e07e>@@QBEHIQB_WQADI@Z 7e54a58c f i libucrt:strftime.obj
 0001:0000958c       ??R<lambda_28bda7af82a03b66c1cb3803a755f95d>@@QBEHIQB_WQADI@Z 7e54a58c f i libucrt:argv_wildcards.obj
 0001:000095b0       ?_deallocate@?$__crt_win32_buffer@DU__crt_win32_buffer_internal_dynamic_resizing@@@@AAEXXZ 7e54a5b0 f i libucrt:argv_wildcards.obj
 0001:000095b0       ?_deallocate@?$__crt_win32_buffer@_WU__crt_win32_buffer_internal_dynamic_resizing@@@@AAEXXZ 7e54a5b0 f i libucrt:strftime.obj
 0001:000095ca       ?allocate@?$__crt_win32_buffer@DU__crt_win32_buffer_no_resizing@@@@QAEHI@Z 7e54a5ca f i libucrt:strftime.obj
 0001:000095f1       ?allocate@?$__crt_win32_buffer@_WU__crt_win32_buffer_internal_dynamic_resizing@@@@QAEHI@Z 7e54a5f1 f i libucrt:strftime.obj
 0001:00009630       ?allocate@__crt_win32_buffer_internal_dynamic_resizing@@SAHQAPAXIABV__crt_win32_buffer_empty_debug_info@@@Z 7e54a630 f i libucrt:strftime.obj
 0001:0000964f       ?set_to_nullptr@?$__crt_win32_buffer@DU__crt_win32_buffer_no_resizing@@@@QAEXXZ 7e54a64f f i libucrt:strftime.obj
 0001:00009663       ___acrt_initialize_new_handler 7e54a663 f   libucrt:new_handler.obj
 0001:00009672       __callnewh                 7e54a672 f   libucrt:new_handler.obj
 0001:0000969f       __query_new_handler        7e54a69f f   libucrt:new_handler.obj
 0001:000096fb       __initterm                 7e54a6fb f   libucrt:initterm.obj
 0001:00009726       __initterm_e               7e54a726 f   libucrt:initterm.obj
 0001:00009754       __seh_filter_dll           7e54a754 f   libucrt:exception_filter.obj
 0001:00009774       __seh_filter_exe           7e54a774 f   libucrt:exception_filter.obj
 0001:00009ba1       ___acrt_initialize_thread_local_exit_callback 7e54aba1 f   libucrt:exit.obj
 0001:00009bb0       __cexit                    7e54abb0 f   libucrt:exit.obj
 0001:00009bbf       __exit                     7e54abbf f   libucrt:exit.obj
 0001:00009bd5       __is_c_termination_complete 7e54abd5 f   libucrt:exit.obj
 0001:00009e8d       ___acrt_allocate_buffer_for_argv 7e54ae8d f   libucrt:argv_parsing.obj
 0001:00009edc       __configure_narrow_argv    7e54aedc f   libucrt:argv_parsing.obj
 0001:0000a2a8       ___dcrt_get_or_create_wide_environment_nolock 7e54b2a8 f   libucrt:environment_initialization.obj
 0001:0000a2ad       ___dcrt_uninitialize_environments_nolock 7e54b2ad f   libucrt:environment_initialization.obj
 0001:0000a2fe       __initialize_narrow_environment 7e54b2fe f   libucrt:environment_initialization.obj
 0001:0000a3b9       ??$__crt_fast_encode_pointer@P6AHXZ@@YAP6AHXZQ6AHXZ@Z 7e54b3b9 f i libucrt:onexit.obj
 0001:0000a3b9       ??$__crt_fast_encode_pointer@P6GHPA_WKJ@Z@@YAP6GHPA_WKJ@ZQ6GH0KJ@Z@Z 7e54b3b9 f i libucrt:winapi_thunks.obj
 0001:0000a3b9       ??$__crt_fast_encode_pointer@PAP6AXXZ@@YAPAP6AXXZQAP6AXXZ@Z 7e54b3b9 f i libucrt:onexit.obj
 0001:0000a3b9       ??$__crt_fast_encode_pointer@PAX@@YAPAXQAX@Z 7e54b3b9 f i libucrt:initialization.obj
 0001:0000a5b4       __crt_atexit               7e54b5b4 f   libucrt:onexit.obj
 0001:0000a5ca       __execute_onexit_table     7e54b5ca f   libucrt:onexit.obj
 0001:0000a608       __initialize_onexit_table  7e54b608 f   libucrt:onexit.obj
 0001:0000a631       __register_onexit_function 7e54b631 f   libucrt:onexit.obj
 0001:0000a6b4       ___acrt_uninitialize_command_line 7e54b6b4 f   libucrt:argv_data.obj
 0001:0000a762       ___acrt_initialize         7e54b762 f   libucrt:initialization.obj
 0001:0000a774       ___acrt_thread_attach      7e54b774 f   libucrt:initialization.obj
 0001:0000a77f       ___acrt_thread_detach      7e54b77f f   libucrt:initialization.obj
 0001:0000a787       ___acrt_uninitialize       7e54b787 f   libucrt:initialization.obj
 0001:0000a7b7       ___acrt_uninitialize_critical 7e54b7b7 f   libucrt:initialization.obj
 0001:0000a7c9       _terminate                 7e54b7c9 f   libucrt:terminate.obj
 0001:0000a805       _strcpy_s                  7e54b805 f   libucrt:strcpy_s.obj
 0001:0000a85f       ??$parse_integer@KV?$c_string_character_source@_W@__crt_strtox@@$00@__crt_strtox@@YAKAAV__crt_cached_ptd_host@@V?$c_string_character_source@_W@0@H_N@Z 7e54b85f f i libucrt:atox.obj
 0001:0000ae69       __wtol                     7e54be69 f   libucrt:atox.obj
 0001:0000aeb0       _strncmp                   7e54beb0 f   libucrt:strncmp.obj
 0001:0000af28       _wcsncmp                   7e54bf28 f   libucrt:wcsncmp.obj
 0001:0000b2a0       ___acrt_freeptd            7e54c2a0 f   libucrt:per_thread_data.obj
 0001:0000b2cc       ___acrt_getptd             7e54c2cc f   libucrt:per_thread_data.obj
 0001:0000b387       ___acrt_getptd_head        7e54c387 f   libucrt:per_thread_data.obj
 0001:0000b41d       ___acrt_getptd_noexit      7e54c41d f   libucrt:per_thread_data.obj
 0001:0000b4ce       ___acrt_getptd_noexit_explicit 7e54c4ce f   libucrt:per_thread_data.obj
 0001:0000b571       ___acrt_initialize_ptd     7e54c571 f   libucrt:per_thread_data.obj
 0001:0000b59d       ___acrt_uninitialize_ptd   7e54c59d f   libucrt:per_thread_data.obj
 0001:0000b6b7       ??0_expandlocale_locale_name_cache@@QAE@QA_WIQAU__crt_qualified_locale_data@@@Z 7e54c6b7 f i libucrt:wsetlocale.obj
 0001:0000b701       ??1_expandlocale_locale_name_cache@@QAE@XZ 7e54c701 f i libucrt:wsetlocale.obj
 0001:0000b899       ?commit_locale_name@_expandlocale_locale_name_cache@@QAEXQB_WI@Z 7e54c899 f i libucrt:wsetlocale.obj
 0001:0000b8dd       ?commit_locale_name_cache_already_updated@_expandlocale_locale_name_cache@@QAEXQB_WI@Z 7e54c8dd f i libucrt:wsetlocale.obj
 0001:0000b912       ___acrt_copy_locale_name   7e54c912 f   libucrt:wsetlocale.obj
 0001:0000b972       ___acrt_set_locale_changed 7e54c972 f   libucrt:wsetlocale.obj
 0001:0000b97d       ___acrt_uninitialize_locale 7e54c97d f   libucrt:wsetlocale.obj
 0001:0000b9a4       ___lc_lctowcs              7e54c9a4 f   libucrt:wsetlocale.obj
 0001:0000ba14       ___lc_wcstolc              7e54ca14 f   libucrt:wsetlocale.obj
 0001:0000bf59       __wcscats                  7e54cf59 f   libucrt:wsetlocale.obj
 0001:0000bf9a       __wsetlocale               7e54cf9a f   libucrt:wsetlocale.obj
 0001:0000cc7b       __free_base                7e54dc7b f   libucrt:free_base.obj
 0001:0000ccb5       _wcscpy_s                  7e54dcb5 f   libucrt:wcscpy_s.obj
 0001:0000cd19       __wcsnicoll                7e54dd19 f   libucrt:wcsnicol.obj
 0001:0000cd86       __wcsnicoll_l              7e54dd86 f   libucrt:wcsnicol.obj
 0001:0000d16a       ___acrt_AppPolicyGetProcessTerminationMethodInternal@4 7e54e16a f   libucrt:winapi_thunks.obj
 0001:0000d1aa       ___acrt_AreFileApisANSI@0  7e54e1aa f   libucrt:winapi_thunks.obj
 0001:0000d1c9       ___acrt_CompareStringEx@36 7e54e1c9 f   libucrt:winapi_thunks.obj
 0001:0000d226       ___acrt_EnumSystemLocalesEx@16 7e54e226 f   libucrt:winapi_thunks.obj
 0001:0000d27a       ___acrt_FlsAlloc@4         7e54e27a f   libucrt:winapi_thunks.obj
 0001:0000d2b9       ___acrt_FlsFree@4          7e54e2b9 f   libucrt:winapi_thunks.obj
 0001:0000d2f8       ___acrt_FlsGetValue@4      7e54e2f8 f   libucrt:winapi_thunks.obj
 0001:0000d337       ___acrt_FlsSetValue@8      7e54e337 f   libucrt:winapi_thunks.obj
 0001:0000d379       ___acrt_GetLocaleInfoEx@16 7e54e379 f   libucrt:winapi_thunks.obj
 0001:0000d3b8       ___acrt_GetUserDefaultLocaleName@8 7e54e3b8 f   libucrt:winapi_thunks.obj
 0001:0000d3f4       ___acrt_InitializeCriticalSectionEx@12 7e54e3f4 f   libucrt:winapi_thunks.obj
 0001:0000d43f       ___acrt_IsValidLocaleName@4 7e54e43f f   libucrt:winapi_thunks.obj
 0001:0000d477       ___acrt_LCIDToLocaleName@16 7e54e477 f   libucrt:winapi_thunks.obj
 0001:0000d4b6       ___acrt_LCMapStringEx@36   7e54e4b6 f   libucrt:winapi_thunks.obj
 0001:0000d513       ___acrt_LocaleNameToLCID@8 7e54e513 f   libucrt:winapi_thunks.obj
 0001:0000d544       ___acrt_can_use_vista_locale_apis 7e54e544 f   libucrt:winapi_thunks.obj
 0001:0000d54f       ___acrt_eagerly_load_locale_apis 7e54e54f f   libucrt:winapi_thunks.obj
 0001:0000d586       ___acrt_initialize_winapi_thunks 7e54e586 f   libucrt:winapi_thunks.obj
 0001:0000d59a       ___acrt_uninitialize_winapi_thunks 7e54e59a f   libucrt:winapi_thunks.obj
 0001:0000d5d0       __malloc_base              7e54e5d0 f   libucrt:malloc_base.obj
 0001:0000d61e       __calloc_base              7e54e61e f   libucrt:calloc_base.obj
 0001:0000d926       _mbstowcs_s                7e54e926 f   libucrt:mbstowcs.obj
 0001:0000dce8       __wcstombs_s_l             7e54ece8 f   libucrt:wcstombs.obj
 0001:0000dd26       ___acrt_update_locale_info 7e54ed26 f   libucrt:locale_update.obj
 0001:0000dd53       ___acrt_update_locale_info_explicit 7e54ed53 f   libucrt:locale_update.obj
 0001:0000dd84       ___acrt_update_multibyte_info 7e54ed84 f   libucrt:locale_update.obj
 0001:0000ddb1       ___acrt_update_multibyte_info_explicit 7e54edb1 f   libucrt:locale_update.obj
 0001:0000dec9       ___acrt_GetLocaleInfoA     7e54eec9 f   libucrt:getlocaleinfoa.obj
 0001:0000e079       ___acrt_GetStringTypeA     7e54f079 f   libucrt:getstringtypea.obj
 0001:0000e370       ___acrt_LCMapStringA       7e54f370 f   libucrt:lcmapstringa.obj
 0001:0000e3b9       __errcode                  7e54f3b9 f   libucrt:fpexcept.obj
 0001:0000e3ed       __except1                  7e54f3ed f   libucrt:fpexcept.obj
 0001:0000e4bb       __handle_exc               7e54f4bb f   libucrt:fpexcept.obj
 0001:0000e734       __raise_exc                7e54f734 f   libucrt:fpexcept.obj
 0001:0000e757       __raise_exc_ex             7e54f757 f   libucrt:fpexcept.obj
 0001:0000ea4d       __set_errno_from_matherr   7e54fa4d f   libucrt:fpexcept.obj
 0001:0000ea7c       __umatherr                 7e54fa7c f   libucrt:fpexcept.obj
 0001:0000eb1c       __decomp                   7e54fb1c f   libucrt:util.obj
 0001:0000ebee       __set_exp                  7e54fbee f   libucrt:util.obj
 0001:0000ec1b       __sptype                   7e54fc1b f   libucrt:util.obj
 0001:0000ec79       __clrfp                    7e54fc79 f   libucrt:fpctrl.obj
 0001:0000ec8a       __ctrlfp                   7e54fc8a f   libucrt:fpctrl.obj
 0001:0000ecb4       __set_statfp               7e54fcb4 f   libucrt:fpctrl.obj
 0001:0000ed0d       __statfp                   7e54fd0d f   libucrt:fpctrl.obj
 0001:0000ed1d       __realloc_base             7e54fd1d f   libucrt:realloc_base.obj
 0001:0000ed86       _iswctype                  7e54fd86 f   libucrt:iswctype.obj
 0001:0000edef       _fegetround                7e54fdef f   libucrt:fegetround.obj
 0001:0000edfc       __mbtowc_internal          7e54fdfc f   libucrt:mbtowc.obj
 0001:0000ef2f       __fileno                   7e54ff2f f   libucrt:fileno.obj
 0001:0000ef56       ___acrt_initialize_stdio   7e54ff56 f   libucrt:_file.obj
 0001:0000f01e       ___acrt_uninitialize_stdio 7e55001e f   libucrt:_file.obj
 0001:0000f06a       __lock_file                7e55006a f   libucrt:_file.obj
 0001:0000f07e       __unlock_file              7e55007e f   libucrt:_file.obj
 0001:0000f1f8       ___acrt_initialize_lowio   7e5501f8 f   libucrt:ioinit.obj
 0001:0000f258       ___acrt_uninitialize_lowio 7e550258 f   libucrt:ioinit.obj
 0001:0000f352       ___acrt_get_sigabrt_handler 7e550352 f   libucrt:signal.obj
 0001:0000f379       ___acrt_initialize_signal_handlers 7e550379 f   libucrt:signal.obj
 0001:0000f397       _raise                     7e550397 f   libucrt:signal.obj
 0001:0000f58a       ___acrt_MultiByteToWideChar 7e55058a f   libucrt:multibytetowidechar.obj
 0001:0000f606       ___acrt_WideCharToMultiByte 7e550606 f   libucrt:widechartomultibyte.obj
 0001:0000f6bd       ___ascii_wcsicmp           7e5506bd f   libucrt:wcsicmp.obj
 0001:0000f6fa       __towlower_internal        7e5506fa f i libucrt:wcsicmp.obj
 0001:0000f739       __wcsicmp                  7e550739 f   libucrt:wcsicmp.obj
 0001:0000f782       __wcsicmp_l                7e550782 f   libucrt:wcsicmp.obj
 0001:0000f83a       ___acrt_initialize_timeset 7e55083a f   libucrt:timeset.obj
 0001:0000f86f       ?__acrt_get_utf8_acp_compatibility_codepage@@YAIXZ 7e55086f f i libucrt:tzset.obj
 0001:0000f8ae       ___acrt_get_process_end_policy 7e5508ae f   libucrt:win_policies.obj
 0001:0000f8f7       ??$__acrt_convert_wcs_mbs_cp@_WDV<lambda_28bda7af82a03b66c1cb3803a755f95d>@@U__crt_win32_buffer_internal_dynamic_resizing@@@@YAHQB_WAAV?$__crt_win32_buffer@DU__crt_win32_buffer_internal_dynamic_resizing@@@@ABV<lambda_28bda7af82a03b66c1cb3803a755f95d>@@I@Z 7e5508f7 f i libucrt:argv_wildcards.obj
 0001:0000fe99       ?allocate@?$__crt_win32_buffer@DU__crt_win32_buffer_internal_dynamic_resizing@@@@QAEHI@Z 7e550e99 f i libucrt:argv_wildcards.obj
 0001:0000ff5c       ___acrt_expand_narrow_argv_wildcards 7e550f5c f   libucrt:argv_wildcards.obj
 0001:0000ff67       ___acrt_GetModuleFileNameA 7e550f67 f   libucrt:getmodulefilenamea.obj
 0001:0001058b       ___acrt_initialize_multibyte 7e55158b f   libucrt:mbctype.obj
 0001:000105d3       ___acrt_update_thread_multibyte_data 7e5515d3 f   libucrt:mbctype.obj
 0001:000105e6       __setmbcp_nolock           7e5515e6 f   libucrt:mbctype.obj
 0001:000108bf       __ismbblead                7e5518bf f   libucrt:ismbbyte.obj
 0001:000108d7       ___acrt_initialize_command_line 7e5518d7 f   libucrt:argv_data.obj
 0001:00010927       ___dcrt_get_narrow_environment_from_os 7e551927 f   libucrt:get_environment_from_os.obj
 0001:000109c7       ___dcrt_get_wide_environment_from_os 7e5519c7 f   libucrt:get_environment_from_os.obj
 0001:00010dc4       ___dcrt_set_variable_in_wide_environment_nolock 7e551dc4 f   libucrt:setenv.obj
 0001:00010dcf       __recalloc_base            7e551dcf f   libucrt:recalloc.obj
 0001:00010e3c       ___acrt_initialize_heap    7e551e3c f   libucrt:heap_handle.obj
 0001:00010e4d       ___acrt_uninitialize_heap  7e551e4d f   libucrt:heap_handle.obj
 0001:00010e57       ___acrt_execute_initializers 7e551e57 f   libucrt:shared_initialization.obj
 0001:00010ebf       ___acrt_execute_uninitializers 7e551ebf f   libucrt:shared_initialization.obj
 0001:00010ef0       ___acrt_has_user_matherr   7e551ef0 f   libucrt:matherr.obj
 0001:00010f08       ___acrt_initialize_user_matherr 7e551f08 f   libucrt:matherr.obj
 0001:00010f17       ___acrt_invoke_user_matherr 7e551f17 f   libucrt:matherr.obj
 0001:00011126       ___acrt_stdio_flush_nolock 7e552126 f   libucrt:fflush.obj
 0001:0001118f       __fflush_nolock            7e55218f f   libucrt:fflush.obj
 0001:000111f4       __flushall                 7e5521f4 f   libucrt:fflush.obj
 0001:000111fd       ___acrt_add_locale_ref     7e5521fd f   libucrt:locale_refcounting.obj
 0001:0001127a       ___acrt_free_locale        7e55227a f   libucrt:locale_refcounting.obj
 0001:000113c2       ___acrt_locale_add_lc_time_reference 7e5523c2 f   libucrt:locale_refcounting.obj
 0001:000113eb       ___acrt_locale_free_lc_time_if_unreferenced 7e5523eb f   libucrt:locale_refcounting.obj
 0001:0001141c       ___acrt_locale_release_lc_time_reference 7e55241c f   libucrt:locale_refcounting.obj
 0001:00011445       ___acrt_release_locale_ref 7e552445 f   libucrt:locale_refcounting.obj
 0001:000114c6       ___acrt_update_thread_locale_data 7e5524c6 f   libucrt:locale_refcounting.obj
 0001:00011547       __updatetlocinfoEx_nolock  7e552547 f   libucrt:locale_refcounting.obj
 0001:00011597       ___acrt_locale_free_monetary 7e552597 f   libucrt:initmon.obj
 0001:00011695       ___acrt_locale_initialize_monetary 7e552695 f   libucrt:initmon.obj
 0001:00011a4b       ___acrt_locale_free_numeric 7e552a4b f   libucrt:initnum.obj
 0001:00011ab4       ___acrt_locale_initialize_numeric 7e552ab4 f   libucrt:initnum.obj
 0001:00011f66       ___acrt_locale_free_time   7e552f66 f   libucrt:inittime.obj
 0001:0001204a       ___acrt_locale_initialize_time 7e55304a f   libucrt:inittime.obj
 0001:0001213d       _wcscat_s                  7e55313d f   libucrt:wcscat_s.obj
 0001:00012235       _wcsncat_s                 7e553235 f   libucrt:wcsncat_s.obj
 0001:0001230e       _wcsncpy_s                 7e55330e f   libucrt:wcsncpy_s.obj
 0001:00012319       _wcscspn                   7e553319 f   libucrt:wcscspn.obj
 0001:00012372       _wcspbrk                   7e553372 f   libucrt:wcspbrk.obj
 0001:00012abc       ___acrt_get_qualified_locale 7e553abc f   libucrt:get_qualified_locale.obj
 0001:00013420       ___acrt_get_qualified_locale_downlevel 7e554420 f   libucrt:getqloc_downlevel.obj
 0001:00013615       ___acrt_CompareStringW     7e554615 f   libucrt:comparestringw.obj
 0001:0001367a       ___ascii_wcsnicmp          7e55467a f   libucrt:wcsnicmp.obj
 0001:000136c9       __wcsnicmp                 7e5546c9 f   libucrt:wcsnicmp.obj
 0001:00013715       __wcsnicmp_l               7e554715 f   libucrt:wcsnicmp.obj
 0001:00013838       ___acrt_DownlevelLCIDToLocaleName 7e554838 f   libucrt:lcidtoname_downlevel.obj
 0001:000138db       ___acrt_DownlevelLocaleNameToLCID 7e5548db f   libucrt:lcidtoname_downlevel.obj
 0001:00013907       __query_new_mode           7e554907 f   libucrt:new_mode.obj
 0001:0001393a       ?__mbrtowc_utf8@__crt_mbstring@@YAIPA_WPBDIPAU_Mbstatet@@AAV__crt_cached_ptd_host@@@Z 7e55493a f   libucrt:mbrtowc.obj
 0001:0001397d       ?__mbsrtowcs_utf8@__crt_mbstring@@YAIPA_WPAPBDIPAU_Mbstatet@@AAV__crt_cached_ptd_host@@@Z 7e55497d f   libucrt:mbrtowc.obj
 0001:00013a85       ?__wcsrtombs_utf8@__crt_mbstring@@YAIPADPAPB_WIPAU_Mbstatet@@AAV__crt_cached_ptd_host@@@Z 7e554a85 f   libucrt:wcrtomb.obj
 0001:00013c48       _strncpy_s                 7e554c48 f   libucrt:strncpy_s.obj
 0001:00013c53       ___acrt_GetStringTypeW     7e554c53 f   libucrt:getstringtypew.obj
 0001:00013dc9       ___acrt_fenv_get_common_round_control 7e554dc9 f   libucrt:_fenvutils.obj
 0001:00013deb       ___acrt_fenv_get_control   7e554deb f   libucrt:_fenvutils.obj
 0001:00013e6b       ?__c32rtomb_utf8@__crt_mbstring@@YAIPAD_UPAU_Mbstatet@@AAV__crt_cached_ptd_host@@@Z 7e554e6b f   libucrt:c32rtomb.obj
 0001:00013f1b       __fcloseall                7e554f1b f   libucrt:closeall.obj
 0001:00013fc6       ___acrt_stdio_free_buffer_nolock 7e554fc6 f   libucrt:_freebuf.obj
 0001:00014006       __isatty                   7e555006 f   libucrt:isatty.obj
 0001:0001405c       ___acrt_lowio_create_handle_array 7e55505c f   libucrt:osfinfo.obj
 0001:000140d7       ___acrt_lowio_destroy_handle_array 7e5550d7 f   libucrt:osfinfo.obj
 0001:0001410c       ___acrt_lowio_ensure_fh_exists 7e55510c f   libucrt:osfinfo.obj
 0001:000141aa       ___acrt_lowio_lock_fh      7e5551aa f   libucrt:osfinfo.obj
 0001:000141cd       ___acrt_lowio_unlock_fh    7e5551cd f   libucrt:osfinfo.obj
 0001:000141f0       __free_osfhnd              7e5551f0 f   libucrt:osfinfo.obj
 0001:00014281       __get_osfhandle            7e555281 f   libucrt:osfinfo.obj
 0001:000142eb       __towlower_l               7e5552eb f   libucrt:towlower.obj
 0001:000143d0       _qsort                     7e5553d0 f   libucrt:qsort.obj
 0001:000148c0       _strpbrk                   7e5558c0 f   libucrt:strpbrk.obj
 0001:00014900       __mbsdec                   7e555900 f   libucrt:mbsdec.obj
 0001:00014917       __mbsdec_l                 7e555917 f   libucrt:mbsdec.obj
 0001:000149b3       __msize_base               7e5559b3 f   libucrt:msize.obj
 0001:00014a88       __commit                   7e555a88 f   libucrt:commit.obj
 0001:000152b3       __write_internal           7e5562b3 f   libucrt:write.obj
 0001:000153bb       __write_nolock             7e5563bb f   libucrt:write.obj
 0001:000156e0       __itow_s                   7e5566e0 f   libucrt:xtoa.obj
 0001:00015720       ___ascii_strnicmp          7e556720 f   libucrt:_strnicm.obj
 0001:00015781       ?__mbrtoc32_utf8@__crt_mbstring@@YAIPA_UPBDIPAU_Mbstatet@@AAV__crt_cached_ptd_host@@@Z 7e556781 f   libucrt:mbrtoc32.obj
 0001:0001593f       ?__c16rtomb_utf8@__crt_mbstring@@YAIPAD_SPAU_Mbstatet@@AAV__crt_cached_ptd_host@@@Z 7e55693f f   libucrt:c16rtomb.obj
 0001:000159f0       __CIlog10                  7e5569f0 f   libucrt:log10_impl.obj
 0001:00015a2b       __CIlog10_default          7e556a2b f   libucrt:log10_impl.obj
 0001:00015a3f       __log10_default            7e556a3f     libucrt:log10_impl.obj
 0001:00015b00       _ceil                      7e556b00 f   libucrt:ceil_pentium4.obj
 0001:00015b40       __ceil_pentium4            7e556b40 f   libucrt:ceil_pentium4.obj
 0001:00015c1d       ?reset_and_return@__crt_mbstring@@YAIIPAU_Mbstatet@@@Z 7e556c1d f   libucrt:common_utf8.obj
 0001:00015c31       ?return_illegal_sequence@__crt_mbstring@@YAIPAU_Mbstatet@@AAV__crt_cached_ptd_host@@@Z 7e556c31 f   libucrt:common_utf8.obj
 0001:00015d78       _fclose                    7e556d78 f   libucrt:fclose.obj
 0001:00015e2b       __lseeki64_nolock_internal 7e556e2b f   libucrt:lseek.obj
 0001:00015e49       __query_app_type           7e556e49 f   libucrt:report_runtime_error.obj
 0001:00015e4f       ___acrt_LCMapStringW       7e556e4f f   libucrt:lcmapstringw.obj
 0001:00015e8d       __putwch_nolock            7e556e8d f   libucrt:putwch.obj
 0001:00015ebf       ___acrt_initialize_sse2    7e556ebf f   libucrt:mathfcns.obj
 0001:00015ed0       __CIlog10_pentium4         7e556ed0 f   libucrt:log10_pentium4.obj
 0001:00015ee8       __log10_pentium4           7e556ee8     libucrt:log10_pentium4.obj
 0001:00016180       __fFEXP                    7e557180 f   libucrt:87tran.obj
 0001:000161d7       __rtinfpopse               7e5571d7     libucrt:87tran.obj
 0001:000161d9       __rtinfnpopse              7e5571d9     libucrt:87tran.obj
 0001:000161e9       __fFLN                     7e5571e9     libucrt:87tran.obj
 0001:0001629e       __rtinfpop                 7e55729e     libucrt:87tran.obj
 0001:000162a0       __rtinfnpop                7e5572a0     libucrt:87tran.obj
 0001:000162b0       __rtforexpinf              7e5572b0 f   libucrt:87tran.obj
 0001:000162bd       __ffexpm1                  7e5572bd     libucrt:87tran.obj
 0001:00016370       __trandisp1                7e557370 f   libucrt:87disp.obj
 0001:000163e5       __trandisp2                7e5573e5 f   libucrt:87disp.obj
 0001:0001647f       __rttospopde               7e55747f     libucrt:87disp.obj
 0001:00016484       __rttospop                 7e557484     libucrt:87disp.obj
 0001:00016490       __rtnospop                 7e557490 f   libucrt:87disp.obj
 0001:000164a0       __rttosnpop                7e5574a0 f   libucrt:87disp.obj
 0001:000164a1       __rtnospopde               7e5574a1     libucrt:87disp.obj
 0001:000164a8       __rtzeropop                7e5574a8     libucrt:87disp.obj
 0001:000164aa       __rtzeronpop               7e5574aa     libucrt:87disp.obj
 0001:000164b0       __rtzerospop               7e5574b0 f   libucrt:87disp.obj
 0001:000164bd       __rtonepop                 7e5574bd     libucrt:87disp.obj
 0001:000164c0       __rtonenpop                7e5574c0 f   libucrt:87disp.obj
 0001:000164d0       __tosnan1                  7e5574d0 f   libucrt:87disp.obj
 0001:00016500       __nosnan2                  7e557500 f   libucrt:87disp.obj
 0001:00016510       __tosnan2                  7e557510 f   libucrt:87disp.obj
 0001:00016540       __nan2                     7e557540 f   libucrt:87disp.obj
 0001:00016580       __rtindfpop                7e557580 f   libucrt:87disp.obj
 0001:00016582       __rtindfnpop               7e557582     libucrt:87disp.obj
 0001:00016593       __rttosnpopde              7e557593     libucrt:87disp.obj
 0001:000165a0       __rtatan2inf               7e5575a0 f   libucrt:87disp.obj
 0001:000165bd       __rtchsifneg               7e5575bd     libucrt:87disp.obj
 0001:000165d0       __twoToTOS                 7e5575d0 f   libucrt:common.obj
 0001:000165e5       __load_CW                  7e5575e5 f   libucrt:common.obj
 0001:000165fc       __convertTOStoQNaN         7e5575fc f   libucrt:common.obj
 0001:00016615       __fload_withFB             7e557615 f   libucrt:common.obj
 0001:00016658       __checkTOS_withFB          7e557658 f   libucrt:common.obj
 0001:0001666e       __fast_exit                7e55766e f   libucrt:common.obj
 0001:0001667b       __math_exit                7e55767b f   libucrt:common.obj
 0001:000166a5       __check_overflow_exit      7e5576a5 f   libucrt:common.obj
 0001:000166b9       __check_range_exit         7e5576b9 f   libucrt:common.obj
 0001:00016760       __startTwoArgErrorHandling 7e557760 f   libucrt:genexcep.obj
 0001:00016777       __startOneArgErrorHandling 7e557777 f   libucrt:genexcep.obj
 0001:000167b3       ___libm_error_support      7e5577b3 f   libucrt:libm_error.obj
 0001:000169a7       __ceil_default             7e5579a7 f   libucrt:ceil.obj
 0001:00016aed       __close_internal           7e557aed f   libucrt:close.obj
 0001:00016b90       __close_nolock_internal    7e557b90 f   libucrt:close.obj
 0001:00016c30       ?__acrt_stdio_free_stream@@YAXV__crt_stdio_stream@@@Z 7e557c30 f   libucrt:stream.obj
 0001:00016c8a       ___dcrt_lowio_ensure_console_output_initialized 7e557c8a f   libucrt:initcon.obj
 0001:00016ca9       ___dcrt_terminate_console_output 7e557ca9 f   libucrt:initcon.obj
 0001:00016cc0       ___dcrt_write_console      7e557cc0 f   libucrt:initcon.obj
 0001:00016d15       __d_inttype                7e557d15 f   libucrt:powhlp.obj
 0001:00016d7d       __powhlp                   7e557d7d f   libucrt:powhlp.obj
 0001:00016ea8       __87except                 7e557ea8 f   libucrt:87except.obj
 0001:00016fb2       __frnd                     7e557fb2 f   libucrt:frnd.obj
 0001:00016fc6       __fpclass                  7e557fc6 f   libucrt:ieeemisc.obj
 0001:00017070       __FindPESection            7e558070 f   LIBCMT:pesect.obj
 0001:000170c0       __IsNonwritableInCurrentImage 7e5580c0 f   LIBCMT:pesect.obj
 0001:00017180       __ValidateImageBase        7e558180 f   LIBCMT:pesect.obj
 0001:000171c0       _wcschr                    7e5581c0 f   libvcruntime:wcschr.obj
 0001:00017270       __filter_x86_sse2_floating_point_exception 7e558270 f   LIBCMT:x86_exception_filter.obj
 0001:00017270       __filter_x86_sse2_floating_point_exception_default 7e558270 f   LIBCMT:x86_exception_filter.obj
 0002:00000000       __imp__GetEnvironmentStringsW@0 7e559000     kernel32:KERNEL32.dll
 0002:00000004       __imp__CreateFileW@28      7e559004     kernel32:KERNEL32.dll
 0002:00000008       __imp__SetFilePointer@16   7e559008     kernel32:KERNEL32.dll
 0002:0000000c       __imp__WriteFile@20        7e55900c     kernel32:KERNEL32.dll
 0002:00000010       __imp__CloseHandle@4       7e559010     kernel32:KERNEL32.dll
 0002:00000014       __imp__ResumeThread@4      7e559014     kernel32:KERNEL32.dll
 0002:00000018       __imp__CreateProcessW@40   7e559018     kernel32:KERNEL32.dll
 0002:0000001c       __imp__GetThreadContext@8  7e55901c     kernel32:KERNEL32.dll
 0002:00000020       __imp__VirtualProtectEx@20 7e559020     kernel32:KERNEL32.dll
 0002:00000024       __imp__ReadProcessMemory@20 7e559024     kernel32:KERNEL32.dll
 0002:00000028       __imp__WriteProcessMemory@20 7e559028     kernel32:KERNEL32.dll
 0002:0000002c       __imp__GetConsoleMode@8    7e55902c     kernel32:KERNEL32.dll
 0002:00000030       __imp__WideCharToMultiByte@32 7e559030     kernel32:KERNEL32.dll
 0002:00000034       __imp__MultiByteToWideChar@24 7e559034     kernel32:KERNEL32.dll
 0002:00000038       __imp__GetStringTypeW@16   7e559038     kernel32:KERNEL32.dll
 0002:0000003c       __imp__EnterCriticalSection@4 7e55903c     kernel32:KERNEL32.dll
 0002:00000040       __imp__LeaveCriticalSection@4 7e559040     kernel32:KERNEL32.dll
 0002:00000044       __imp__InitializeCriticalSectionEx@12 7e559044     kernel32:KERNEL32.dll
 0002:00000048       __imp__DeleteCriticalSection@4 7e559048     kernel32:KERNEL32.dll
 0002:0000004c       __imp__EncodePointer@4     7e55904c     kernel32:KERNEL32.dll
 0002:00000050       __imp__DecodePointer@4     7e559050     kernel32:KERNEL32.dll
 0002:00000054       __imp__LCMapStringEx@36    7e559054     kernel32:KERNEL32.dll
 0002:00000058       __imp__GetCPInfo@8         7e559058     kernel32:KERNEL32.dll
 0002:0000005c       __imp__IsProcessorFeaturePresent@4 7e55905c     kernel32:KERNEL32.dll
 0002:00000060       __imp__QueryPerformanceCounter@4 7e559060     kernel32:KERNEL32.dll
 0002:00000064       __imp__GetCurrentProcessId@0 7e559064     kernel32:KERNEL32.dll
 0002:00000068       __imp__GetCurrentThreadId@0 7e559068     kernel32:KERNEL32.dll
 0002:0000006c       __imp__GetSystemTimeAsFileTime@4 7e55906c     kernel32:KERNEL32.dll
 0002:00000070       __imp__InitializeSListHead@4 7e559070     kernel32:KERNEL32.dll
 0002:00000074       __imp__IsDebuggerPresent@0 7e559074     kernel32:KERNEL32.dll
 0002:00000078       __imp__UnhandledExceptionFilter@4 7e559078     kernel32:KERNEL32.dll
 0002:0000007c       __imp__SetUnhandledExceptionFilter@4 7e55907c     kernel32:KERNEL32.dll
 0002:00000080       __imp__GetStartupInfoW@4   7e559080     kernel32:KERNEL32.dll
 0002:00000084       __imp__GetModuleHandleW@4  7e559084     kernel32:KERNEL32.dll
 0002:00000088       __imp__GetCurrentProcess@0 7e559088     kernel32:KERNEL32.dll
 0002:0000008c       __imp__TerminateProcess@8  7e55908c     kernel32:KERNEL32.dll
 0002:00000090       __imp__RaiseException@16   7e559090     kernel32:KERNEL32.dll
 0002:00000094       __imp__RtlUnwind@16        7e559094     kernel32:KERNEL32.dll
 0002:00000098       __imp__InterlockedFlushSList@4 7e559098     kernel32:KERNEL32.dll
 0002:0000009c       __imp__GetLastError@0      7e55909c     kernel32:KERNEL32.dll
 0002:000000a0       __imp__SetLastError@4      7e5590a0     kernel32:KERNEL32.dll
 0002:000000a4       __imp__InitializeCriticalSectionAndSpinCount@8 7e5590a4     kernel32:KERNEL32.dll
 0002:000000a8       __imp__TlsAlloc@0          7e5590a8     kernel32:KERNEL32.dll
 0002:000000ac       __imp__TlsGetValue@4       7e5590ac     kernel32:KERNEL32.dll
 0002:000000b0       __imp__TlsSetValue@8       7e5590b0     kernel32:KERNEL32.dll
 0002:000000b4       __imp__TlsFree@4           7e5590b4     kernel32:KERNEL32.dll
 0002:000000b8       __imp__FreeLibrary@4       7e5590b8     kernel32:KERNEL32.dll
 0002:000000bc       __imp__GetProcAddress@8    7e5590bc     kernel32:KERNEL32.dll
 0002:000000c0       __imp__LoadLibraryExW@12   7e5590c0     kernel32:KERNEL32.dll
 0002:000000c4       __imp__ExitProcess@4       7e5590c4     kernel32:KERNEL32.dll
 0002:000000c8       __imp__GetModuleHandleExW@12 7e5590c8     kernel32:KERNEL32.dll
 0002:000000cc       __imp__GetModuleFileNameW@12 7e5590cc     kernel32:KERNEL32.dll
 0002:000000d0       __imp__HeapFree@12         7e5590d0     kernel32:KERNEL32.dll
 0002:000000d4       __imp__CompareStringW@24   7e5590d4     kernel32:KERNEL32.dll
 0002:000000d8       __imp__LCMapStringW@24     7e5590d8     kernel32:KERNEL32.dll
 0002:000000dc       __imp__GetLocaleInfoW@16   7e5590dc     kernel32:KERNEL32.dll
 0002:000000e0       __imp__IsValidLocale@8     7e5590e0     kernel32:KERNEL32.dll
 0002:000000e4       __imp__GetUserDefaultLCID@0 7e5590e4     kernel32:KERNEL32.dll
 0002:000000e8       __imp__EnumSystemLocalesW@8 7e5590e8     kernel32:KERNEL32.dll
 0002:000000ec       __imp__HeapAlloc@12        7e5590ec     kernel32:KERNEL32.dll
 0002:000000f0       __imp__HeapReAlloc@16      7e5590f0     kernel32:KERNEL32.dll
 0002:000000f4       __imp__GetStdHandle@4      7e5590f4     kernel32:KERNEL32.dll
 0002:000000f8       __imp__GetFileType@4       7e5590f8     kernel32:KERNEL32.dll
 0002:000000fc       __imp__FindClose@4         7e5590fc     kernel32:KERNEL32.dll
 0002:00000100       __imp__FindFirstFileExW@24 7e559100     kernel32:KERNEL32.dll
 0002:00000104       __imp__FindNextFileW@8     7e559104     kernel32:KERNEL32.dll
 0002:00000108       __imp__IsValidCodePage@4   7e559108     kernel32:KERNEL32.dll
 0002:0000010c       __imp__GetACP@0            7e55910c     kernel32:KERNEL32.dll
 0002:00000110       __imp__GetOEMCP@0          7e559110     kernel32:KERNEL32.dll
 0002:00000114       __imp__GetCommandLineA@0   7e559114     kernel32:KERNEL32.dll
 0002:00000118       __imp__GetCommandLineW@0   7e559118     kernel32:KERNEL32.dll
 0002:0000011c       __imp__FreeEnvironmentStringsW@4 7e55911c     kernel32:KERNEL32.dll
 0002:00000120       __imp__SetEnvironmentVariableW@8 7e559120     kernel32:KERNEL32.dll
 0002:00000124       __imp__GetProcessHeap@0    7e559124     kernel32:KERNEL32.dll
 0002:00000128       __imp__SetFilePointerEx@20 7e559128     kernel32:KERNEL32.dll
 0002:0000012c       __imp__SetStdHandle@8      7e55912c     kernel32:KERNEL32.dll
 0002:00000130       __imp__HeapSize@12         7e559130     kernel32:KERNEL32.dll
 0002:00000134       __imp__FlushFileBuffers@4  7e559134     kernel32:KERNEL32.dll
 0002:00000138       __imp__GetConsoleOutputCP@0 7e559138     kernel32:KERNEL32.dll
 0002:0000013c       __imp__WriteConsoleW@20    7e55913c     kernel32:KERNEL32.dll
 0002:00000140       \177KERNEL32_NULL_THUNK_DATA 7e559140     kernel32:KERNEL32.dll
 0002:00000144       __imp__wvsprintfA@12       7e559144     user32:USER32.dll
 0002:00000148       __imp__MessageBoxA@16      7e559148     user32:USER32.dll
 0002:0000014c       \177USER32_NULL_THUNK_DATA 7e55914c     user32:USER32.dll
 0002:00000150       ___guard_check_icall_fptr  7e559150     LIBCMT:guard_support.obj
 0002:00000154       ___castguard_check_failure_os_handled_fptr 7e559154     LIBCMT:guard_support.obj
 0002:00000158       ___xc_a                    7e559158     LIBCMT:initializers.obj
 0002:00000170       ___xc_z                    7e559170     LIBCMT:initializers.obj
 0002:00000174       ___xi_a                    7e559174     LIBCMT:initializers.obj
 0002:00000178       ___acrt_stdio_initializer  7e559178     libucrt:stdio_initializer.obj
 0002:0000017c       ___acrt_timeset_initializer 7e55917c     libucrt:timeset_initializer.obj
 0002:00000180       ___acrt_multibyte_initializer 7e559180     libucrt:multibyte_initializer.obj
 0002:00000184       ___acrt_tran_sse2_initializer 7e559184     libucrt:sse2_initializer.obj
 0002:00000188       ___xi_z                    7e559188     LIBCMT:initializers.obj
[...]
 0002:0000825c       __catchsym$??$?6_WU?$char_traits@_W@std@@@std@@YAAAV?$basic_ostream@_WU?$char_traits@_W@std@@@0@AAV10@PB_W@Z$3 7e56125c     w3l.obj
 0002:0000826c       __tryblocktable$??$?6_WU?$char_traits@_W@std@@@std@@YAAAV?$basic_ostream@_WU?$char_traits@_W@std@@@0@AAV10@PB_W@Z 7e56126c     w3l.obj
 0002:00008280       __unwindtable$??$?6_WU?$char_traits@_W@std@@@std@@YAAAV?$basic_ostream@_WU?$char_traits@_W@std@@@0@AAV10@PB_W@Z 7e561280     w3l.obj
 0002:00008298       __ehfuncinfo$??$?6_WU?$char_traits@_W@std@@@std@@YAAAV?$basic_ostream@_WU?$char_traits@_W@std@@@0@AAV10@PB_W@Z 7e561298     w3l.obj
 0002:000082bc       __catchsym$??$?6_WU?$char_traits@_W@std@@@std@@YAAAV?$basic_ostream@_WU?$char_traits@_W@std@@@0@AAV10@PBD@Z$5 7e5612bc     w3l.obj
 0002:000082cc       __tryblocktable$??$?6_WU?$char_traits@_W@std@@@std@@YAAAV?$basic_ostream@_WU?$char_traits@_W@std@@@0@AAV10@PBD@Z 7e5612cc     w3l.obj
 0002:000082e0       __unwindtable$??$?6_WU?$char_traits@_W@std@@@std@@YAAAV?$basic_ostream@_WU?$char_traits@_W@std@@@0@AAV10@PBD@Z 7e5612e0     w3l.obj
 0002:00008300       __ehfuncinfo$??$?6_WU?$char_traits@_W@std@@@std@@YAAAV?$basic_ostream@_WU?$char_traits@_W@std@@@0@AAV10@PBD@Z 7e561300     w3l.obj
 0002:00008324       __unwindtable$??$use_facet@V?$ctype@_W@std@@@std@@YAABV?$ctype@_W@0@ABVlocale@0@@Z 7e561324     w3l.obj
 0002:00008334       __ehfuncinfo$??$use_facet@V?$ctype@_W@std@@@std@@YAABV?$ctype@_W@0@ABVlocale@0@@Z 7e561334     w3l.obj
 0002:00008358       __unwindtable$??0sentry@?$basic_ostream@_WU?$char_traits@_W@std@@@std@@QAE@AAV12@@Z 7e561358     w3l.obj
 0002:00008360       __ehfuncinfo$??0sentry@?$basic_ostream@_WU?$char_traits@_W@std@@@std@@QAE@AAV12@@Z 7e561360     w3l.obj
 0002:00008558       __unwindtable$?_Init@locale@std@@CAPAV_Locimp@12@_N@Z 7e561558     libcpmt:locale0.obj
 0002:00008560       __ehfuncinfo$?_Init@locale@std@@CAPAV_Locimp@12@_N@Z 7e561560     libcpmt:locale0.obj
 0002:00008588       __sehtable$?dllmain_crt_process_attach@@YAHQAUHINSTANCE__@@QAX@Z 7e561588     LIBCMT:dll_dllmain.obj
 0002:000085a8       __sehtable$?dllmain_crt_process_detach@@YAH_N@Z 7e5615a8     LIBCMT:dll_dllmain.obj
 0002:000085d0       __sehtable$?dllmain_dispatch@@YAHQAUHINSTANCE__@@KQAX@Z 7e5615d0     LIBCMT:dll_dllmain.obj
 0002:000085f0       __sehtable$___scrt_is_nonwritable_in_current_image 7e5615f0     LIBCMT:utility.obj
 0002:00008610       __sehtable$___DestructExceptionObject 7e561610     libvcruntime:ehhelpers.obj
 0002:00008630       __sehtable$?FrameUnwindToState@__FrameHandler3@@SAXPAUEHRegistrationNode@@PAXPBU_s_FuncInfo@@H@Z 7e561630     libvcruntime:frame.obj
 0002:00008658       __sehtable$?CallCatchBlock@@YAPAXPAUEHExceptionRecord@@PAUEHRegistrationNode@@PAU_CONTEXT@@PBU_s_FuncInfo@@PAXHK@Z 7e561658     libvcruntime:frame.obj
 0002:00008680       __catchsym$?CallUnexpected@@YAXPBU_s_ESTypeList@@@Z$2 7e561680     libvcruntime:frame.obj
 0002:00008690       __unwindtable$?CallUnexpected@@YAXPBU_s_ESTypeList@@@Z 7e561690     libvcruntime:frame.obj
 0002:000086a0       __tryblocktable$?CallUnexpected@@YAXPBU_s_ESTypeList@@@Z 7e5616a0     libvcruntime:frame.obj
 0002:000086b4       __ehfuncinfo$?CallUnexpected@@YAXPBU_s_ESTypeList@@@Z 7e5616b4     libvcruntime:frame.obj
 0002:000086d8       __sehtable$??$BuildCatchObjectHelperInternal@V__FrameHandler3@@@@YAHPAUEHExceptionRecord@@PAXPBU_s_HandlerType@@PBU_s_CatchableType@@@Z 7e5616d8     libvcruntime:frame.obj
 0002:000086f8       __sehtable$??$BuildCatchObjectInternal@V__FrameHandler3@@@@YAXPAUEHExceptionRecord@@PAXPBU_s_HandlerType@@PBU_s_CatchableType@@@Z 7e5616f8     libvcruntime:frame.obj
 0002:00008750       __sehtable$??$common_getenv@_W@@YAPA_WQB_W@Z 7e561750     libucrt:getenv.obj
 0002:00008770       __sehtable$??$?RV<lambda_f5952838e36297a1e2e9d6c748429792>@@AAV<lambda_2116bde18c9e5f34230805ea4a4660ed>@@V<lambda_3c7107de1cc98bf330a3031f42c322a3>@@@?$__crt_seh_guarded_call@PAD@@QAEPAD$$QAV<lambda_f5952838e36297a1e2e9d6c748429792>@@AAV<lambda_2116bde18c9e5f34230805ea4a4660ed>@@$$QAV<lambda_3c7107de1cc98bf330a3031f42c322a3>@@@Z 7e561770     libucrt:setlocale.obj
 0002:00008790       __sehtable$__query_new_handler 7e561790     libucrt:new_handler.obj
 0002:000087b0       __sehtable$??R<lambda_6e4b09c48022b2350581041d5f6b0c4c>@@QBE@XZ 7e5617b0     libucrt:exit.obj
 0002:000087d0       __sehtable$??$?RV<lambda_03b1d95aef87969028cfba75ccab2455>@@AAV<lambda_6e4b09c48022b2350581041d5f6b0c4c>@@V<lambda_22bdf7517842c4b3e53723af5aa32b9e>@@@?$__crt_seh_guarded_call@X@@QAEX$$QAV<lambda_03b1d95aef87969028cfba75ccab2455>@@AAV<lambda_6e4b09c48022b2350581041d5f6b0c4c>@@$$QAV<lambda_22bdf7517842c4b3e53723af5aa32b9e>@@@Z 7e5617d0     libucrt:exit.obj
 0002:000087ec       __unwindtable$___dcrt_uninitialize_environments_nolock 7e5617ec     libucrt:environment_initialization.obj
 0002:000087fc       __ehfuncinfo$___dcrt_uninitialize_environments_nolock 7e5617fc     libucrt:environment_initialization.obj
 0002:00008820       __sehtable$??$?RV<lambda_8e746cf0007f6ed984d6f78af1fec997>@@AAV<lambda_22ebabd17bc4fa466a2aca6d8deb888d>@@V<lambda_18ed0c0b38a6dc0daf1e7ac6d6adf05e>@@@?$__crt_seh_guarded_call@H@@QAEH$$QAV<lambda_8e746cf0007f6ed984d6f78af1fec997>@@AAV<lambda_22ebabd17bc4fa466a2aca6d8deb888d>@@$$QAV<lambda_18ed0c0b38a6dc0daf1e7ac6d6adf05e>@@@Z 7e561820     libucrt:onexit.obj
 0002:00008840       __sehtable$??$?RV<lambda_69a2805e680e0e292e8ba93315fe43a8>@@AAV<lambda_f03950bc5685219e0bcd2087efbe011e>@@V<lambda_03fcd07e894ec930e3f35da366ca99d6>@@@?$__crt_seh_guarded_call@H@@QAEH$$QAV<lambda_69a2805e680e0e292e8ba93315fe43a8>@@AAV<lambda_f03950bc5685219e0bcd2087efbe011e>@@$$QAV<lambda_03fcd07e894ec930e3f35da366ca99d6>@@@Z 7e561840     libucrt:onexit.obj
 0002:00008860       __sehtable$_terminate      7e561860     libucrt:terminate.obj
 0002:00008880       __sehtable$??$?RV<lambda_15ade71b0218206bbe3333a0c9b79046>@@AAV<lambda_da44e0f8b0f19ba52fefafb335991732>@@V<lambda_207f2d024fc103971653565357d6cd41>@@@?$__crt_seh_guarded_call@X@@QAEX$$QAV<lambda_15ade71b0218206bbe3333a0c9b79046>@@AAV<lambda_da44e0f8b0f19ba52fefafb335991732>@@$$QAV<lambda_207f2d024fc103971653565357d6cd41>@@@Z 7e561880     libucrt:per_thread_data.obj
 0002:000088a0       __sehtable$??$?RV<lambda_a7e850c220f1c8d1e6efeecdedd162c6>@@AAV<lambda_46720907175c18b6c9d2717bc0d2d362>@@V<lambda_9048902d66e8d99359bc9897bbb930a8>@@@?$__crt_seh_guarded_call@X@@QAEX$$QAV<lambda_a7e850c220f1c8d1e6efeecdedd162c6>@@AAV<lambda_46720907175c18b6c9d2717bc0d2d362>@@$$QAV<lambda_9048902d66e8d99359bc9897bbb930a8>@@@Z 7e5618a0     libucrt:per_thread_data.obj
 0002:000088c0       __sehtable$??$?RV<lambda_38edbb1296d33220d7e4dd0ed76b244a>@@AAV<lambda_5ce1d447e08cb34b2473517608e21441>@@V<lambda_fb385d3da700c9147fc39e65dd577a8c>@@@?$__crt_seh_guarded_call@X@@QAEX$$QAV<lambda_38edbb1296d33220d7e4dd0ed76b244a>@@AAV<lambda_5ce1d447e08cb34b2473517608e21441>@@$$QAV<lambda_fb385d3da700c9147fc39e65dd577a8c>@@@Z 7e5618c0     libucrt:per_thread_data.obj
 0002:000088e0       __sehtable$??$?RV<lambda_6affb1475c98b40b75cdec977db92e3c>@@AAV<lambda_b8d4b9c228a6ecc3f80208dbb4b4a104>@@V<lambda_608742c3c92a14382c1684fc64f96c88>@@@?$__crt_seh_guarded_call@X@@QAEX$$QAV<lambda_6affb1475c98b40b75cdec977db92e3c>@@AAV<lambda_b8d4b9c228a6ecc3f80208dbb4b4a104>@@$$QAV<lambda_608742c3c92a14382c1684fc64f96c88>@@@Z 7e5618e0     libucrt:per_thread_data.obj
 0002:00008900       __sehtable$??$?RV<lambda_e5124f882df8998aaf41531e079ba474>@@AAV<lambda_3e16ef9562a7dcce91392c22ab16ea36>@@V<lambda_e25ca0880e6ef98be67edffd8c599615>@@@?$__crt_seh_guarded_call@X@@QAEX$$QAV<lambda_e5124f882df8998aaf41531e079ba474>@@AAV<lambda_3e16ef9562a7dcce91392c22ab16ea36>@@$$QAV<lambda_e25ca0880e6ef98be67edffd8c599615>@@@Z 7e561900     libucrt:wsetlocale.obj
 0002:00008920       __sehtable$??$?RV<lambda_4fdada1b837b2abbf20876fac97688ad>@@AAV<lambda_b57350f2640456a0859d250846f69caf>@@V<lambda_eed5e4f92b5b7d55fa22c48c484aaa54>@@@?$__crt_seh_guarded_call@X@@QAEX$$QAV<lambda_4fdada1b837b2abbf20876fac97688ad>@@AAV<lambda_b57350f2640456a0859d250846f69caf>@@$$QAV<lambda_eed5e4f92b5b7d55fa22c48c484aaa54>@@@Z 7e561920     libucrt:wsetlocale.obj
 0002:00008940       __sehtable$??$?RV<lambda_ac03c5d59bd18b09cb88b28331f6bfed>@@AAV<lambda_2a444430fde8c29194d880d93eed5e8f>@@AAV<lambda_02db5278e8aef8b5e4976579d73f5304>@@@?$__crt_seh_guarded_call@X@@QAEX$$QAV<lambda_ac03c5d59bd18b09cb88b28331f6bfed>@@AAV<lambda_2a444430fde8c29194d880d93eed5e8f>@@AAV<lambda_02db5278e8aef8b5e4976579d73f5304>@@@Z 7e561940     libucrt:wsetlocale.obj
 0002:00008960       __sehtable$??$?RV<lambda_6b4b7855443974f2b4b77000ea21c99c>@@AAV<lambda_8f7d3b162ab39427f4fa9995c67a7986>@@V<lambda_cc9a5ba8a5d8428b9634eab82665e5dc>@@@?$__crt_seh_guarded_call@H@@QAEH$$QAV<lambda_6b4b7855443974f2b4b77000ea21c99c>@@AAV<lambda_8f7d3b162ab39427f4fa9995c67a7986>@@$$QAV<lambda_cc9a5ba8a5d8428b9634eab82665e5dc>@@@Z 7e561960     libucrt:winapi_thunks.obj
 0002:00008980       __sehtable$___acrt_initialize_lowio 7e561980     libucrt:ioinit.obj
 0002:000089a0       __sehtable$_raise          7e5619a0     libucrt:signal.obj
 0002:000089c0       __sehtable$??$?RV<lambda_cbab9ec6f41b0180b23cc171c22676b0>@@AAV<lambda_44731a7d0e6d81c3e6aa82d741081786>@@V<lambda_4b292cb8dd18144e164572427af410ab>@@@?$__crt_seh_guarded_call@P6AXH@Z@@QAEP6AXH@Z$$QAV<lambda_cbab9ec6f41b0180b23cc171c22676b0>@@AAV<lambda_44731a7d0e6d81c3e6aa82d741081786>@@$$QAV<lambda_4b292cb8dd18144e164572427af410ab>@@@Z 7e5619c0     libucrt:signal.obj
 0002:000089e0       __sehtable$?update_thread_multibyte_data_internal@@YAPAU__crt_multibyte_data@@QAU__acrt_ptd@@QAPAU1@@Z 7e5619e0     libucrt:mbctype.obj
 0002:00008a00       __sehtable$??$?RV<lambda_ceb1ee4838e85a9d631eb091e2fbe199>@@AAV<lambda_ae742caa10f662c28703da3d2ea5e57e>@@V<lambda_cd08b5d6af4937fe54fc07d0c9bf6b37>@@@?$__crt_seh_guarded_call@X@@QAEX$$QAV<lambda_ceb1ee4838e85a9d631eb091e2fbe199>@@AAV<lambda_ae742caa10f662c28703da3d2ea5e57e>@@$$QAV<lambda_cd08b5d6af4937fe54fc07d0c9bf6b37>@@@Z 7e561a00     libucrt:mbctype.obj
 0002:00008a20       __sehtable$??$?RV<lambda_2866be3712abc81a800a822484c830d8>@@AAV<lambda_39ca0ed439415581b5b15c265174cece>@@V<lambda_2b24c74d71094a6cd0cb82e44167d71b>@@@?$__crt_seh_guarded_call@X@@QAEX$$QAV<lambda_2866be3712abc81a800a822484c830d8>@@AAV<lambda_39ca0ed439415581b5b15c265174cece>@@$$QAV<lambda_2b24c74d71094a6cd0cb82e44167d71b>@@@Z 7e561a20     libucrt:fflush.obj
 0002:00008a40       __sehtable$??$?RV<lambda_2cc53f568c5a2bb6f192f930a45d44ea>@@AAV<lambda_ab61a845afdef5b7c387490eaf3616ee>@@V<lambda_c2ffc0b7726aa6be21d5f0026187e748>@@@?$__crt_seh_guarded_call@X@@QAEX$$QAV<lambda_2cc53f568c5a2bb6f192f930a45d44ea>@@AAV<lambda_ab61a845afdef5b7c387490eaf3616ee>@@$$QAV<lambda_c2ffc0b7726aa6be21d5f0026187e748>@@@Z 7e561a40     libucrt:fflush.obj
 0002:00008a60       __sehtable$___acrt_update_thread_locale_data 7e561a60     libucrt:locale_refcounting.obj
 0002:00008a80       __sehtable$__fcloseall     7e561a80     libucrt:closeall.obj
 0002:00008aa0       __sehtable$___acrt_lowio_ensure_fh_exists 7e561aa0     libucrt:osfinfo.obj
 0002:00008ac0       __sehtable$??$?RV<lambda_9e9de3de5fa147e2223d7db92bc10aa6>@@AAV<lambda_38ce7e780aa69e748d6df282ebc68efe>@@V<lambda_8ca6da459f0f6780f1cff60fdc3d00e5>@@@?$__crt_seh_guarded_call@H@@QAEH$$QAV<lambda_9e9de3de5fa147e2223d7db92bc10aa6>@@AAV<lambda_38ce7e780aa69e748d6df282ebc68efe>@@$$QAV<lambda_8ca6da459f0f6780f1cff60fdc3d00e5>@@@Z 7e561ac0     libucrt:commit.obj
 0002:00008ae0       __sehtable$__write_internal 7e561ae0     libucrt:write.obj
 0002:00008b00       __sehtable$?_fclose_internal@@YAHQAU_iobuf@@AAV__crt_cached_ptd_host@@@Z 7e561b00     libucrt:fclose.obj
 0002:00008b20       __sehtable$??$?RV<lambda_d422a76eb4c3bf3ad751449ab71a6ea4>@@AAV<lambda_c9ba49e555ba839a7b07aa3fbecb7617>@@V<lambda_9476263c8ee91a25d21c55370bdb50de>@@@?$__crt_seh_guarded_call@H@@QAEH$$QAV<lambda_d422a76eb4c3bf3ad751449ab71a6ea4>@@AAV<lambda_c9ba49e555ba839a7b07aa3fbecb7617>@@$$QAV<lambda_9476263c8ee91a25d21c55370bdb50de>@@@Z 7e561b20     libucrt:close.obj
 0002:00008b40       __sehtable$__IsNonwritableInCurrentImage 7e561b40     LIBCMT:pesect.obj
 0002:00008b60       .edata                     7e561b60     War3Injector.exp
 0002:00008b88       rgpv                       7e561b88     War3Injector.exp
 0002:00008b8c       rgszName                   7e561b8c     War3Injector.exp
 0002:00008b90       rgwOrd                     7e561b90     War3Injector.exp
 0002:00008b92       szName                     7e561b92     War3Injector.exp
 0002:00008ba3       $N00001                    7e561ba3     War3Injector.exp
 0002:00008e04       .idata$6                   7e561e04     kernel32:KERNEL32.dll
 0002:00008e2e       .idata$6                   7e561e2e     user32:USER32.dll
 0003:00000010       ?init@std@@3JA             7e563010     libcpmt:xlock.obj
 0003:00000018       ?atcount_cdecl@@3IA        7e563018     libcpmt:iosptrs.obj
 0003:00000040       ?__vcrt_flsindex@@3KA      7e563040     libvcruntime:per_thread_data.obj
 0003:00000068       ?errno_no_memory@@3HA      7e563068     libucrt:errno.obj
 0003:0000006c       ?doserrno_no_memory@@3KA   7e56306c     libucrt:errno.obj
 0003:000000d0       ?__acrt_flsindex@@3KA      7e5630d0     libucrt:per_thread_data.obj
 0003:000000d4       __ctype_loc_style          7e5630d4     libucrt:wsetlocale.obj
 0003:00000250       ?tzstd_program@@3PADA      7e563250     libucrt:timeset.obj
 0003:00000290       ?tzdst_program@@3PADA      7e563290     libucrt:timeset.obj
 0003:000002d0       ?w_tzstd_program@@3PA_WA   7e5632d0     libucrt:timeset.obj
 0003:00000350       ?w_tzdst_program@@3PA_WA   7e563350     libucrt:timeset.obj
 0003:000003d0       ?tzname_states@@3PAY01PADA 7e5633d0     libucrt:timeset.obj
 0003:000003d8       ?w_tzname_states@@3PAY01PA_WA 7e5633d8     libucrt:timeset.obj
 0003:00000600       __mbctypes                 7e563600     libucrt:mbctype.obj
 0003:00000708       __mbcasemaps               7e563708     libucrt:mbctype.obj
 0003:00000808       ?__rgctypeflag@@3PADA      7e563808     libucrt:mbctype.obj
 0003:00000810       ?__rgcode_page_info@@3PAUcode_page_info@@A 7e563810     libucrt:mbctype.obj
 0003:00000a00       ?__dcrt_lowio_console_output_handle@@3PAXA 7e563a00     libucrt:initcon.obj
 0003:00000eb8       ?initlocks@std@@3V_Init_locks@1@A 7e563eb8     libcpmt:xlock.obj
 0003:00000ec0       ?mtx@std@@3PAU_RTL_CRITICAL_SECTION@@A 7e563ec0     libcpmt:xlock.obj
 0003:00000f9c       ?classic_locale@std@@3Vlocale@1@A 7e563f9c     libcpmt:locale0.obj
 0003:00000fa4       ?_Fac_head@std@@3PAU_Fac_node@1@A 7e563fa4     libcpmt:locale0.obj
 0003:00000fa8       ?_Fac_tidy_reg@std@@3U_Fac_tidy_reg_t@1@B 7e563fa8     libcpmt:locale0.obj
 0003:00000fac       _global_locale             7e563fac     libcpmt:locale0.obj
 0003:00000fb0       ?registered@?1??_Setgloballocale@locale@std@@CAXPAX@Z@4_NA 7e563fb0     libcpmt:locale0.obj
 0003:00000fb8       ?stdstr@std@@3PAPAVios_base@1@A 7e563fb8     libcpmt:ios.obj
 0003:00000fe0       ?stdopens@std@@3PADA       7e563fe0     libcpmt:ios.obj
 0003:00001028       ?initlocks@std@@3V_Init_locks@1@A 7e564028     libcpmt:iosptrs.obj
 0003:00001029       ?init_atexit@@3U_Init_atexit@@A 7e564029     libcpmt:iosptrs.obj
 0003:0000102c       ?atfuns_cdecl@@3PAP6AXXZA  7e56402c     libcpmt:iosptrs.obj
 0003:000010cc       ?__proc_attached@@3HA      7e5640cc     LIBCMT:dll_dllmain.obj
 0003:000010d8       ?is_initialized_as_dll@@3_NA 7e5640d8     LIBCMT:utility.obj
 0003:000010d9       ?module_local_atexit_table_initialized@@3_NA 7e5640d9     LIBCMT:utility.obj
 0003:000010dc       ?module_local_atexit_table@@3U_onexit_table_t@@A 7e5640dc     LIBCMT:utility.obj
 0003:000010e8       ?module_local_at_quick_exit_table@@3U_onexit_table_t@@A 7e5640e8     LIBCMT:utility.obj
 0003:00001118       _GS_ExceptionRecord        7e564118     LIBCMT:gs_report.obj
 0003:00001168       _GS_ContextRecord          7e564168     LIBCMT:gs_report.obj
 0003:0000143c       ?__vcrt_startup_thread_ptd@@3U__vcrt_ptd@@A 7e56443c     libvcruntime:per_thread_data.obj
 0003:00001464       ___vcrt_lock_table         7e564464     libvcruntime:locks.obj
 0003:0000147c       ___vcrt_locks_initialized  7e56447c     libvcruntime:locks.obj
 0003:000014a8       ?heap@@3V_HeapManager@@A   7e5644a8     libvcruntime:undname.obj
 0003:000014bc       ?module_handles@@3PAPAUHINSTANCE__@@A 7e5644bc     libvcruntime:winapi_downlevel.obj
 0003:000014c8       ?function_pointers@@3PAPAXA 7e5644c8     libvcruntime:winapi_downlevel.obj
 0003:000014dc       ?__acrt_invalid_parameter_handler@@3V?$dual_state_global@P6AXPB_W00II@Z@__crt_state_management@@A 7e5644dc     libucrt:invalid_parameter.obj
 0003:000014e0       ?__acrt_lock_table@@3PAU_RTL_CRITICAL_SECTION@@A 7e5644e0     libucrt:locks.obj
 0003:00001630       ?__acrt_locks_initialized@@3IA 7e564630     libucrt:locks.obj
 0003:0000163c       ?__acrt_new_handler@@3V?$dual_state_global@P6AHI@Z@__crt_state_management@@A 7e56463c     libucrt:new_handler.obj
 0003:00001640       ?c_termination_complete@@3JA 7e564640     libucrt:exit.obj
 0003:00001644       ?thread_local_exit_callback_func@@3P6GXPAXK0@ZA 7e564644     libucrt:exit.obj
 0003:00001650       ?program_name@?1???$common_configure_argv@D@@YAHW4_crt_argv_mode@@@Z@4PADA 7e564650     libucrt:argv_parsing.obj
 0003:00001788       ?module_handles@@3PAPAUHINSTANCE__@@A 7e564788     libucrt:winapi_thunks.obj
 0003:000017d8       ?encoded_function_pointers@@3PAPAXA 7e5647d8     libucrt:winapi_thunks.obj
 0003:00001860       ?static_enum_proc@?1??enum_system_locales_ex_nolock@@YAHQ6GHPA_WKJ@Z@Z@4P6GH0KJ@ZA 7e564860     libucrt:winapi_thunks.obj
 0003:00001864       ?internal_state@?1??_mbtowc_internal@@9@4U_Mbstatet@@A 7e564864     libucrt:mbtowc.obj
 0003:00001a84       ?ctrlc_action@@3V?$dual_state_global@P6AXH@Z@__crt_state_management@@A 7e564a84     libucrt:signal.obj
 0003:00001a88       ?ctrlbreak_action@@3V?$dual_state_global@P6AXH@Z@__crt_state_management@@A 7e564a88     libucrt:signal.obj
 0003:00001a8c       ?abort_action@@3V?$dual_state_global@P6AXH@Z@__crt_state_management@@A 7e564a8c     libucrt:signal.obj
 0003:00001a90       ?term_action@@3V?$dual_state_global@P6AXH@Z@__crt_state_management@@A 7e564a90     libucrt:signal.obj
 0003:00001aa0       ?_tzname@@3V?$dual_state_global@PAPAD@__crt_state_management@@A 7e564aa0     libucrt:timeset.obj
 0003:00001aa4       ?w_tzname@@3V?$dual_state_global@PAPA_W@__crt_state_management@@A 7e564aa4     libucrt:timeset.obj
 0003:00001aa8       ?tz_api_used@@3HA          7e564aa8     libucrt:tzset.obj
 0003:00001aac       ?tzset_init_state@@3V?$dual_state_global@J@__crt_state_management@@A 7e564aac     libucrt:tzset.obj
 0003:00001ab0       ?tz_info@@3U_TIME_ZONE_INFORMATION@@A 7e564ab0     libucrt:tzset.obj
 0003:00001b68       ?fSystemSet@@3HA           7e564b68     libucrt:mbctype.obj
 0003:00001b6c       ?initialized@?1??__acrt_initialize_multibyte@@9@4_NA 7e564b6c     libucrt:mbctype.obj
 0003:00001b8c       ?user_matherr@@3V?$dual_state_global@P6AHPAU_exception@@@Z@__crt_state_management@@A 7e564b8c     libucrt:matherr.obj
 0003:00001b90       ?__acrt_global_new_mode@@3V?$dual_state_global@J@__crt_state_management@@A 7e564b90     libucrt:new_mode.obj
 0003:00001b94       ?internal_pst@?1??__mbrtoc32_utf8@__crt_mbstring@@YAIPA_UPBDIPAU_Mbstatet@@AAV__crt_cached_ptd_host@@@Z@4U3@A 7e564b94     libucrt:mbrtoc32.obj
 0003:00001b9c       ?internal_pst@?1??__c16rtomb_utf8@__crt_mbstring@@YAIPAD_SPAU_Mbstatet@@AAV__crt_cached_ptd_host@@@Z@4U3@A 7e564b9c     libucrt:c16rtomb.obj
 0003:00001ba4       ?__acrt_app_type@@3W4_crt_app_type@@A 7e564ba4     libucrt:report_runtime_error.obj
 0003:00001bac       __pmatherr_set             7e564bac     libucrt:libm_error.obj
 0004:00000060       $R000000                   7e565060     * linker generated manifest res *
