 War3Injector

 Timestamp is 5a469da2 (Fri Dec 29 22:55:14 2017)

 Preferred load address is 7e540000

 Start         Length     Name                   Class
 0001:00000000 00000050H .text$di                CODE
 0001:00000050 00017a95H .text$mn                CODE
 0001:00017ae5 00000279H .text$x                 CODE
 0001:00017d5e 00000032H .text$yd                CODE
 0002:00000000 0000014cH .idata$5                DATA
 0002:0000014c 00000004H .00cfg                  DATA
 0002:00000150 00000004H .CRT$XCA                DATA
 0002:00000154 0000000cH .CRT$XCC                DATA
 0002:00000160 00000008H .CRT$XCL                DATA
 0002:00000168 00000004H .CRT$XCZ                DATA
 0002:0000016c 00000004H .CRT$XIA                DATA
 0002:00000170 00000014H .CRT$XIC                DATA
 0002:00000184 00000004H .CRT$XIZ                DATA
 0002:00000188 00000004H .CRT$XPA                DATA
 0002:0000018c 00000008H .CRT$XPX                DATA
 0002:00000194 00000004H .CRT$XPXA               DATA
 0002:00000198 00000004H .CRT$XPZ                DATA
 0002:0000019c 00000004H .CRT$XTA                DATA
 0002:000001a0 00000010H .CRT$XTZ                DATA
 0002:000001a4 00000000H .gfids$x                DATA
 0002:000001a4 00000000H .gfids$y                DATA
 0002:000001b0 0000b628H .rdata                  DATA
 0002:0000b7d8 000009a4H .rdata$r                DATA
 0002:0000c17c 0000033cH .rdata$zzzdbg           DATA
 0002:0000c4b8 00000004H .rtc$IAA                DATA
 0002:0000c4bc 00000004H .rtc$IZZ                DATA
 0002:0000c4c0 00000004H .rtc$TAA                DATA
 0002:0000c4c4 00000004H .rtc$TZZ                DATA
 0002:0000c4c8 00000bd8H .xdata$x                DATA
 0002:0000d0a0 00000050H .edata                  DATA
 0002:0000d0f0 00000028H .idata$2                DATA
 0002:0000d118 00000014H .idata$3                DATA
 0002:0000d12c 0000014cH .idata$4                DATA
 0002:0000d278 000005eeH .idata$6                DATA
 0003:00000000 00000880H .data                   DATA
 0003:00000880 000004d0H .data$r                 DATA
 0003:00000d50 00000d80H .bss                    DATA
 0004:00000000 00000060H .rsrc$01                DATA
 0004:00000060 00000188H .rsrc$02                DATA

  Address         Publics by Value              Rva+Base       Lib:Object

 0000:00000000       ___guard_fids_count        00000000     <absolute>
 0000:00000000       ___enclave_config          00000000     <absolute>
 0000:00000000       ___guard_longjmp_count     00000000     <absolute>
 0000:00000000       ___guard_longjmp_table     00000000     <absolute>
 0000:00000000       ___guard_iat_table         00000000     <absolute>
 0000:00000000       __except_list              00000000     <absolute>
 0000:00000000       ___guard_iat_count         00000000     <absolute>
 0000:00000000       ___hybrid_auxiliary_iat    00000000     <absolute>
 0000:00000000       ___guard_fids_table        00000000     <absolute>
 0000:00000000       ___hybrid_code_map         00000000     <absolute>
 0000:00000000       ___hybrid_code_map_count   00000000     <absolute>
 0000:00000000       ___safe_se_handler_table   00000000     <absolute>
 0000:00000000       ___dynamic_value_reloc_table 00000000     <absolute>
 0000:00000000       ___safe_se_handler_count   00000000     <absolute>
 0000:00000100       ___guard_flags             00000100     <absolute>
 0000:00000000       ___ImageBase               7e540000     <linker-defined>
 0001:00000050       ??$?6_WU?$char_traits@_W@std@@@std@@YAAAV?$basic_ostream@_WU?$char_traits@_W@std@@@0@AAV10@PBD@Z 7e541050 f i w3l.obj
 0001:0000028a       ??$?6_WU?$char_traits@_W@std@@@std@@YAAAV?$basic_ostream@_WU?$char_traits@_W@std@@@0@AAV10@PB_W@Z 7e54128a f i w3l.obj
 0001:00000421       ??$_Allocate@U?$_Default_allocate_traits@$00@std@@@std@@YAPAXIII@Z 7e541421 f i w3l.obj
 0001:0000047a       ??$_Immortalize_impl@V_Iostream_error_category@std@@@std@@YGHPAX0PAPAX@Z 7e54147a f i w3l.obj
 0001:00000610       ??$use_facet@V?$ctype@_W@std@@@std@@YAABV?$ctype@_W@0@ABVlocale@0@@Z 7e541610 f i w3l.obj
 0001:000006b2       ??0?$basic_iostream@_WU?$char_traits@_W@std@@@std@@QAE@PAV?$basic_streambuf@_WU?$char_traits@_W@std@@@1@@Z 7e5416b2 f i w3l.obj
 0001:00000741       ??0?$basic_istream@_WU?$char_traits@_W@std@@@std@@QAE@PAV?$basic_streambuf@_WU?$char_traits@_W@std@@@1@_N@Z 7e541741 f i w3l.obj
 0001:000007b7       ??0?$basic_streambuf@_WU?$char_traits@_W@std@@@std@@IAE@XZ 7e5417b7 f i w3l.obj
 0001:00000808       ??0?$basic_string@DU?$char_traits@D@std@@V?$allocator@D@2@@std@@QAE@QBD@Z 7e541808 f i w3l.obj
 0001:00000835       ??0?$basic_string@_WU?$char_traits@_W@std@@V?$allocator@_W@2@@std@@QAE@QB_WI@Z 7e541835 f i w3l.obj
 0001:0000085b       ??0?$basic_stringbuf@_WU?$char_traits@_W@std@@V?$allocator@_W@2@@std@@QAE@H@Z 7e54185b f i w3l.obj
 0001:0000089b       ??0?$basic_stringstream@_WU?$char_traits@_W@std@@V?$allocator@_W@2@@std@@QAE@H@Z 7e54189b f i w3l.obj
 0001:0000091c       ??0_Locinfo@std@@QAE@PBD@Z 7e54191c f i w3l.obj
 0001:000009a7       ??0_Sentry_base@?$basic_ostream@_WU?$char_traits@_W@std@@@std@@QAE@AAV12@@Z 7e5419a7 f i w3l.obj
 0001:000009c8       ??0_System_error@std@@IAE@Verror_code@1@ABV?$basic_string@DU?$char_traits@D@std@@V?$allocator@D@2@@1@@Z 7e5419c8 f i w3l.obj
 0001:00000a26       ??0_System_error@std@@QAE@ABV01@@Z 7e541a26 f i w3l.obj
 0001:00000a4d       ??0bad_cast@std@@QAE@ABV01@@Z 7e541a4d f i w3l.obj
 0001:00000a65       ??0bad_cast@std@@QAE@XZ    7e541a65 f i w3l.obj
 0001:00000a7d       ??0exception@std@@QAE@ABV01@@Z 7e541a7d f i w3l.obj
 0001:00000aa6       ??0exception@std@@QAE@QBD@Z 7e541aa6 f i w3l.obj
 0001:00000add       ??0failure@ios_base@std@@QAE@ABV012@@Z 7e541add f i w3l.obj
 0001:00000af5       ??0failure@ios_base@std@@QAE@PBDABVerror_code@2@@Z 7e541af5 f i w3l.obj
 0001:00000b1e       ??0runtime_error@std@@QAE@ABV01@@Z 7e541b1e f i w3l.obj
 0001:00000b36       ??0runtime_error@std@@QAE@ABV?$basic_string@DU?$char_traits@D@std@@V?$allocator@D@2@@1@@Z 7e541b36 f i w3l.obj
 0001:00000b60       ??0runtime_error@std@@QAE@PBD@Z 7e541b60 f i w3l.obj
 0001:00000b81       ??0sentry@?$basic_ostream@_WU?$char_traits@_W@std@@@std@@QAE@AAV12@@Z 7e541b81 f i w3l.obj
 0001:00000be3       ??0system_error@std@@QAE@ABV01@@Z 7e541be3 f i w3l.obj
 0001:00000bfb       ??0system_error@std@@QAE@Verror_code@1@PBD@Z 7e541bfb f i w3l.obj
 0001:00000c4f       ??1?$_Yarn@_W@std@@QAE@XZ  7e541c4f f i w3l.obj
 0001:00000c4f       ??1?$_Yarn@D@std@@QAE@XZ   7e541c4f f i w3l.obj
 0001:00000c64       ??1?$basic_ios@_WU?$char_traits@_W@std@@@std@@UAE@XZ 7e541c64 f i w3l.obj
 0001:00000c9b       ??1?$basic_iostream@_WU?$char_traits@_W@std@@@std@@UAE@XZ 7e541c9b f i w3l.obj
 0001:00000cf1       ??1?$basic_istream@_WU?$char_traits@_W@std@@@std@@UAE@XZ 7e541cf1 f i w3l.obj
 0001:00000d0d       ??1?$basic_streambuf@_WU?$char_traits@_W@std@@@std@@UAE@XZ 7e541d0d f i w3l.obj
 0001:00000d2e       ??1?$basic_string@DU?$char_traits@D@std@@V?$allocator@D@2@@std@@QAE@XZ 7e541d2e f i w3l.obj
 0001:00000d33       ??1?$basic_stringstream@_WU?$char_traits@_W@std@@V?$allocator@_W@2@@std@@UAE@XZ 7e541d33 f i w3l.obj
 0001:00000d73       ??1?$ctype@_W@std@@MAE@XZ  7e541d73 f i w3l.obj
 0001:00000d9c       ??1_Locinfo@std@@QAE@XZ    7e541d9c f i w3l.obj
 0001:00000e3f       ??1_Sentry_base@?$basic_ostream@_WU?$char_traits@_W@std@@@std@@QAE@XZ 7e541e3f f i w3l.obj
 0001:00000e79       ??1locale@std@@QAE@XZ      7e541e79 f i w3l.obj
 0001:00000eb7       ??1sentry@?$basic_ostream@_WU?$char_traits@_W@std@@@std@@QAE@XZ 7e541eb7 f i w3l.obj
 0001:00000ef8       ??8std@@YA_NABVerror_condition@0@0@Z 7e541ef8 f i w3l.obj
 0001:00000f1d       ??Bid@locale@std@@QAEIXZ   7e541f1d f i w3l.obj
 0001:00000f85       ??_D?$basic_iostream@_WU?$char_traits@_W@std@@@std@@QAEXXZ 7e541f85 f i w3l.obj
 0001:00000fc8       ??_D?$basic_istream@_WU?$char_traits@_W@std@@@std@@QAEXXZ 7e541fc8 f i w3l.obj
 0001:0000101d       ??_D?$basic_ostream@_WU?$char_traits@_W@std@@@std@@QAEXXZ 7e54201d f i w3l.obj
 0001:00001072       ??_D?$basic_stringstream@_WU?$char_traits@_W@std@@V?$allocator@_W@2@@std@@QAEXXZ 7e542072 f i w3l.obj
 0001:000010b5       ??_E?$basic_iostream@_WU?$char_traits@_W@std@@@std@@$4PPPPPPPM@A@AEPAXI@Z 7e5420b5 f i w3l.obj
 0001:000010bd       ??_E?$basic_istream@_WU?$char_traits@_W@std@@@std@@$4PPPPPPPM@A@AEPAXI@Z 7e5420bd f i w3l.obj
 0001:000010c5       ??_E?$basic_ostream@_WU?$char_traits@_W@std@@@std@@$4PPPPPPPM@A@AEPAXI@Z 7e5420c5 f i w3l.obj
 0001:000010cd       ??_E?$basic_stringstream@_WU?$char_traits@_W@std@@V?$allocator@_W@2@@std@@$4PPPPPPPM@A@AEPAXI@Z 7e5420cd f i w3l.obj
 0001:000010d5       ??_G?$basic_ios@_WU?$char_traits@_W@std@@@std@@UAEPAXI@Z 7e5420d5 f i w3l.obj
 0001:000010d5       ??_E?$basic_ios@_WU?$char_traits@_W@std@@@std@@UAEPAXI@Z 7e5420d5 f i w3l.obj
 0001:00001124       ??_E?$basic_iostream@_WU?$char_traits@_W@std@@@std@@UAEPAXI@Z 7e542124 f i w3l.obj
 0001:00001124       ??_G?$basic_iostream@_WU?$char_traits@_W@std@@@std@@UAEPAXI@Z 7e542124 f i w3l.obj
 0001:00001146       ??_G?$basic_istream@_WU?$char_traits@_W@std@@@std@@UAEPAXI@Z 7e542146 f i w3l.obj
 0001:00001146       ??_E?$basic_istream@_WU?$char_traits@_W@std@@@std@@UAEPAXI@Z 7e542146 f i w3l.obj
 0001:00001168       ??_G?$basic_ostream@_WU?$char_traits@_W@std@@@std@@UAEPAXI@Z 7e542168 f i w3l.obj
 0001:00001168       ??_E?$basic_ostream@_WU?$char_traits@_W@std@@@std@@UAEPAXI@Z 7e542168 f i w3l.obj
 0001:0000118a       ??_E?$basic_streambuf@_WU?$char_traits@_W@std@@@std@@UAEPAXI@Z 7e54218a f i w3l.obj
 0001:0000118a       ??_G?$basic_streambuf@_WU?$char_traits@_W@std@@@std@@UAEPAXI@Z 7e54218a f i w3l.obj
 0001:000011a9       ??_G?$basic_stringbuf@_WU?$char_traits@_W@std@@V?$allocator@_W@2@@std@@UAEPAXI@Z 7e5421a9 f i w3l.obj
 0001:000011a9       ??_E?$basic_stringbuf@_WU?$char_traits@_W@std@@V?$allocator@_W@2@@std@@UAEPAXI@Z 7e5421a9 f i w3l.obj
 0001:000011d5       ??_G?$basic_stringstream@_WU?$char_traits@_W@std@@V?$allocator@_W@2@@std@@UAEPAXI@Z 7e5421d5 f i w3l.obj
 0001:000011d5       ??_E?$basic_stringstream@_WU?$char_traits@_W@std@@V?$allocator@_W@2@@std@@UAEPAXI@Z 7e5421d5 f i w3l.obj
 0001:000011fa       ??_G?$ctype@_W@std@@MAEPAXI@Z 7e5421fa f i w3l.obj
 0001:000011fa       ??_E?$ctype@_W@std@@MAEPAXI@Z 7e5421fa f i w3l.obj
 0001:00001219       ??_G_Facet_base@std@@UAEPAXI@Z 7e542219 f i w3l.obj
 0001:00001219       ??_E_Facet_base@std@@UAEPAXI@Z 7e542219 f i w3l.obj
 0001:00001239       ??_Efailure@ios_base@std@@UAEPAXI@Z 7e542239 f i w3l.obj
 0001:00001239       ??_E_System_error@std@@UAEPAXI@Z 7e542239 f i w3l.obj
 0001:00001239       ??_Gfailure@ios_base@std@@UAEPAXI@Z 7e542239 f i w3l.obj
 0001:00001239       ??_G_System_error@std@@UAEPAXI@Z 7e542239 f i w3l.obj
 0001:00001239       ??_Esystem_error@std@@UAEPAXI@Z 7e542239 f i w3l.obj
 0001:00001239       ??_Gsystem_error@std@@UAEPAXI@Z 7e542239 f i w3l.obj
 0001:00001263       ??_Eexception@std@@UAEPAXI@Z 7e542263 f i w3l.obj
 0001:00001263       ??_Eruntime_error@std@@UAEPAXI@Z 7e542263 f i w3l.obj
 0001:00001263       ??_Gruntime_error@std@@UAEPAXI@Z 7e542263 f i w3l.obj
 0001:00001263       ??_Gbad_cast@std@@UAEPAXI@Z 7e542263 f i w3l.obj
 0001:00001263       ??_Ebad_cast@std@@UAEPAXI@Z 7e542263 f i w3l.obj
 0001:00001263       ??_Gexception@std@@UAEPAXI@Z 7e542263 f i w3l.obj
 0001:0000128d       ??_E_Iostream_error_category@std@@UAEPAXI@Z 7e54228d f i w3l.obj
 0001:0000128d       ??_Eerror_category@std@@UAEPAXI@Z 7e54228d f i w3l.obj
 0001:0000128d       ??_G_Iostream_error_category@std@@UAEPAXI@Z 7e54228d f i w3l.obj
 0001:0000128d       ??_Gerror_category@std@@UAEPAXI@Z 7e54228d f i w3l.obj
 0001:000012ad       ??_Gios_base@std@@UAEPAXI@Z 7e5422ad f i w3l.obj
 0001:000012ad       ??_Eios_base@std@@UAEPAXI@Z 7e5422ad f i w3l.obj
 0001:000012fc       ?GetProcessBaseAddress@@YAKPAX0@Z 7e5422fc f   w3l.obj
 0001:0000136a       ?InitLoader@@YAHPA_W0000@Z 7e54236a f   w3l.obj
 0001:0000174a       ?InjectByte@@YAHU_PROCESS_INFORMATION@@PBXDD@Z 7e54274a f   w3l.obj
 0001:00001808       ?_Assign_rv_contents_with_alloc_always_equal@?$basic_string@DU?$char_traits@D@std@@V?$allocator@D@2@@std@@QAEX$$QAV12@U?$integral_constant@_N$00@2@@Z 7e542808 f i w3l.obj
 0001:0000182b       ?_Assign_rv_contents_with_alloc_always_equal@?$basic_string@_WU?$char_traits@_W@std@@V?$allocator@_W@2@@std@@QAEX$$QAV12@U?$integral_constant@_N$00@2@@Z 7e54282b f i w3l.obj
 0001:00001850       ?_Calculate_growth@?$basic_string@DU?$char_traits@D@std@@V?$allocator@D@2@@std@@QBEII@Z 7e542850 f i w3l.obj
 0001:00001883       ?_Calculate_growth@?$basic_string@_WU?$char_traits@_W@std@@V?$allocator@_W@2@@std@@QBEII@Z 7e542883 f i w3l.obj
 0001:000018b6       ?_Construct_lv_contents@?$basic_string@DU?$char_traits@D@std@@V?$allocator@D@2@@std@@QAEXABV12@@Z 7e5428b6 f i w3l.obj
 0001:0000192a       ?_Deallocate@std@@YAXPAXIII@Z 7e54292a f i w3l.obj
 0001:0000197e       ?_Decref@facet@locale@std@@UAEPAV_Facet_base@3@XZ 7e54297e f i w3l.obj
 0001:0000198d       ?_Donarrow@?$ctype@_W@std@@IBED_WD@Z 7e54298d f i w3l.obj
 0001:000019c8       ?_Dowiden@?$ctype@_W@std@@IBE_WD@Z 7e5429c8 f i w3l.obj
 0001:00001a07       ?_Fail@?$_Default_allocate_traits@$00@std@@SAXXZ 7e542a07 f i w3l.obj
 0001:00001a0c       ?_Getcat@?$ctype@_W@std@@SAIPAPBVfacet@locale@2@PBV42@@Z 7e542a0c f i w3l.obj
 0001:00001aa0       ?_Getfacet@locale@std@@QBEPBVfacet@12@I@Z 7e542aa0 f i w3l.obj
 0001:00001ada       ?_Getstate@?$basic_stringbuf@_WU?$char_traits@_W@std@@V?$allocator@_W@2@@std@@AAEHH@Z 7e542ada f i w3l.obj
 0001:00001b10       ?_Incref@facet@locale@std@@UAEXXZ 7e542b10 f i w3l.obj
 0001:00001b15       ?_Init@?$basic_streambuf@_WU?$char_traits@_W@std@@@std@@IAEXXZ 7e542b15 f i w3l.obj
 0001:00001b59       ?_Init@?$ctype@_W@std@@IAEXABV_Locinfo@2@@Z 7e542b59 f i w3l.obj
 0001:00001b94       ?_Init@ios_base@std@@IAEXXZ 7e542b94 f i w3l.obj
 0001:00001c06       @_guard_check_icall_nop@4  7e542c06 f i LIBCMT:guard_support.obj
 0001:00001c06       ?_Unlock@?$basic_streambuf@_WU?$char_traits@_W@std@@@std@@UAEXXZ 7e542c06 f i w3l.obj
 0001:00001c06       ?_Lock@?$basic_streambuf@_WU?$char_traits@_W@std@@@std@@UAEXXZ 7e542c06 f i w3l.obj
 0001:00001c07       ?_Makestr@_System_error@std@@CA?AV?$basic_string@DU?$char_traits@D@std@@V?$allocator@D@2@@2@Verror_code@2@V32@@Z 7e542c07 f i w3l.obj
 0001:00001c9c       ?_Osfx@?$basic_ostream@_WU?$char_traits@_W@std@@@std@@QAEXXZ 7e542c9c f i w3l.obj
 0001:00001d00       ?_Tidy@?$basic_stringbuf@_WU?$char_traits@_W@std@@V?$allocator@_W@2@@std@@IAEXXZ 7e542d00 f i w3l.obj
 0001:00001d68       ?_Tidy_deallocate@?$basic_string@DU?$char_traits@D@std@@V?$allocator@D@2@@std@@QAEXXZ 7e542d68 f i w3l.obj
 0001:00001d93       ?_Tidy_deallocate@?$basic_string@_WU?$char_traits@_W@std@@V?$allocator@_W@2@@std@@QAEXXZ 7e542d93 f i w3l.obj
 0001:00001dc0       ?_Xlen@?$basic_string@_WU?$char_traits@_W@std@@V?$allocator@_W@2@@std@@SAXXZ 7e542dc0 f i w3l.obj
 0001:00001dc0       ?_Xlen@?$basic_string@DU?$char_traits@D@std@@V?$allocator@D@2@@std@@SAXXZ 7e542dc0 f i w3l.obj
 0001:00001dcb       ?append@?$basic_string@DU?$char_traits@D@std@@V?$allocator@D@2@@std@@QAEAAV12@QBDI@Z 7e542dcb f i w3l.obj
 0001:00001e24       ?assign@?$basic_string@DU?$char_traits@D@std@@V?$allocator@D@2@@std@@QAEAAV12@QBDI@Z 7e542e24 f i w3l.obj
 0001:00001e6d       ?assign@?$basic_string@_WU?$char_traits@_W@std@@V?$allocator@_W@2@@std@@QAEAAV12@QB_WI@Z 7e542e6d f i w3l.obj
 0001:00001ebb       ?clear@?$basic_ios@_WU?$char_traits@_W@std@@@std@@QAEXH_N@Z 7e542ebb f i w3l.obj
 0001:00001ed8       ?clear@ios_base@std@@QAEXH_N@Z 7e542ed8 f i w3l.obj
 0001:00001f52       ?debug@@YAXPADZZ           7e542f52 f   w3l.obj
 0001:00001fdd       ?default_error_condition@error_category@std@@UBE?AVerror_condition@2@H@Z 7e542fdd f i w3l.obj
 0001:00001fed       ?do_is@?$ctype@_W@std@@MBEPB_WPB_W0PAF@Z 7e542fed f i w3l.obj
 0001:00002008       ?do_is@?$ctype@_W@std@@MBE_NF_W@Z 7e543008 f i w3l.obj
 0001:00002022       ?do_narrow@?$ctype@_W@std@@MBED_WD@Z 7e543022 f i w3l.obj
 0001:00002027       ?do_narrow@?$ctype@_W@std@@MBEPB_WPB_W0DPAD@Z 7e543027 f i w3l.obj
 0001:00002076       ?do_scan_is@?$ctype@_W@std@@MBEPB_WFPB_W0@Z 7e543076 f i w3l.obj
 0001:000020a3       ?do_scan_not@?$ctype@_W@std@@MBEPB_WFPB_W0@Z 7e5430a3 f i w3l.obj
 0001:000020d0       ?do_tolower@?$ctype@_W@std@@MBEPB_WPA_WPB_W@Z 7e5430d0 f i w3l.obj
 0001:00002113       ?do_tolower@?$ctype@_W@std@@MBE_W_W@Z 7e543113 f i w3l.obj
 0001:00002125       ?do_toupper@?$ctype@_W@std@@MBEPB_WPA_WPB_W@Z 7e543125 f i w3l.obj
 0001:00002168       ?do_toupper@?$ctype@_W@std@@MBE_W_W@Z 7e543168 f i w3l.obj
 0001:0000217a       ?do_widen@?$ctype@_W@std@@MBEPBDPBD0PA_W@Z 7e54317a f i w3l.obj
 0001:000021c3       ?do_widen@?$ctype@_W@std@@MBE_WD@Z 7e5431c3 f i w3l.obj
 0001:000021c8       ?equivalent@error_category@std@@UBE_NABVerror_code@2@H@Z 7e5431c8 f i w3l.obj
 0001:000021ea       ?equivalent@error_category@std@@UBE_NHABVerror_condition@2@@Z 7e5431ea f i w3l.obj
 0001:0000220c       ?flush@?$basic_ostream@_WU?$char_traits@_W@std@@@std@@QAEAAV12@XZ 7e54320c f i w3l.obj
 0001:0000227b       ?imbue@?$basic_streambuf@_WU?$char_traits@_W@std@@@std@@MAEXABVlocale@2@@Z 7e54327b f i w3l.obj
 0001:0000227e       ?init@?$basic_ios@_WU?$char_traits@_W@std@@@std@@IAEXPAV?$basic_streambuf@_WU?$char_traits@_W@std@@@2@_N@Z 7e54327e f i w3l.obj
 0001:000022c6       ?make_error_code@std@@YA?AVerror_code@1@W4io_errc@1@@Z 7e5432c6 f i w3l.obj
 0001:000022f8       ?message@_Generic_error_category@std@@UBE?AV?$basic_string@DU?$char_traits@D@std@@V?$allocator@D@2@@2@H@Z 7e5432f8 f i w3l.obj
 0001:00002313       ?message@_Iostream_error_category@std@@UBE?AV?$basic_string@DU?$char_traits@D@std@@V?$allocator@D@2@@2@H@Z 7e543313 f i w3l.obj
 0001:0000233d       ?name@_Iostream_error_category@std@@UBEPBDXZ 7e54333d f i w3l.obj
 0001:00002343       ?pbackfail@?$basic_streambuf@_WU?$char_traits@_W@std@@@std@@MAEGG@Z 7e543343 f i w3l.obj
 0001:00002343       ?overflow@?$basic_streambuf@_WU?$char_traits@_W@std@@@std@@MAEGG@Z 7e543343 f i w3l.obj
 0001:0000234b       ?overflow@?$basic_stringbuf@_WU?$char_traits@_W@std@@V?$allocator@_W@2@@std@@MAEGG@Z 7e54334b f i w3l.obj
 0001:00002540       ?pbackfail@?$basic_stringbuf@_WU?$char_traits@_W@std@@V?$allocator@_W@2@@std@@MAEGG@Z 7e543540 f i w3l.obj
 0001:0000259a       ?seekoff@?$basic_streambuf@_WU?$char_traits@_W@std@@@std@@MAE?AV?$fpos@U_Mbstatet@@@2@_JHH@Z 7e54359a f i w3l.obj
 0001:000025c1       ?seekoff@?$basic_stringbuf@_WU?$char_traits@_W@std@@V?$allocator@_W@2@@std@@MAE?AV?$fpos@U_Mbstatet@@@2@_JHH@Z 7e5435c1 f i w3l.obj
 0001:00002799       ?seekpos@?$basic_streambuf@_WU?$char_traits@_W@std@@@std@@MAE?AV?$fpos@U_Mbstatet@@@2@V32@H@Z 7e543799 f i w3l.obj
 0001:000027c0       ?seekpos@?$basic_stringbuf@_WU?$char_traits@_W@std@@V?$allocator@_W@2@@std@@MAE?AV?$fpos@U_Mbstatet@@@2@V32@H@Z 7e5437c0 f i w3l.obj
 0001:00002900       ?setbuf@?$basic_streambuf@_WU?$char_traits@_W@std@@@std@@MAEPAV12@PA_W_J@Z 7e543900 f i w3l.obj
 0001:00002905       ?showmanyc@?$basic_streambuf@_WU?$char_traits@_W@std@@@std@@MAE_JXZ 7e543905 f i w3l.obj
 0001:0000290a       ?sputc@?$basic_streambuf@_WU?$char_traits@_W@std@@@std@@QAEG_W@Z 7e54390a f i w3l.obj
 0001:00002943       ?str@?$basic_stringbuf@_WU?$char_traits@_W@std@@V?$allocator@_W@2@@std@@QBE?AV?$basic_string@_WU?$char_traits@_W@std@@V?$allocator@_W@2@@2@XZ 7e543943 f i w3l.obj
 0001:000029da       ?uflow@?$basic_streambuf@_WU?$char_traits@_W@std@@@std@@MAEGXZ 7e5439da f i w3l.obj
 0001:00002a03       ?underflow@?$basic_streambuf@_WU?$char_traits@_W@std@@@std@@MAEGXZ 7e543a03 f i w3l.obj
 0001:00002a09       ?underflow@?$basic_stringbuf@_WU?$char_traits@_W@std@@V?$allocator@_W@2@@std@@MAEGXZ 7e543a09 f i w3l.obj
 0001:00002a6e       ?what@exception@std@@UBEPBDXZ 7e543a6e f i w3l.obj
 0001:00002a7c       ?widen@?$basic_ios@_WU?$char_traits@_W@std@@@std@@QBE_WD@Z 7e543a7c f i w3l.obj
 0001:00002ad5       ?xsgetn@?$basic_streambuf@_WU?$char_traits@_W@std@@@std@@MAE_JPA_W_J@Z 7e543ad5 f i w3l.obj
 0001:00002bfb       ?xsputn@?$basic_streambuf@_WU?$char_traits@_W@std@@@std@@MAE_JPB_W_J@Z 7e543bfb f i w3l.obj
 0001:00002d12       ??0_Init_locks@std@@QAE@XZ 7e543d12 f   libcpmt:xlock.obj
 0001:00002d3f       ??0_Lockit@std@@QAE@H@Z    7e543d3f f   libcpmt:xlock.obj
 0001:00002d70       ??1_Init_locks@std@@QAE@XZ 7e543d70 f   libcpmt:xlock.obj
 0001:00002d97       ??1_Lockit@std@@QAE@XZ     7e543d97 f   libcpmt:xlock.obj
 0001:00002db6       ?uncaught_exceptions@std@@YAHXZ 7e543db6 f   libcpmt:uncaught.obj
 0001:00002dbb       ??0bad_alloc@std@@QAE@ABV01@@Z 7e543dbb f i libcpmt:xthrow.obj
 0001:00002dd6       ??0bad_alloc@std@@QAE@XZ   7e543dd6 f i libcpmt:xthrow.obj
 0001:00002dee       ??0length_error@std@@QAE@ABV01@@Z 7e543dee f i libcpmt:xthrow.obj
 0001:00002e09       ??0length_error@std@@QAE@PBD@Z 7e543e09 f i libcpmt:xthrow.obj
 0001:00002e2a       ??0logic_error@std@@QAE@ABV01@@Z 7e543e2a f i libcpmt:xthrow.obj
 0001:00002e45       ??1runtime_error@std@@UAE@XZ 7e543e45 f i w3l.obj
 0001:00002e45       ??1bad_array_new_length@std@@UAE@XZ 7e543e45 f i LIBCMT:throw_bad_alloc.obj
 0001:00002e45       ??1bad_cast@std@@UAE@XZ    7e543e45 f i w3l.obj
 0001:00002e45       ??1bad_exception@std@@UAE@XZ 7e543e45 f i libvcruntime:frame.obj
 0001:00002e45       ??1bad_alloc@std@@UAE@XZ   7e543e45 f i libcpmt:xthrow.obj
 0001:00002e45       ??1failure@ios_base@std@@UAE@XZ 7e543e45 f i w3l.obj
 0001:00002e45       ??1length_error@std@@UAE@XZ 7e543e45 f i libcpmt:xthrow.obj
 0001:00002e56       ?_Xbad_alloc@std@@YAXXZ    7e543e56 f   libcpmt:xthrow.obj
 0001:00002e56       ?__scrt_throw_std_bad_alloc@@YAXXZ 7e543e56 f   LIBCMT:throw_bad_alloc.obj
 0001:00002e73       ?_Xlength_error@std@@YAXPBD@Z 7e543e73 f   libcpmt:xthrow.obj
 0001:00002e93       __Getctype                 7e543e93 f   libcpmt:_tolower.obj
 0001:00002efb       __Getcvt                   7e543efb f   libcpmt:xwctomb.obj
 0001:00002f66       __Wcrtomb                  7e543f66 f   libcpmt:xwctomb.obj
 0001:00002fc4       __Mbrtowc                  7e543fc4 f   libcpmt:xmbtowc.obj
 0001:00003117       __Getwctype                7e544117 f   libcpmt:xgetwctype.obj
 0001:00003139       __Getwctypes               7e544139 f   libcpmt:xgetwctype.obj
 0001:00003158       __Towlower                 7e544158 f   libcpmt:xtowlower.obj
 0001:000031ba       __Towupper                 7e5441ba f   libcpmt:xtowupper.obj
 0001:00003220       ??0_Locimp@locale@std@@AAE@_N@Z 7e544220 f i libcpmt:locale0.obj
 0001:00003263       ??1_Fac_node@std@@QAE@XZ   7e544263 f i libcpmt:locale0.obj
 0001:000032c2       ??1_Fac_tidy_reg_t@std@@QAE@XZ 7e5442c2 f i libcpmt:locale0.obj
 0001:000032e9       ??1_Locimp@locale@std@@MAE@XZ 7e5442e9 f i libcpmt:locale0.obj
 0001:00003344       ??4?$_Yarn@D@std@@QAEAAV01@PBD@Z 7e544344 f i libcpmt:locale0.obj
 0001:00003398       ??_E_Locimp@locale@std@@MAEPAXI@Z 7e544398 f i libcpmt:locale0.obj
 0001:00003398       ??_G_Locimp@locale@std@@MAEPAXI@Z 7e544398 f i libcpmt:locale0.obj
 0001:000033ba       ?_Facet_Register@std@@YAXPAV_Facet_base@1@@Z 7e5443ba f   libcpmt:locale0.obj
 0001:000033e8       ?_Getgloballocale@locale@std@@CAPAV_Locimp@12@XZ 7e5443e8 f   libcpmt:locale0.obj
 0001:000033ee       ?_Init@locale@std@@CAPAV_Locimp@12@_N@Z 7e5443ee f   libcpmt:locale0.obj
 0001:00003496       ?_Locimp_dtor@_Locimp@locale@std@@CAXPAV123@@Z 7e544496 f   libcpmt:locale0.obj
 0001:0000350b       ?_Locinfo_ctor@_Locinfo@std@@SAXPAV12@PBD@Z 7e54450b f   libcpmt:locale0.obj
 0001:00003556       ?_Locinfo_dtor@_Locinfo@std@@SAXPAV12@@Z 7e544556 f   libcpmt:locale0.obj
 0001:00003570       ?_New_Locimp@_Locimp@locale@std@@CAPAV123@_N@Z 7e544570 f   libcpmt:locale0.obj
 0001:00003595       __Deletegloballocale       7e544595 f   libcpmt:locale0.obj
 0001:000035fa       ?_Execute_once@std@@YAHAAUonce_flag@1@P6GHPAX1PAPAX@Z1@Z 7e5445fa f   libcpmt:xonce.obj
 0001:00003612       ?_Syserror_map@std@@YAPBDH@Z 7e544612 f   libcpmt:syserror.obj
 0001:00003637       ?_Addstd@ios_base@std@@SAXPAV12@@Z 7e544637 f   libcpmt:ios.obj
 0001:00003685       ?_Callfns@ios_base@std@@AAEXW4event@12@@Z 7e544685 f i libcpmt:ios.obj
 0001:000036b7       ?_Ios_base_dtor@ios_base@std@@CAXPAV12@@Z 7e5446b7 f   libcpmt:ios.obj
 0001:000036f7       ?_Tidy@ios_base@std@@AAEXXZ 7e5446f7 f i libcpmt:ios.obj
 0001:0000373f       __Mtxdst                   7e54473f f   libcpmt:xmtx.obj
 0001:0000374d       __Mtxinit                  7e54474d f   libcpmt:xmtx.obj
 0001:00003764       __Mtxlock                  7e544764 f   libcpmt:xmtx.obj
 0001:00003772       __Mtxunlock                7e544772 f   libcpmt:xmtx.obj
 0001:00003780       __freea_crt                7e544780 f i libcpmt:StlLCMapStringA.obj
 0001:0000379e       ___crtLCMapStringW         7e54479e f   libcpmt:StlLCMapStringW.obj
 0001:000037d8       ??1_Init_atexit@@QAE@XZ    7e5447d8 f i libcpmt:iosptrs.obj
 0001:0000383c       ?_Atexit@@YAXP6AXXZ@Z      7e54483c f   libcpmt:iosptrs.obj
 0001:0000386a       ___local_stdio_printf_options 7e54486a f i libcpmt:locale.obj
 0001:00003c1a       ___crtInitOnceExecuteOnce  7e544c1a f   libcpmt:winapisupp.obj
 0001:00003ca8       ___crtInitializeCriticalSectionEx 7e544ca8 f   libcpmt:winapisupp.obj
 0001:00003ce0       _GetTableIndexFromLocaleName 7e544ce0 f   libcpmt:winapinls.obj
 0001:00003d2e       ___crtDownlevelLocaleNameToLCID 7e544d2e f   libcpmt:winapinls.obj
 0001:00003d58       ___crtLCMapStringEx        7e544d58 f   libcpmt:winapinls.obj
 0001:00003dae       ___wcsnicmp_ascii          7e544dae f   libcpmt:winapinls.obj
 0001:00003e18       ??2@YAPAXI@Z               7e544e18 f   LIBCMT:new_scalar.obj
 0001:00003e48       ??3@YAXPAXI@Z              7e544e48 f   LIBCMT:delete_scalar_size.obj
 0001:00003e58       __EH_prolog                7e544e58 f   LIBCMT:ehprolog.obj
 0001:00003e78       ??_Gtype_info@@UAEPAXI@Z   7e544e78 f i LIBCMT:std_type_info_static.obj
 0001:00003e78       ??_Etype_info@@UAEPAXI@Z   7e544e78 f i LIBCMT:std_type_info_static.obj
 0001:000041a8       __DllMainCRTStartup@12     7e5451a8 f   LIBCMT:dll_dllmain.obj
 0001:000041cb       ??$__crt_fast_encode_pointer@PAP6AXXZ@@YAPAP6AXXZQAP6AXXZ@Z 7e5451cb f i LIBCMT:utility.obj
 0001:000041cb       ??$__crt_fast_encode_pointer@PAX@@YAPAXQAX@Z 7e5451cb f i libvcruntime:winapi_downlevel.obj
 0001:0000422c       ___scrt_acquire_startup_lock 7e54522c f   LIBCMT:utility.obj
 0001:00004261       ___scrt_dllmain_after_initialize_c 7e545261 f   LIBCMT:utility.obj
 0001:0000428c       ___scrt_dllmain_before_initialize_c 7e54528c f   LIBCMT:utility.obj
 0001:0000429a       ___scrt_dllmain_crt_thread_attach 7e54529a f   LIBCMT:utility.obj
 0001:000042b9       ___scrt_dllmain_crt_thread_detach 7e5452b9 f   LIBCMT:utility.obj
 0001:000042c6       ___scrt_dllmain_exception_filter 7e5452c6 f   LIBCMT:utility.obj
 0001:000042f9       ___scrt_dllmain_uninitialize_c 7e5452f9 f   LIBCMT:utility.obj
 0001:0000431c       ___scrt_dllmain_uninitialize_critical 7e54531c f   LIBCMT:utility.obj
 0001:00004329       ___scrt_initialize_crt     7e545329 f   LIBCMT:utility.obj
 0001:00004362       ___scrt_initialize_onexit_tables 7e545362 f   LIBCMT:utility.obj
 0001:0000440c       ___scrt_is_nonwritable_in_current_image 7e54540c f   LIBCMT:utility.obj
 0001:00004496       ___scrt_release_startup_lock 7e545496 f   LIBCMT:utility.obj
 0001:000044b3       ___scrt_uninitialize_crt   7e5454b3 f   LIBCMT:utility.obj
 0001:000044db       __onexit                   7e5454db f   LIBCMT:utility.obj
 0001:00004516       _atexit                    7e545516 f   LIBCMT:utility.obj
 0001:0000452b       @__security_check_cookie@4 7e54552b f   LIBCMT:_secchk_.obj
 0001:0000453c       @_guard_check_icall@4      7e54553c f i LIBCMT:checkcfg.obj
 0001:00004542       __EH_epilog3               7e545542 f   LIBCMT:ehprolg3.obj
 0001:00004557       __EH_prolog3               7e545557 f   LIBCMT:ehprolg3.obj
 0001:0000458b       __EH_prolog3_catch         7e54558b f   LIBCMT:ehprolg3.obj
 0001:000045d0       __alloca_probe_16          7e5455d0 f   LIBCMT:alloca16.obj
 0001:000045e6       __alloca_probe_8           7e5455e6     LIBCMT:alloca16.obj
 0001:00004600       __allmul                   7e545600 f   LIBCMT:llmul.obj
 0001:00004640       __aulldiv                  7e545640 f   LIBCMT:ulldiv.obj
 0001:000046a8       ??0bad_array_new_length@std@@QAE@ABV01@@Z 7e5456a8 f i LIBCMT:throw_bad_alloc.obj
 0001:000046c3       ??0bad_array_new_length@std@@QAE@XZ 7e5456c3 f i LIBCMT:throw_bad_alloc.obj
 0001:000046db       ??_Ebad_array_new_length@std@@UAEPAXI@Z 7e5456db f i LIBCMT:throw_bad_alloc.obj
 0001:000046db       ??_Ebad_exception@std@@UAEPAXI@Z 7e5456db f i libvcruntime:frame.obj
 0001:000046db       ??_Gbad_alloc@std@@UAEPAXI@Z 7e5456db f i libcpmt:xthrow.obj
 0001:000046db       ??_Gbad_exception@std@@UAEPAXI@Z 7e5456db f i libvcruntime:frame.obj
 0001:000046db       ??_Glength_error@std@@UAEPAXI@Z 7e5456db f i libcpmt:xthrow.obj
 0001:000046db       ??_Gbad_array_new_length@std@@UAEPAXI@Z 7e5456db f i LIBCMT:throw_bad_alloc.obj
 0001:000046db       ??_Elength_error@std@@UAEPAXI@Z 7e5456db f i libcpmt:xthrow.obj
 0001:000046db       ??_Ebad_alloc@std@@UAEPAXI@Z 7e5456db f i libcpmt:xthrow.obj
 0001:000046db       ??_Elogic_error@std@@UAEPAXI@Z 7e5456db f i libcpmt:xthrow.obj
 0001:000046db       ??_Glogic_error@std@@UAEPAXI@Z 7e5456db f i libcpmt:xthrow.obj
 0001:00004708       ?__scrt_throw_std_bad_array_new_length@@YAXXZ 7e545708 f   LIBCMT:throw_bad_alloc.obj
 0001:00004725       ??3@YAXPAX@Z               7e545725 f   LIBCMT:delete_scalar.obj
 0001:00004779       ___security_init_cookie    7e545779 f   LIBCMT:gs_support.obj
 0001:000047c4       _DllMain@12                7e5457c4 f   LIBCMT:dll_dllmain_stub.obj
 0001:000047ca       ?__scrt_initialize_type_info@@YAXXZ 7e5457ca f   LIBCMT:tncleanup.obj
 0001:000047d6       ?__scrt_uninitialize_type_info@@YAXXZ 7e5457d6 f   LIBCMT:tncleanup.obj
 0001:000047e2       ___local_stdio_scanf_options 7e5457e2 f i LIBCMT:default_local_stdio_options.obj
 0001:000047e8       ___scrt_initialize_default_local_stdio_options 7e5457e8 f   LIBCMT:default_local_stdio_options.obj
 0001:00004805       ___scrt_get_dyn_tls_init_callback 7e545805 f   LIBCMT:dyn_tls_init.obj
 0001:0000480b       ___scrt_fastfail           7e54580b f   LIBCMT:utility_desktop.obj
 0001:00004927       __crt_debugger_hook        7e545927 f   LIBCMT:utility_desktop.obj
 0001:0000492f       __RTC_Initialize           7e54592f f   LIBCMT:_initsect_.obj
 0001:0000495a       __RTC_Terminate            7e54595a f   LIBCMT:_initsect_.obj
 0001:00004990       __SEH_prolog4              7e545990 f   LIBCMT:_sehprolg4_.obj
 0001:000049d6       __SEH_epilog4              7e5459d6 f   LIBCMT:_sehprolg4_.obj
 0001:000049eb       ___isa_available_init      7e5459eb f   LIBCMT:_cpu_disp_.obj
 0001:00004b84       __get_startup_argv_mode    7e545b84 f   LIBCMT:argv_mode.obj
 0001:00004b88       ___scrt_is_ucrt_dll_in_use 7e545b88 f   LIBCMT:ucrt_detection.obj
 0001:00004b94       ___raise_securityfailure   7e545b94 f   LIBCMT:gs_report.obj
 0001:00004bbc       ___report_gsfailure        7e545bbc f   LIBCMT:gs_report.obj
 0001:00004cb7       ___report_rangecheckfailure 7e545cb7 f   LIBCMT:gs_report.obj
 0001:00004cc3       ___report_securityfailure  7e545cc3 f   LIBCMT:gs_report.obj
 0001:00004da0       __alloca_probe             7e545da0 f   LIBCMT:chkstk.obj
 0001:00004da0       __chkstk                   7e545da0 f   LIBCMT:chkstk.obj
 0001:00004dcd       __purecall                 7e545dcd f   libvcruntime:purevirt.obj
 0001:00004df5       ___DestructExceptionObject 7e545df5 f   libvcruntime:ehhelpers.obj
 0001:00004e8a       ?_CallMemberFunction0@@YGXQAX0@Z 7e545e8a f i libvcruntime:ehhelpers.obj
 0001:00004e97       __IsExceptionObjectToBeDestroyed 7e545e97 f   libvcruntime:ehhelpers.obj
 0001:00004ebd       ___AdjustPointer           7e545ebd f   libvcruntime:ehhelpers.obj
 0001:00004ee2       ___FrameUnwindFilter       7e545ee2 f   libvcruntime:ehhelpers.obj
 0001:00004f27       ___std_terminate           7e545f27 f   libvcruntime:ehhelpers.obj
 0001:00004f2c       ___uncaught_exceptions     7e545f2c f   libvcruntime:ehhelpers.obj
 0001:00004f3c       _memcmp                    7e545f3c f   libvcruntime:_memcmp_.obj
 0001:00006b50       _memcpy                    7e547b50 f   libvcruntime:memcpy.obj
 0001:000070d0       _memmove                   7e5480d0 f   libvcruntime:memmove.obj
 0001:00007650       _memset                    7e548650 f   libvcruntime:memset.obj
 0001:000077aa       ___std_exception_copy      7e5487aa f   libvcruntime:std_exception.obj
 0001:0000780d       ___std_exception_destroy   7e54880d f   libvcruntime:std_exception.obj
 0001:0000782c       __CxxThrowException@8      7e54882c f   libvcruntime:throw.obj
 0001:0000789a       ?_CallCatchBlock2@@YAPAXPAUEHRegistrationNode@@PBU_s_FuncInfo@@PAXHK@Z 7e54889a f   libvcruntime:trnsctrl.obj
 0001:000078fa       ?_CallSETranslator@@YAHPAUEHExceptionRecord@@PAUEHRegistrationNode@@PAX2PBU_s_FuncInfo@@H1@Z 7e5488fa f   libvcruntime:trnsctrl.obj
 0001:000079d7       ?_GetRangeOfTrysToCheck@@YAPBU_s_TryBlockMapEntry@@PBU_s_FuncInfo@@HHPAI1@Z 7e5489d7 f   libvcruntime:trnsctrl.obj
 0001:00007a4f       ?_JumpToContinuation@@YGXPAXPAUEHRegistrationNode@@@Z 7e548a4f f   libvcruntime:trnsctrl.obj
 0001:00007a81       ?_UnwindNestedFrames@@YGXPAUEHRegistrationNode@@PAUEHExceptionRecord@@@Z 7e548a81 f   libvcruntime:trnsctrl.obj
 0001:00007ad6       __CatchGuardHandler        7e548ad6 f   libvcruntime:trnsctrl.obj
 0001:00007b07       __CreateFrameInfo          7e548b07 f   libvcruntime:trnsctrl.obj
 0001:00007b2b       __FindAndUnlinkFrame       7e548b2b f   libvcruntime:trnsctrl.obj
 0001:00007b70       __TranslatorGuardHandler   7e548b70 f   libvcruntime:trnsctrl.obj
 0001:00007c0f       ___CxxFrameHandler3        7e548c0f f   libvcruntime:trnsctrl.obj
 0001:00007c50       _memchr                    7e548c50 f   libvcruntime:memchr.obj
 0001:00007d40       __except_handler4          7e548d40 f   libvcruntime:_chandler4_.obj
 0001:00007e9d       ___vcrt_initialize         7e548e9d f   libvcruntime:initialization.obj
 0001:00007ec6       ___vcrt_thread_attach      7e548ec6 f   libvcruntime:initialization.obj
 0001:00007ed1       ___vcrt_thread_detach      7e548ed1 f   libvcruntime:initialization.obj
 0001:00007edc       ___vcrt_uninitialize       7e548edc f   libvcruntime:initialization.obj
 0001:00007efb       ___vcrt_uninitialize_critical 7e548efb f   libvcruntime:initialization.obj
 0001:00007f03       ___std_type_info_compare   7e548f03 f   libvcruntime:std_type_info.obj
 0001:00007f3f       ___std_type_info_destroy_list 7e548f3f f   libvcruntime:std_type_info.obj
 0001:00007f62       ___vcrt_initialize_pure_virtual_call_handler 7e548f62 f   libvcruntime:purevirt_data.obj
 0001:00007f7f       ___vcrt_freefls@4          7e548f7f f   libvcruntime:per_thread_data.obj
 0001:00007f9b       ___vcrt_freeptd            7e548f9b f   libvcruntime:per_thread_data.obj
 0001:00007fde       ___vcrt_getptd             7e548fde f   libvcruntime:per_thread_data.obj
 0001:00007fec       ___vcrt_getptd_noexit      7e548fec f   libvcruntime:per_thread_data.obj
 0001:0000807e       ___vcrt_getptd_noinit      7e54907e f   libvcruntime:per_thread_data.obj
 0001:000080b5       ___vcrt_initialize_ptd     7e5490b5 f   libvcruntime:per_thread_data.obj
 0001:000080fb       ___vcrt_uninitialize_ptd   7e5490fb f   libvcruntime:per_thread_data.obj
 0001:00008120       __CallSettingFrame@12      7e549120 f   libvcruntime:lowhelpr.obj
 0001:00008147       __NLG_Return               7e549147     libvcruntime:lowhelpr.obj
 0001:0000816c       ??0bad_exception@std@@QAE@ABV01@@Z 7e54916c f i libvcruntime:frame.obj
 0001:00008187       ??0bad_exception@std@@QAE@XZ 7e549187 f i libvcruntime:frame.obj
 0001:000089af       ?_CallMemberFunction1@@YGXQAX00@Z 7e5499af f i libvcruntime:frame.obj
 0001:000089bf       ?_CallMemberFunction2@@YGXQAX00H@Z 7e5499bf f i libvcruntime:frame.obj
 0001:000089d2       ___BuildCatchObject        7e5499d2 f   libvcruntime:frame.obj
 0001:00008a61       ___BuildCatchObjectHelper  7e549a61 f   libvcruntime:frame.obj
 0001:00008b94       ___FrameUnwindToState      7e549b94 f   libvcruntime:frame.obj
 0001:00008c61       ___InternalCxxFrameHandler 7e549c61 f   libvcruntime:frame.obj
 0001:00008d5d       ___TypeMatch               7e549d5d f   libvcruntime:frame.obj
 0001:00008deb       ___except_validate_context_record 7e549deb f   libvcruntime:jbcxrval.obj
 0001:00008e1b       ___except_validate_jump_buffer 7e549e1b f   libvcruntime:jbcxrval.obj
 0001:00008e50       __local_unwind4            7e549e50 f   libvcruntime:_exsup4_.obj
 0001:00008f28       __seh_longjmp_unwind4@4    7e549f28 f   libvcruntime:_exsup4_.obj
 0001:00008f50       @_EH4_CallFilterFunc@8     7e549f50 f   libvcruntime:_exsup4_.obj
 0001:00008f68       @_EH4_TransferToHandler@8  7e549f68 f   libvcruntime:_exsup4_.obj
 0001:00008f84       @_EH4_GlobalUnwind2@8      7e549f84 f   libvcruntime:_exsup4_.obj
 0001:00008fa0       @_EH4_LocalUnwind@16       7e549fa0 f   libvcruntime:_exsup4_.obj
 0001:00008fb7       ___vcrt_initialize_locks   7e549fb7 f   libvcruntime:locks.obj
 0001:00008ff3       ___vcrt_uninitialize_locks 7e549ff3 f   libvcruntime:locks.obj
 0001:0000916f       ___vcrt_FlsAlloc           7e54a16f f   libvcruntime:winapi_downlevel.obj
 0001:000091a9       ___vcrt_FlsFree            7e54a1a9 f   libvcruntime:winapi_downlevel.obj
 0001:000091e3       ___vcrt_FlsGetValue        7e54a1e3 f   libvcruntime:winapi_downlevel.obj
 0001:0000921d       ___vcrt_FlsSetValue        7e54a21d f   libvcruntime:winapi_downlevel.obj
 0001:0000925a       ___vcrt_InitializeCriticalSectionEx 7e54a25a f   libvcruntime:winapi_downlevel.obj
 0001:000092a0       ___vcrt_initialize_winapi_thunks 7e54a2a0 f   libvcruntime:winapi_downlevel.obj
 0001:000092da       ___vcrt_uninitialize_winapi_thunks 7e54a2da f   libvcruntime:winapi_downlevel.obj
 0001:00009310       __global_unwind2           7e54a310 f   libvcruntime:_exsup_.obj
 0001:00009376       __local_unwind2            7e54a376 f   libvcruntime:_exsup_.obj
 0001:000093fa       __abnormal_termination     7e54a3fa f   libvcruntime:_exsup_.obj
 0001:00009420       __NLG_Notify1              7e54a420 f   libvcruntime:_exsup_.obj
 0001:0000942c       __NLG_Notify               7e54a42c f   libvcruntime:_exsup_.obj
 0001:00009443       __NLG_Dispatch             7e54a443     libvcruntime:_exsup_.obj
 0001:00009443       __NLG_Dispatch2            7e54a443     libvcruntime:_exsup_.obj
 0001:0000944b       __NLG_Call                 7e54a44b f   libvcruntime:_exsup_.obj
 0001:0000944d       __NLG_Return2              7e54a44d     libvcruntime:_exsup_.obj
 0001:0000944e       _unexpected                7e54a44e f   libvcruntime:unexpected.obj
 0001:0000946a       ___acrt_call_reportfault   7e54a46a f   libucrt:invalid_parameter.obj
 0001:000095a5       ___acrt_initialize_invalid_parameter_handler 7e54a5a5 f   libucrt:invalid_parameter.obj
 0001:000095b9       __invalid_parameter        7e54a5b9 f   libucrt:invalid_parameter.obj
 0001:00009634       __invalid_parameter_noinfo 7e54a634 f   libucrt:invalid_parameter.obj
 0001:00009644       __invalid_parameter_noinfo_noreturn 7e54a644 f   libucrt:invalid_parameter.obj
 0001:00009661       __invoke_watson            7e54a661 f   libucrt:invalid_parameter.obj
 0001:00009694       _wcslen                    7e54a694 f   libucrt:wcslen.obj
 0001:000096b0       _strlen                    7e54a6b0 f   libucrt:strlen.obj
 0001:0000973b       _free                      7e54a73b f   libucrt:free.obj
 0001:0000984a       __wgetenv                  7e54a84a f   libucrt:getenv.obj
 0001:00009855       _terminate                 7e54a855 f   libucrt:terminate.obj
 0001:00009891       ___acrt_initialize_locks   7e54a891 f   libucrt:locks.obj
 0001:000098d2       ___acrt_lock               7e54a8d2 f   libucrt:locks.obj
 0001:000098e9       ___acrt_uninitialize_locks 7e54a8e9 f   libucrt:locks.obj
 0001:0000991a       ___acrt_unlock             7e54a91a f   libucrt:locks.obj
 0001:00009931       __lock_locales             7e54a931 f   libucrt:locks.obj
 0001:0000993a       __unlock_locales           7e54a93a f   libucrt:locks.obj
 0001:00009943       __calloc_base              7e54a943 f   libucrt:calloc_base.obj
 0001:000099a0       ___pctype_func             7e54a9a0 f   libucrt:ctype.obj
 0001:000099c6       ??0_LocaleUpdate@@QAE@QAU__crt_locale_pointers@@@Z 7e54a9c6 f i libucrt:_ctype.obj
 0001:00009a49       __wcsdup                   7e54aa49 f   libucrt:wcsdup.obj
 0001:00009aaa       ____lc_codepage_func       7e54aaaa f   libucrt:initctype.obj
 0001:00009ad1       ____lc_locale_name_func    7e54aad1 f   libucrt:initctype.obj
 0001:00009afa       ____mb_cur_max_func        7e54aafa f   libucrt:initctype.obj
 0001:00009b21       ___acrt_locale_initialize_ctype 7e54ab21 f   libucrt:initctype.obj
 0001:00009ebf       ___acrt_errno_from_os_error 7e54aebf f   libucrt:errno.obj
 0001:00009f02       ___acrt_errno_map_os_error 7e54af02 f   libucrt:errno.obj
 0001:00009f25       ___doserrno                7e54af25 f   libucrt:errno.obj
 0001:00009f38       __errno                    7e54af38 f   libucrt:errno.obj
 0001:00009fa4       __ismbblead                7e54afa4 f   libucrt:ismbbyte.obj
 0001:00009fbc       _malloc                    7e54afbc f   libucrt:malloc.obj
 0001:0000a064       _setlocale                 7e54b064 f   libucrt:setlocale.obj
 0001:0000a1c1       ___strncnt                 7e54b1c1 f   libucrt:strncnt.obj
 0001:0000a1dd       __free_base                7e54b1dd f   libucrt:free_base.obj
 0001:0000a217       __malloc_base              7e54b217 f   libucrt:malloc_base.obj
 0001:0000a265       _wcsnlen                   7e54b265 f   libucrt:strnlen.obj
 0001:0000a41c       _abort                     7e54b41c f   libucrt:abort.obj
 0001:0000a45f       __realloc_base             7e54b45f f   libucrt:realloc_base.obj
 0001:0000a4c8       ?unget@?$c_string_character_source@_W@__crt_strtox@@QAEX_W@Z 7e54b4c8 f i libucrt:strtod.obj
 0001:0000a4f4       ?validate@?$c_string_character_source@_W@__crt_strtox@@QBE_NXZ 7e54b4f4 f i libucrt:strtod.obj
 0001:0000a510       _strcspn                   7e54b510 f   libucrt:strcspn.obj
 0001:0000a560       _pow                       7e54b560 f   libucrt:pow.obj
 0001:0000a5a0       __CIpow                    7e54b5a0 f   libucrt:pow.obj
 0001:0000a5db       __CIpow_default            7e54b5db f   libucrt:pow.obj
 0001:0000a5f4       __pow_default              7e54b5f4     libucrt:pow.obj
 0001:0000a7e9       _wcscpy_s                  7e54b7e9 f   libucrt:wcscpy_s.obj
 0001:0000a84d       ___acrt_initialize_new_handler 7e54b84d f   libucrt:new_handler.obj
 0001:0000a861       __callnewh                 7e54b861 f   libucrt:new_handler.obj
 0001:0000a8a5       __query_new_handler        7e54b8a5 f   libucrt:new_handler.obj
 0001:0000a8f7       __initterm                 7e54b8f7 f   libucrt:initterm.obj
 0001:0000a953       __initterm_e               7e54b953 f   libucrt:initterm.obj
 0001:0000a998       __seh_filter_dll           7e54b998 f   libucrt:exception_filter.obj
 0001:0000a9b8       __seh_filter_exe           7e54b9b8 f   libucrt:exception_filter.obj
 0001:0000ad46       ___acrt_initialize_thread_local_exit_callback 7e54bd46 f   libucrt:exit.obj
 0001:0000ad55       __cexit                    7e54bd55 f   libucrt:exit.obj
 0001:0000ad64       __exit                     7e54bd64 f   libucrt:exit.obj
 0001:0000ad7a       __is_c_termination_complete 7e54bd7a f   libucrt:exit.obj
 0001:0000b019       ___acrt_allocate_buffer_for_argv 7e54c019 f   libucrt:argv_parsing.obj
 0001:0000b06e       __configure_narrow_argv    7e54c06e f   libucrt:argv_parsing.obj
 0001:0000b3c8       ??$uninitialize@A6AXAAPAPAD@Z@?$dual_state_global@PAPAD@__crt_state_management@@QAEXA6AXAAPAPAD@Z@Z 7e54c3c8 f i libucrt:environment_initialization.obj
 0001:0000b3c8       ??$uninitialize@A6AXAAPAPA_W@Z@?$dual_state_global@PAPA_W@__crt_state_management@@QAEXA6AXAAPAPA_W@Z@Z 7e54c3c8 f i libucrt:environment_initialization.obj
 0001:0000b43e       ?initialize@?$dual_state_global@P6AXPB_W00II@Z@__crt_state_management@@QAEXQ6AXPB_W00II@Z@Z 7e54c43e f i libucrt:invalid_parameter.obj
 0001:0000b43e       ?initialize@?$dual_state_global@H@__crt_state_management@@QAEXH@Z 7e54c43e f i libucrt:timeset.obj
 0001:0000b43e       ?initialize@?$dual_state_global@PAU__crt_locale_data@@@__crt_state_management@@QAEXQAU__crt_locale_data@@@Z 7e54c43e f i libucrt:initialization.obj
 0001:0000b43e       ?initialize@?$dual_state_global@P6AXH@Z@__crt_state_management@@QAEXQ6AXH@Z@Z 7e54c43e f i libucrt:signal.obj
 0001:0000b43e       ?initialize@?$dual_state_global@PAPA_W@__crt_state_management@@QAEXQAPA_W@Z 7e54c43e f i libucrt:environment_initialization.obj
 0001:0000b43e       ?initialize@?$dual_state_global@PAPAD@__crt_state_management@@QAEXQAPAD@Z 7e54c43e f i libucrt:environment_initialization.obj
 0001:0000b43e       ?initialize@?$dual_state_global@P6AHI@Z@__crt_state_management@@QAEXQ6AHI@Z@Z 7e54c43e f i libucrt:new_handler.obj
 0001:0000b43e       ?initialize@?$dual_state_global@P6AHPAU_exception@@@Z@__crt_state_management@@QAEXQ6AHPAU_exception@@@Z@Z 7e54c43e f i libucrt:matherr.obj
 0001:0000b43e       ?initialize@?$dual_state_global@J@__crt_state_management@@QAEXJ@Z 7e54c43e f i libucrt:timeset.obj
 0001:0000b46f       ___dcrt_get_or_create_wide_environment_nolock 7e54c46f f   libucrt:environment_initialization.obj
 0001:0000b474       ___dcrt_uninitialize_environments_nolock 7e54c474 f   libucrt:environment_initialization.obj
 0001:0000b4ab       __initialize_narrow_environment 7e54c4ab f   libucrt:environment_initialization.obj
 0001:0000b4b0       ??$?RV<lambda_800076c951b434888f4765a74a194fcc>@@AAV<lambda_4e60a939b0d047cfe11ddc22648dfba9>@@V<lambda_6dbb1268764f43b569ce7b67e331d33a>@@@?$__crt_seh_guarded_call@H@@QAEH$$QAV<lambda_800076c951b434888f4765a74a194fcc>@@AAV<lambda_4e60a939b0d047cfe11ddc22648dfba9>@@$$QAV<lambda_6dbb1268764f43b569ce7b67e331d33a>@@@Z 7e54c4b0 f i libucrt:onexit.obj
 0001:0000b501       ??$?RV<lambda_995298e7d72eb4c2aab26c0585b3abe5>@@AAV<lambda_275893d493268fdec8709772e3fcec0e>@@V<lambda_293819299cbf9a7022e18b56a874bb5c>@@@?$__crt_seh_guarded_call@H@@QAEH$$QAV<lambda_995298e7d72eb4c2aab26c0585b3abe5>@@AAV<lambda_275893d493268fdec8709772e3fcec0e>@@$$QAV<lambda_293819299cbf9a7022e18b56a874bb5c>@@@Z 7e54c501 f i libucrt:onexit.obj
 0001:0000b552       ??$__acrt_lock_and_call@V<lambda_275893d493268fdec8709772e3fcec0e>@@@@YAHW4__acrt_lock_id@@$$QAV<lambda_275893d493268fdec8709772e3fcec0e>@@@Z 7e54c552 f i libucrt:onexit.obj
 0001:0000b57a       ??$__acrt_lock_and_call@V<lambda_4e60a939b0d047cfe11ddc22648dfba9>@@@@YAHW4__acrt_lock_id@@$$QAV<lambda_4e60a939b0d047cfe11ddc22648dfba9>@@@Z 7e54c57a f i libucrt:onexit.obj
 0001:0000b5a2       ??$__crt_fast_encode_pointer@P6AHXZ@@YAP6AHXZQ6AHXZ@Z 7e54c5a2 f i libucrt:onexit.obj
 0001:0000b5a2       ??$__crt_fast_encode_pointer@P6GHPA_WKJ@Z@@YAP6GHPA_WKJ@ZQ6GH0KJ@Z@Z 7e54c5a2 f i libucrt:winapi_thunks.obj
 0001:0000b822       __crt_atexit               7e54c822 f   libucrt:onexit.obj
 0001:0000b838       __execute_onexit_table     7e54c838 f   libucrt:onexit.obj
 0001:0000b855       __initialize_onexit_table  7e54c855 f   libucrt:onexit.obj
 0001:0000b892       __register_onexit_function 7e54c892 f   libucrt:onexit.obj
 0001:0000b8ea       ___acrt_uninitialize_command_line 7e54c8ea f   libucrt:argv_data.obj
 0001:0000b9aa       ___acrt_initialize         7e54c9aa f   libucrt:initialization.obj
 0001:0000b9bc       ___acrt_thread_attach      7e54c9bc f   libucrt:initialization.obj
 0001:0000b9c7       ___acrt_thread_detach      7e54c9c7 f   libucrt:initialization.obj
 0001:0000b9cf       ___acrt_uninitialize       7e54c9cf f   libucrt:initialization.obj
 0001:0000b9e1       ___acrt_uninitialize_critical 7e54c9e1 f   libucrt:initialization.obj
 0001:0000b9f3       _strcpy_s                  7e54c9f3 f   libucrt:strcpy_s.obj
 0001:0000ba4d       _wcsncmp                   7e54ca4d f   libucrt:wcsncmp.obj
 0001:0000ba87       ??$is_overflow_condition@K@__crt_strtox@@YA_NIK@Z 7e54ca87 f i libucrt:atox.obj
 0001:0000baba       ??$make_c_string_character_source@_W$$T@__crt_strtox@@YA?AV?$c_string_character_source@_W@0@QB_W$$T@Z 7e54caba f i libucrt:atox.obj
 0001:0000bad5       ??$parse_integer@KV?$c_string_character_source@_W@__crt_strtox@@@__crt_strtox@@YAKQAU__crt_locale_pointers@@V?$c_string_character_source@_W@0@H_N@Z 7e54cad5 f i libucrt:atox.obj
 0001:0000c1ba       __wtol                     7e54d1ba f   libucrt:atox.obj
 0001:0000c1e4       ??$?RV<lambda_3518db117f0e7cdb002338c5d3c47b6c>@@AAV<lambda_b2ea41f6bbb362cd97d94c6828d90b61>@@V<lambda_abdedf541bb04549bc734292b4a045d4>@@@?$__crt_seh_guarded_call@X@@QAEX$$QAV<lambda_3518db117f0e7cdb002338c5d3c47b6c>@@AAV<lambda_b2ea41f6bbb362cd97d94c6828d90b61>@@$$QAV<lambda_abdedf541bb04549bc734292b4a045d4>@@@Z 7e54d1e4 f i libucrt:per_thread_data.obj
 0001:0000c234       ??$?RV<lambda_51b6e8b1eb166f2a3faf91f424b38130>@@AAV<lambda_6250bd4b2a391816dd638c3bf72b0bcb>@@V<lambda_0b5a4a3e68152e1d9b943535f5f47bed>@@@?$__crt_seh_guarded_call@X@@QAEX$$QAV<lambda_51b6e8b1eb166f2a3faf91f424b38130>@@AAV<lambda_6250bd4b2a391816dd638c3bf72b0bcb>@@$$QAV<lambda_0b5a4a3e68152e1d9b943535f5f47bed>@@@Z 7e54d234 f i libucrt:per_thread_data.obj
 0001:0000c295       ??$?RV<lambda_5b71d36f03204c0beab531769a5b5694>@@AAV<lambda_be2b3da3f62db62e9dad5dc70221a656>@@V<lambda_8f9ce462984622f9bf76b59e2aaaf805>@@@?$__crt_seh_guarded_call@X@@QAEX$$QAV<lambda_5b71d36f03204c0beab531769a5b5694>@@AAV<lambda_be2b3da3f62db62e9dad5dc70221a656>@@$$QAV<lambda_8f9ce462984622f9bf76b59e2aaaf805>@@@Z 7e54d295 f i libucrt:per_thread_data.obj
 0001:0000c2e0       ??$?RV<lambda_9df27f884b057bc3edfc946cb5b7cf47>@@AAV<lambda_e69574bed617af4e071282c136b37893>@@V<lambda_cc0d902bcbbeb830f749456577db4721>@@@?$__crt_seh_guarded_call@X@@QAEX$$QAV<lambda_9df27f884b057bc3edfc946cb5b7cf47>@@AAV<lambda_e69574bed617af4e071282c136b37893>@@$$QAV<lambda_cc0d902bcbbeb830f749456577db4721>@@@Z 7e54d2e0 f i libucrt:per_thread_data.obj
 0001:0000c328       ??$__acrt_lock_and_call@V<lambda_6250bd4b2a391816dd638c3bf72b0bcb>@@@@YAXW4__acrt_lock_id@@$$QAV<lambda_6250bd4b2a391816dd638c3bf72b0bcb>@@@Z 7e54d328 f i libucrt:per_thread_data.obj
 0001:0000c350       ??$__acrt_lock_and_call@V<lambda_b2ea41f6bbb362cd97d94c6828d90b61>@@@@YAXW4__acrt_lock_id@@$$QAV<lambda_b2ea41f6bbb362cd97d94c6828d90b61>@@@Z 7e54d350 f i libucrt:per_thread_data.obj
 0001:0000c378       ??$__acrt_lock_and_call@V<lambda_be2b3da3f62db62e9dad5dc70221a656>@@@@YAXW4__acrt_lock_id@@$$QAV<lambda_be2b3da3f62db62e9dad5dc70221a656>@@@Z 7e54d378 f i libucrt:per_thread_data.obj
 0001:0000c3a0       ??$__acrt_lock_and_call@V<lambda_e69574bed617af4e071282c136b37893>@@@@YAXW4__acrt_lock_id@@$$QAV<lambda_e69574bed617af4e071282c136b37893>@@@Z 7e54d3a0 f i libucrt:per_thread_data.obj
 0001:0000c556       ___acrt_freeptd            7e54d556 f   libucrt:per_thread_data.obj
 0001:0000c582       ___acrt_getptd             7e54d582 f   libucrt:per_thread_data.obj
 0001:0000c606       ___acrt_getptd_noexit      7e54d606 f   libucrt:per_thread_data.obj
 0001:0000c68b       ___acrt_initialize_ptd     7e54d68b f   libucrt:per_thread_data.obj
 0001:0000c6b7       ___acrt_uninitialize_ptd   7e54d6b7 f   libucrt:per_thread_data.obj
 0001:0000c6d1       __wcsnicoll                7e54d6d1 f   libucrt:wcsnicol.obj
 0001:0000c7a1       __wcsnicoll_l              7e54d7a1 f   libucrt:wcsnicol.obj
 0001:0000c914       ??$?RV<lambda_9227be29367c048ad7fd93a717dcb1a1>@@AAV<lambda_a463b7b0560cfcaf9b17f27c6ef46564>@@V<lambda_ccea11b5727ccf69be64f5f5d9a08d9f>@@@?$__crt_seh_guarded_call@H@@QAEH$$QAV<lambda_9227be29367c048ad7fd93a717dcb1a1>@@AAV<lambda_a463b7b0560cfcaf9b17f27c6ef46564>@@$$QAV<lambda_ccea11b5727ccf69be64f5f5d9a08d9f>@@@Z 7e54d914 f i libucrt:winapi_thunks.obj
 0001:0000c998       ??$__acrt_lock_and_call@V<lambda_a463b7b0560cfcaf9b17f27c6ef46564>@@@@YAHW4__acrt_lock_id@@$$QAV<lambda_a463b7b0560cfcaf9b17f27c6ef46564>@@@Z 7e54d998 f i libucrt:winapi_thunks.obj
 0001:0000caf1       ___acrt_CompareStringEx@36 7e54daf1 f   libucrt:winapi_thunks.obj
 0001:0000cb65       ___acrt_EnumSystemLocalesEx@16 7e54db65 f   libucrt:winapi_thunks.obj
 0001:0000cbd2       ___acrt_FlsAlloc@4         7e54dbd2 f   libucrt:winapi_thunks.obj
 0001:0000cc28       ___acrt_FlsFree@4          7e54dc28 f   libucrt:winapi_thunks.obj
 0001:0000cc7e       ___acrt_FlsGetValue@4      7e54dc7e f   libucrt:winapi_thunks.obj
 0001:0000ccd4       ___acrt_FlsSetValue@8      7e54dcd4 f   libucrt:winapi_thunks.obj
 0001:0000cd2d       ___acrt_GetLocaleInfoEx@16 7e54dd2d f   libucrt:winapi_thunks.obj
 0001:0000cd97       ___acrt_GetUserDefaultLocaleName@8 7e54dd97 f   libucrt:winapi_thunks.obj
 0001:0000cdfe       ___acrt_InitializeCriticalSectionEx@12 7e54ddfe f   libucrt:winapi_thunks.obj
 0001:0000ce60       ___acrt_IsValidLocaleName@4 7e54de60 f   libucrt:winapi_thunks.obj
 0001:0000cec3       ___acrt_LCIDToLocaleName@16 7e54dec3 f   libucrt:winapi_thunks.obj
 0001:0000cf2d       ___acrt_LCMapStringEx@36   7e54df2d f   libucrt:winapi_thunks.obj
 0001:0000cfb5       ___acrt_LocaleNameToLCID@8 7e54dfb5 f   libucrt:winapi_thunks.obj
 0001:0000d011       ___acrt_can_use_vista_locale_apis 7e54e011 f   libucrt:winapi_thunks.obj
 0001:0000d01d       ___acrt_initialize_winapi_thunks 7e54e01d f   libucrt:winapi_thunks.obj
 0001:0000d043       ___acrt_is_packaged_app    7e54e043 f   libucrt:winapi_thunks.obj
 0001:0000d0ca       ___acrt_uninitialize_winapi_thunks 7e54e0ca f   libucrt:winapi_thunks.obj
 0001:0000d100       __query_new_mode           7e54e100 f   libucrt:new_mode.obj
 0001:0000d106       ___acrt_initialize_heap    7e54e106 f   libucrt:heap_handle.obj
 0001:0000d117       ___acrt_uninitialize_heap  7e54e117 f   libucrt:heap_handle.obj
 0001:0000d121       ___acrt_update_locale_info 7e54e121 f   libucrt:locale_update.obj
 0001:0000d14e       ___acrt_update_multibyte_info 7e54e14e f   libucrt:locale_update.obj
 0001:0000d17b       ?sync@?$basic_streambuf@_WU?$char_traits@_W@std@@@std@@MAEHXZ 7e54e17b f   w3l.obj
 0001:0000d17e       ??$?RV<lambda_70818de7b02deff9841e8b0962a60ed9>@@AAV<lambda_2af78c5f5901b1372d98f9ab3177dfa6>@@AAV<lambda_f51fe5fd7c79a33db34fc9310f277369>@@@?$__crt_seh_guarded_call@X@@QAEX$$QAV<lambda_70818de7b02deff9841e8b0962a60ed9>@@AAV<lambda_2af78c5f5901b1372d98f9ab3177dfa6>@@AAV<lambda_f51fe5fd7c79a33db34fc9310f277369>@@@Z 7e54e17e f i libucrt:wsetlocale.obj
 0001:0000d1b9       ??$?RV<lambda_c76fdea48760d5f9368b465f31df4405>@@AAV<lambda_e378711a6f6581bf7f0efd7cdf97f5d9>@@V<lambda_e927a58b2a85c081d733e8c6192ae2d2>@@@?$__crt_seh_guarded_call@X@@QAEX$$QAV<lambda_c76fdea48760d5f9368b465f31df4405>@@AAV<lambda_e378711a6f6581bf7f0efd7cdf97f5d9>@@$$QAV<lambda_e927a58b2a85c081d733e8c6192ae2d2>@@@Z 7e54e1b9 f i libucrt:wsetlocale.obj
 0001:0000d1fc       ??$__acrt_lock_and_call@V<lambda_e378711a6f6581bf7f0efd7cdf97f5d9>@@@@YAXW4__acrt_lock_id@@$$QAV<lambda_e378711a6f6581bf7f0efd7cdf97f5d9>@@@Z 7e54e1fc f i libucrt:wsetlocale.obj
 0001:0000d37e       ___acrt_copy_locale_name   7e54e37e f   libucrt:wsetlocale.obj
 0001:0000d3e4       ___acrt_set_locale_changed 7e54e3e4 f   libucrt:wsetlocale.obj
 0001:0000d3ef       ___acrt_uninitialize_locale 7e54e3ef f   libucrt:wsetlocale.obj
 0001:0000d441       ___lc_lctowcs              7e54e441 f   libucrt:wsetlocale.obj
 0001:0000d4b1       ___lc_wcstolc              7e54e4b1 f   libucrt:wsetlocale.obj
 0001:0000d60f       __expandlocale             7e54e60f f   libucrt:wsetlocale.obj
 0001:0000d986       __wcscats                  7e54e986 f   libucrt:wsetlocale.obj
 0001:0000d9c7       __wsetlocale               7e54e9c7 f   libucrt:wsetlocale.obj
 0001:0000e38c       ___acrt_GetLocaleInfoA     7e54f38c f   libucrt:getlocaleinfoa.obj
 0001:0000e53e       ___acrt_GetStringTypeA     7e54f53e f   libucrt:getstringtypea.obj
 0001:0000e878       ___acrt_LCMapStringA       7e54f878 f   libucrt:lcmapstringa.obj
 0001:0000ea3c       __mbstowcs_s_l             7e54fa3c f   libucrt:mbstowcs.obj
 0001:0000eb1f       _mbstowcs_s                7e54fb1f f   libucrt:mbstowcs.obj
 0001:0000edc0       __wcstombs_s_l             7e54fdc0 f   libucrt:wcstombs.obj
 0001:0000ee8d       ??$?RV<lambda_a048d3beccc847880fc8490e18b82769>@@AAV<lambda_ec61778202f4f5fc7e7711acc23c3bca>@@V<lambda_f7496a158712204296dd6628a163878e>@@@?$__crt_seh_guarded_call@P6AXH@Z@@QAEP6AXH@Z$$QAV<lambda_a048d3beccc847880fc8490e18b82769>@@AAV<lambda_ec61778202f4f5fc7e7711acc23c3bca>@@$$QAV<lambda_f7496a158712204296dd6628a163878e>@@@Z 7e54fe8d f i libucrt:signal.obj
 0001:0000eee7       ??$__acrt_lock_and_call@V<lambda_ec61778202f4f5fc7e7711acc23c3bca>@@@@YAP6AXH@ZW4__acrt_lock_id@@$$QAV<lambda_ec61778202f4f5fc7e7711acc23c3bca>@@@Z 7e54fee7 f i libucrt:signal.obj
 0001:0000ef79       ___acrt_get_sigabrt_handler 7e54ff79 f   libucrt:signal.obj
 0001:0000ef90       ___acrt_initialize_signal_handlers 7e54ff90 f   libucrt:signal.obj
 0001:0000efcb       ___fpecode                 7e54ffcb f   libucrt:signal.obj
 0001:0000efd4       _raise                     7e54ffd4 f   libucrt:signal.obj
 0001:0000f1dc       _iswctype                  7e5501dc f   libucrt:iswctype.obj
 0001:0000f23b       __errcode                  7e55023b f   libucrt:fpexcept.obj
 0001:0000f26f       __except1                  7e55026f f   libucrt:fpexcept.obj
 0001:0000f33d       __handle_exc               7e55033d f   libucrt:fpexcept.obj
 0001:0000f51d       __raise_exc                7e55051d f   libucrt:fpexcept.obj
 0001:0000f540       __raise_exc_ex             7e550540 f   libucrt:fpexcept.obj
 0001:0000f831       __set_errno_from_matherr   7e550831 f   libucrt:fpexcept.obj
 0001:0000f860       __umatherr                 7e550860 f   libucrt:fpexcept.obj
 0001:0000f902       __decomp                   7e550902 f   libucrt:util.obj
 0001:0000f9d6       __set_exp                  7e5509d6 f   libucrt:util.obj
 0001:0000fa05       __sptype                   7e550a05 f   libucrt:util.obj
 0001:0000fa63       __clrfp                    7e550a63 f   libucrt:fpctrl.obj
 0001:0000fa76       __ctrlfp                   7e550a76 f   libucrt:fpctrl.obj
 0001:0000faa2       __set_statfp               7e550aa2 f   libucrt:fpctrl.obj
 0001:0000fafd       __statfp                   7e550afd f   libucrt:fpctrl.obj
 0001:0000fb0f       __fpclass                  7e550b0f f   libucrt:ieeemisc.obj
 0001:0000fbb3       __mbtowc_l                 7e550bb3 f   libucrt:mbtowc.obj
 0001:0000fcad       _mbtowc                    7e550cad f   libucrt:mbtowc.obj
 0001:0000fcc7       __fileno                   7e550cc7 f   libucrt:fileno.obj
 0001:0000fced       ___acrt_initialize_stdio   7e550ced f   libucrt:_file.obj
 0001:0000fdb5       ___acrt_uninitialize_stdio 7e550db5 f   libucrt:_file.obj
 0001:0000fe01       __lock_file                7e550e01 f   libucrt:_file.obj
 0001:0000fe15       __unlock_file              7e550e15 f   libucrt:_file.obj
 0001:0000ff95       ___acrt_initialize_lowio   7e550f95 f   libucrt:ioinit.obj
 0001:0000ffeb       ___acrt_uninitialize_lowio 7e550feb f   libucrt:ioinit.obj
 0001:00010017       ___acrt_initialize_sse2    7e551017 f   libucrt:mathfcns.obj
 0001:00010030       __CIpow_pentium4           7e551030 f   libucrt:pow_pentium4.obj
 0001:00010049       __pow_pentium4             7e551049     libucrt:pow_pentium4.obj
 0001:00010b61       __fFEXP                    7e551b61     libucrt:87tran.obj
 0001:00010bb8       __rtinfpopse               7e551bb8     libucrt:87tran.obj
 0001:00010bba       __rtinfnpopse              7e551bba     libucrt:87tran.obj
 0001:00010bca       __fFLN                     7e551bca     libucrt:87tran.obj
 0001:00010c7f       __rtinfpop                 7e551c7f     libucrt:87tran.obj
 0001:00010c81       __rtinfnpop                7e551c81     libucrt:87tran.obj
 0001:00010c9e       __ffexpm1                  7e551c9e     libucrt:87tran.obj
 0001:00010d50       __trandisp1                7e551d50 f   libucrt:87disp.obj
 0001:00010db7       __trandisp2                7e551db7 f   libucrt:87disp.obj
 0001:00010e43       __rttospopde               7e551e43     libucrt:87disp.obj
 0001:00010e48       __rttospop                 7e551e48     libucrt:87disp.obj
 0001:00010e4a       __rtnospop                 7e551e4a     libucrt:87disp.obj
 0001:00010e4c       __rttosnpop                7e551e4c     libucrt:87disp.obj
 0001:00010e4d       __rtnospopde               7e551e4d     libucrt:87disp.obj
 0001:00010e54       __rtzeropop                7e551e54     libucrt:87disp.obj
 0001:00010e56       __rtzeronpop               7e551e56     libucrt:87disp.obj
 0001:00010e5b       __rtzerospop               7e551e5b     libucrt:87disp.obj
 0001:00010e68       __rtonepop                 7e551e68     libucrt:87disp.obj
 0001:00010e6a       __rtonenpop                7e551e6a     libucrt:87disp.obj
 0001:00010e6f       __tosnan1                  7e551e6f     libucrt:87disp.obj
 0001:00010e9a       __nosnan2                  7e551e9a     libucrt:87disp.obj
 0001:00010e9c       __tosnan2                  7e551e9c     libucrt:87disp.obj
 0001:00010ec4       __nan2                     7e551ec4     libucrt:87disp.obj
 0001:00010f03       __rtindfpop                7e551f03     libucrt:87disp.obj
 0001:00010f05       __rtindfnpop               7e551f05     libucrt:87disp.obj
 0001:00010f16       __rttosnpopde              7e551f16     libucrt:87disp.obj
 0001:00010f20       __rtatan2inf               7e551f20     libucrt:87disp.obj
 0001:00010f3d       __rtchsifneg               7e551f3d     libucrt:87disp.obj
 0001:00010f50       __startTwoArgErrorHandling 7e551f50 f   libucrt:genexcep.obj
 0001:00010f67       __startOneArgErrorHandling 7e551f67 f   libucrt:genexcep.obj
 0001:00010fb0       __twoToTOS                 7e551fb0 f   libucrt:common.obj
 0001:00010fc5       __load_CW                  7e551fc5 f   libucrt:common.obj
 0001:00010fdc       __convertTOStoQNaN         7e551fdc f   libucrt:common.obj
 0001:00010ff5       __fload_withFB             7e551ff5 f   libucrt:common.obj
 0001:00011038       __checkTOS_withFB          7e552038 f   libucrt:common.obj
 0001:0001104e       __fast_exit                7e55204e f   libucrt:common.obj
 0001:0001105b       __math_exit                7e55205b f   libucrt:common.obj
 0001:00011085       __check_overflow_exit      7e552085 f   libucrt:common.obj
 0001:00011099       __check_range_exit         7e552099 f   libucrt:common.obj
 0001:0001113c       __d_inttype                7e55213c f   libucrt:powhlp.obj
 0001:000111a6       __powhlp                   7e5521a6 f   libucrt:powhlp.obj
 0001:000112d1       __wcsicmp                  7e5522d1 f   libucrt:wcsicmp.obj
 0001:00011366       __wcsicmp_l                7e552366 f   libucrt:wcsicmp.obj
 0001:00011446       ___acrt_initialize_timeset 7e552446 f   libucrt:timeset.obj
 0001:0001147d       __isleadbyte_l             7e55247d f i libucrt:_wctype.obj
 0001:00011878       ??1?$argument_list@D@?A0xb0e4b824@@QAE@XZ 7e552878 f i libucrt:argv_wildcards.obj
 0001:0001189d       ?append@?$argument_list@D@?A0xb0e4b824@@QAEHQAD@Z 7e55289d f i libucrt:argv_wildcards.obj
 0001:000118d2       ?expand_if_necessary@?$argument_list@D@?A0xb0e4b824@@AAEHXZ 7e5528d2 f i libucrt:argv_wildcards.obj
 0001:00011959       ___acrt_expand_narrow_argv_wildcards 7e552959 f   libucrt:argv_wildcards.obj
 0001:00011964       ??$?RV<lambda_978dc153c237d78434369da87b74ff60>@@AAV<lambda_ad1ced32f4ac17aa236e5ef05d6b3b7c>@@V<lambda_4a8533e2866a575feecb8298ce776b0d>@@@?$__crt_seh_guarded_call@X@@QAEX$$QAV<lambda_978dc153c237d78434369da87b74ff60>@@AAV<lambda_ad1ced32f4ac17aa236e5ef05d6b3b7c>@@$$QAV<lambda_4a8533e2866a575feecb8298ce776b0d>@@@Z 7e552964 f i libucrt:mbctype.obj
 0001:000119a7       ??$__acrt_lock_and_call@V<lambda_ad1ced32f4ac17aa236e5ef05d6b3b7c>@@@@YAXW4__acrt_lock_id@@$$QAV<lambda_ad1ced32f4ac17aa236e5ef05d6b3b7c>@@@Z 7e5529a7 f i libucrt:mbctype.obj
 0001:00011e3e       ___acrt_initialize_multibyte 7e552e3e f   libucrt:mbctype.obj
 0001:00011e5c       ___acrt_update_thread_multibyte_data 7e552e5c f   libucrt:mbctype.obj
 0001:00011efe       __setmbcp_nolock           7e552efe f   libucrt:mbctype.obj
 0001:00012170       ___acrt_initialize_command_line 7e553170 f   libucrt:argv_data.obj
 0001:000121c0       ___dcrt_get_narrow_environment_from_os 7e5531c0 f   libucrt:get_environment_from_os.obj
 0001:00012243       ___dcrt_get_wide_environment_from_os 7e553243 f   libucrt:get_environment_from_os.obj
 0001:000125e5       ___dcrt_set_variable_in_wide_environment_nolock 7e5535e5 f   libucrt:setenv.obj
 0001:000125f0       __recalloc                 7e5535f0 f   libucrt:recalloc.obj
 0001:000125fb       __recalloc_base            7e5535fb f   libucrt:recalloc.obj
 0001:00012668       ___acrt_execute_initializers 7e553668 f   libucrt:shared_initialization.obj
 0001:000126eb       ___acrt_execute_uninitializers 7e5536eb f   libucrt:shared_initialization.obj
 0001:00012738       ___acrt_has_user_matherr   7e553738 f   libucrt:matherr.obj
 0001:00012751       ___acrt_initialize_user_matherr 7e553751 f   libucrt:matherr.obj
 0001:00012765       ___acrt_invoke_user_matherr 7e553765 f   libucrt:matherr.obj
 0001:000127ae       ___acrt_add_locale_ref     7e5537ae f   libucrt:locale_refcounting.obj
 0001:0001282b       ___acrt_free_locale        7e55382b f   libucrt:locale_refcounting.obj
 0001:00012975       ___acrt_locale_add_lc_time_reference 7e553975 f   libucrt:locale_refcounting.obj
 0001:0001299e       ___acrt_locale_free_lc_time_if_unreferenced 7e55399e f   libucrt:locale_refcounting.obj
 0001:000129ce       ___acrt_locale_release_lc_time_reference 7e5539ce f   libucrt:locale_refcounting.obj
 0001:000129f7       ___acrt_release_locale_ref 7e5539f7 f   libucrt:locale_refcounting.obj
 0001:00012a78       ___acrt_update_thread_locale_data 7e553a78 f   libucrt:locale_refcounting.obj
 0001:00012aef       __updatetlocinfoEx_nolock  7e553aef f   libucrt:locale_refcounting.obj
 0001:00012b3f       ___acrt_CompareStringW     7e553b3f f   libucrt:comparestringw.obj
 0001:00012c63       ___acrt_DownlevelLCIDToLocaleName 7e553c63 f   libucrt:lcidtoname_downlevel.obj
 0001:00012d0d       ___acrt_DownlevelLocaleNameToLCID 7e553d0d f   libucrt:lcidtoname_downlevel.obj
 0001:00012d39       ___acrt_locale_free_monetary 7e553d39 f   libucrt:initmon.obj
 0001:00012e37       ___acrt_locale_initialize_monetary 7e553e37 f   libucrt:initmon.obj
 0001:000131f3       ___acrt_locale_free_numeric 7e5541f3 f   libucrt:initnum.obj
 0001:0001325c       ___acrt_locale_initialize_numeric 7e55425c f   libucrt:initnum.obj
 0001:00013731       ___acrt_locale_free_time   7e554731 f   libucrt:inittime.obj
 0001:00013815       ___acrt_locale_initialize_time 7e554815 f   libucrt:inittime.obj
 0001:00013894       _wcscat_s                  7e554894 f   libucrt:wcscat_s.obj
 0001:000139d6       _wcsncpy_s                 7e5549d6 f   libucrt:wcsncpy_s.obj
 0001:000139e1       _wcscspn                   7e5549e1 f   libucrt:wcscspn.obj
 0001:00013a31       _wcspbrk                   7e554a31 f   libucrt:wcspbrk.obj
 0001:00014174       ___acrt_get_qualified_locale 7e555174 f   libucrt:get_qualified_locale.obj
 0001:00014aac       ___acrt_get_qualified_locale_downlevel 7e555aac f   libucrt:getqloc_downlevel.obj
 0001:00014d64       _strncpy_s                 7e555d64 f   libucrt:strncpy_s.obj
 0001:00014d6f       __fcloseall                7e555d6f f   libucrt:closeall.obj
 0001:00014e0f       ___acrt_stdio_flush_nolock 7e555e0f f   libucrt:fflush.obj
 0001:00014e75       __fflush_nolock            7e555e75 f   libucrt:fflush.obj
 0001:00014ebc       __flushall                 7e555ebc f   libucrt:fflush.obj
 0001:00014f9d       ___acrt_stdio_free_buffer_nolock 7e555f9d f   libucrt:_freebuf.obj
 0001:00014fdb       __isatty                   7e555fdb f   libucrt:isatty.obj
 0001:00015031       ___acrt_lowio_create_handle_array 7e556031 f   libucrt:osfinfo.obj
 0001:000150ab       ___acrt_lowio_destroy_handle_array 7e5560ab f   libucrt:osfinfo.obj
 0001:000150e0       ___acrt_lowio_ensure_fh_exists 7e5560e0 f   libucrt:osfinfo.obj
 0001:00015178       ___acrt_lowio_lock_fh      7e556178 f   libucrt:osfinfo.obj
 0001:0001519b       ___acrt_lowio_unlock_fh    7e55619b f   libucrt:osfinfo.obj
 0001:000151be       __free_osfhnd              7e5561be f   libucrt:osfinfo.obj
 0001:0001524f       __get_osfhandle            7e55624f f   libucrt:osfinfo.obj
 0001:000152b9       ___libm_error_support      7e5562b9 f   libucrt:libm_error.obj
 0001:000154d1       __87except                 7e5564d1 f   libucrt:87except.obj
 0001:000155dc       __frnd                     7e5565dc f   libucrt:frnd.obj
 0001:000155f2       __towlower_l               7e5565f2 f   libucrt:towlower.obj
 0001:000157a0       _qsort                     7e5567a0 f   libucrt:qsort.obj
 0001:00015b40       _strpbrk                   7e556b40 f   libucrt:strpbrk.obj
 0001:00015b80       __mbsdec                   7e556b80 f   libucrt:mbsdec.obj
 0001:00015b97       __mbsdec_l                 7e556b97 f   libucrt:mbsdec.obj
 0001:00015c33       __msize                    7e556c33 f   libucrt:msize.obj
 0001:00015c70       ___ascii_strnicmp          7e556c70 f   libucrt:_strnicm.obj
 0001:00015dbe       __itow_s                   7e556dbe f   libucrt:xtoa.obj
 0001:00015df3       __wcsnicmp                 7e556df3 f   libucrt:wcsnicmp.obj
 0001:00015eab       __wcsnicmp_l               7e556eab f   libucrt:wcsnicmp.obj
 0001:00015fb0       _log10                     7e556fb0 f   libucrt:log10.obj
 0001:00015ff0       __CIlog10                  7e556ff0 f   libucrt:log10.obj
 0001:0001602b       __CIlog10_default          7e55702b f   libucrt:log10.obj
 0001:0001603f       __log10_default            7e55703f     libucrt:log10.obj
 0001:00016100       _ceil                      7e557100 f   libucrt:ceil_pentium4.obj
 0001:00016140       __ceil_pentium4            7e557140 f   libucrt:ceil_pentium4.obj
 0001:000167ad       __write                    7e5577ad f   libucrt:write.obj
 0001:00016898       __write_nolock             7e557898 f   libucrt:write.obj
 0001:00016b22       __lseeki64_nolock          7e557b22 f   libucrt:lseek.obj
 0001:00016b3d       __fclose_nolock            7e557b3d f   libucrt:fclose.obj
 0001:00016bb3       _fclose                    7e557bb3 f   libucrt:fclose.obj
 0001:00016c33       ??$?RV<lambda_61cee617f5178ae960314fd4d05640a0>@@AAV<lambda_6978c1fb23f02e42e1d9e99668cc68aa>@@V<lambda_9cd88cf8ad10232537feb2133f08c833>@@@?$__crt_seh_guarded_call@H@@QAEH$$QAV<lambda_61cee617f5178ae960314fd4d05640a0>@@AAV<lambda_6978c1fb23f02e42e1d9e99668cc68aa>@@$$QAV<lambda_9cd88cf8ad10232537feb2133f08c833>@@@Z 7e557c33 f i libucrt:commit.obj
 0001:00016ccb       ??$__acrt_lowio_lock_fh_and_call@V<lambda_6978c1fb23f02e42e1d9e99668cc68aa>@@@@YAHH$$QAV<lambda_6978c1fb23f02e42e1d9e99668cc68aa>@@@Z 7e557ccb f i libucrt:commit.obj
 0001:00016cf3       __commit                   7e557cf3 f   libucrt:commit.obj
 0001:00016d62       __query_app_type           7e557d62 f   libucrt:report_runtime_error.obj
 0001:00016d68       ___acrt_LCMapStringW       7e557d68 f   libucrt:lcmapstringw.obj
 0001:00016db0       __CIlog10_pentium4         7e557db0 f   libucrt:log10_pentium4.obj
 0001:00016dc8       __log10_pentium4           7e557dc8     libucrt:log10_pentium4.obj
 0001:00017040       __ceil_default             7e558040 f   libucrt:ceil.obj
 0001:000170f9       __putwch_nolock            7e5580f9 f   libucrt:putwch.obj
 0001:0001713e       ??$?RV<lambda_123407a5e2ac06da108355a851863b7a>@@AAV<lambda_2fe9b910cf3cbf4a0ab98a02ba45b3ec>@@V<lambda_ae55bdf541ad94d75914d381c370e64d>@@@?$__crt_seh_guarded_call@H@@QAEH$$QAV<lambda_123407a5e2ac06da108355a851863b7a>@@AAV<lambda_2fe9b910cf3cbf4a0ab98a02ba45b3ec>@@$$QAV<lambda_ae55bdf541ad94d75914d381c370e64d>@@@Z 7e55813e f i libucrt:close.obj
 0001:000171c0       ??$__acrt_lowio_lock_fh_and_call@V<lambda_2fe9b910cf3cbf4a0ab98a02ba45b3ec>@@@@YAHH$$QAV<lambda_2fe9b910cf3cbf4a0ab98a02ba45b3ec>@@@Z 7e5581c0 f i libucrt:close.obj
 0001:000171e8       __close                    7e5581e8 f   libucrt:close.obj
 0001:00017267       __close_nolock             7e558267 f   libucrt:close.obj
 0001:00017303       ?__acrt_stdio_free_stream@@YAXV__crt_stdio_stream@@@Z 7e558303 f   libucrt:stream.obj
 0001:0001733e       ___dcrt_lowio_initialize_console_output 7e55833e f   libucrt:initcon.obj
 0001:0001735d       ___dcrt_terminate_console_output 7e55835d f   libucrt:initcon.obj
 0001:00017374       _IsProcessorFeaturePresent@4 7e558374 f   kernel32:KERNEL32.dll
 0001:00017380       __FindPESection            7e558380 f   LIBCMT:pesect.obj
 0001:000173d0       __IsNonwritableInCurrentImage 7e5583d0 f   LIBCMT:pesect.obj
 0001:00017490       __ValidateImageBase        7e558490 f   LIBCMT:pesect.obj
 0001:000174d0       __aulldvrm                 7e5584d0 f   LIBCMT:ulldvrm.obj
 0001:00017570       __SEH_prolog4_GS           7e558570 f   LIBCMT:_sehprolg4gs_.obj
 0001:000175b9       __SEH_epilog4_GS           7e5585b9 f   LIBCMT:_sehprolg4gs_.obj
 0001:000175d0       __allshl                   7e5585d0 f   LIBCMT:llshl.obj
 0001:000175f0       __aullshr                  7e5585f0 f   LIBCMT:ullshr.obj
 0001:00017610       __alldvrm                  7e558610 f   LIBCMT:lldvrm.obj
 0001:000176f0       __ftol2_sse                7e5586f0 f   LIBCMT:_ftol2_.obj
 0001:000176f9       __ftol2_pentium4           7e5586f9 f   LIBCMT:_ftol2_.obj
 0001:0001770c       __ftol2_sse_excpt          7e55870c f   LIBCMT:_ftol2_.obj
 0001:00017730       __ftol2                    7e558730 f   LIBCMT:_ftol2_.obj
 0001:000177b0       _strrchr                   7e5587b0 f   libvcruntime:strrchr.obj
 0001:000178f0       _strchr                    7e5588f0 f   libvcruntime:strchr.obj
 0001:0001795e       ___from_strstr_to_strchr   7e55895e     libvcruntime:strchr.obj
 0001:00017a1b       _wcschr                    7e558a1b f   libvcruntime:wcschr.obj
 0002:00000000       __imp__VirtualProtectEx@20 7e559000     kernel32:KERNEL32.dll
 0002:00000004       __imp__GetEnvironmentStringsW@0 7e559004     kernel32:KERNEL32.dll
 0002:00000008       __imp__ReadProcessMemory@20 7e559008     kernel32:KERNEL32.dll
 0002:0000000c       __imp__WriteProcessMemory@20 7e55900c     kernel32:KERNEL32.dll
 0002:00000010       __imp__GetThreadContext@8  7e559010     kernel32:KERNEL32.dll
 0002:00000014       __imp__ResumeThread@4      7e559014     kernel32:KERNEL32.dll
 0002:00000018       __imp__WriteFile@20        7e559018     kernel32:KERNEL32.dll
 0002:0000001c       __imp__SetFilePointer@16   7e55901c     kernel32:KERNEL32.dll
 0002:00000020       __imp__CloseHandle@4       7e559020     kernel32:KERNEL32.dll
 0002:00000024       __imp__CreateProcessW@40   7e559024     kernel32:KERNEL32.dll
 0002:00000028       __imp__CreateFileW@28      7e559028     kernel32:KERNEL32.dll
 0002:0000002c       __imp__WriteConsoleW@20    7e55902c     kernel32:KERNEL32.dll
 0002:00000030       __imp__WideCharToMultiByte@32 7e559030     kernel32:KERNEL32.dll
 0002:00000034       __imp__MultiByteToWideChar@24 7e559034     kernel32:KERNEL32.dll
 0002:00000038       __imp__GetStringTypeW@16   7e559038     kernel32:KERNEL32.dll
 0002:0000003c       __imp__GetLastError@0      7e55903c     kernel32:KERNEL32.dll
 0002:00000040       __imp__EnterCriticalSection@4 7e559040     kernel32:KERNEL32.dll
 0002:00000044       __imp__LeaveCriticalSection@4 7e559044     kernel32:KERNEL32.dll
 0002:00000048       __imp__DeleteCriticalSection@4 7e559048     kernel32:KERNEL32.dll
 0002:0000004c       __imp__EncodePointer@4     7e55904c     kernel32:KERNEL32.dll
 0002:00000050       __imp__DecodePointer@4     7e559050     kernel32:KERNEL32.dll
 0002:00000054       __imp__SetLastError@4      7e559054     kernel32:KERNEL32.dll
 0002:00000058       __imp__InitializeCriticalSectionAndSpinCount@8 7e559058     kernel32:KERNEL32.dll
 0002:0000005c       __imp__Sleep@4             7e55905c     kernel32:KERNEL32.dll
 0002:00000060       __imp__TlsAlloc@0          7e559060     kernel32:KERNEL32.dll
 0002:00000064       __imp__TlsGetValue@4       7e559064     kernel32:KERNEL32.dll
 0002:00000068       __imp__TlsSetValue@8       7e559068     kernel32:KERNEL32.dll
 0002:0000006c       __imp__TlsFree@4           7e55906c     kernel32:KERNEL32.dll
 0002:00000070       __imp__GetSystemTimeAsFileTime@4 7e559070     kernel32:KERNEL32.dll
 0002:00000074       __imp__GetModuleHandleW@4  7e559074     kernel32:KERNEL32.dll
 0002:00000078       __imp__GetProcAddress@8    7e559078     kernel32:KERNEL32.dll
 0002:0000007c       __imp__CompareStringW@24   7e55907c     kernel32:KERNEL32.dll
 0002:00000080       __imp__LCMapStringW@24     7e559080     kernel32:KERNEL32.dll
 0002:00000084       __imp__GetLocaleInfoW@16   7e559084     kernel32:KERNEL32.dll
 0002:00000088       __imp__GetCPInfo@8         7e559088     kernel32:KERNEL32.dll
 0002:0000008c       __imp__QueryPerformanceCounter@4 7e55908c     kernel32:KERNEL32.dll
 0002:00000090       __imp__GetCurrentProcessId@0 7e559090     kernel32:KERNEL32.dll
 0002:00000094       __imp__GetCurrentThreadId@0 7e559094     kernel32:KERNEL32.dll
 0002:00000098       __imp__InitializeSListHead@4 7e559098     kernel32:KERNEL32.dll
 0002:0000009c       __imp__IsDebuggerPresent@0 7e55909c     kernel32:KERNEL32.dll
 0002:000000a0       __imp__UnhandledExceptionFilter@4 7e5590a0     kernel32:KERNEL32.dll
 0002:000000a4       __imp__SetUnhandledExceptionFilter@4 7e5590a4     kernel32:KERNEL32.dll
 0002:000000a8       __imp__GetStartupInfoW@4   7e5590a8     kernel32:KERNEL32.dll
 0002:000000ac       __imp__IsProcessorFeaturePresent@4 7e5590ac     kernel32:KERNEL32.dll
 0002:000000b0       __imp__GetCurrentProcess@0 7e5590b0     kernel32:KERNEL32.dll
 0002:000000b4       __imp__TerminateProcess@8  7e5590b4     kernel32:KERNEL32.dll
 0002:000000b8       __imp__RaiseException@16   7e5590b8     kernel32:KERNEL32.dll
 0002:000000bc       __imp__RtlUnwind@16        7e5590bc     kernel32:KERNEL32.dll
 0002:000000c0       __imp__InterlockedFlushSList@4 7e5590c0     kernel32:KERNEL32.dll
 0002:000000c4       __imp__FreeLibrary@4       7e5590c4     kernel32:KERNEL32.dll
 0002:000000c8       __imp__LoadLibraryExW@12   7e5590c8     kernel32:KERNEL32.dll
 0002:000000cc       __imp__HeapAlloc@12        7e5590cc     kernel32:KERNEL32.dll
 0002:000000d0       __imp__HeapFree@12         7e5590d0     kernel32:KERNEL32.dll
 0002:000000d4       __imp__HeapReAlloc@16      7e5590d4     kernel32:KERNEL32.dll
 0002:000000d8       __imp__ExitProcess@4       7e5590d8     kernel32:KERNEL32.dll
 0002:000000dc       __imp__GetModuleHandleExW@12 7e5590dc     kernel32:KERNEL32.dll
 0002:000000e0       __imp__GetModuleFileNameA@12 7e5590e0     kernel32:KERNEL32.dll
 0002:000000e4       __imp__IsValidLocale@8     7e5590e4     kernel32:KERNEL32.dll
 0002:000000e8       __imp__GetUserDefaultLCID@0 7e5590e8     kernel32:KERNEL32.dll
 0002:000000ec       __imp__EnumSystemLocalesW@8 7e5590ec     kernel32:KERNEL32.dll
 0002:000000f0       __imp__GetProcessHeap@0    7e5590f0     kernel32:KERNEL32.dll
 0002:000000f4       __imp__GetACP@0            7e5590f4     kernel32:KERNEL32.dll
 0002:000000f8       __imp__GetStdHandle@4      7e5590f8     kernel32:KERNEL32.dll
 0002:000000fc       __imp__GetFileType@4       7e5590fc     kernel32:KERNEL32.dll
 0002:00000100       __imp__FindClose@4         7e559100     kernel32:KERNEL32.dll
[...]
 0002:0000c63c       __unwindtable$??1?$basic_ios@_WU?$char_traits@_W@std@@@std@@UAE@XZ 7e56563c     w3l.obj
 0002:0000c63c       __unwindtable$??_D?$basic_istream@_WU?$char_traits@_W@std@@@std@@QAEXXZ 7e56563c     w3l.obj
 0002:0000c644       __ehfuncinfo$??_D?$basic_iostream@_WU?$char_traits@_W@std@@@std@@QAEXXZ 7e565644     w3l.obj
 0002:0000c644       __ehfuncinfo$??_Gios_base@std@@UAEPAXI@Z 7e565644     w3l.obj
 0002:0000c644       __ehfuncinfo$??_D?$basic_ostream@_WU?$char_traits@_W@std@@@std@@QAEXXZ 7e565644     w3l.obj
 0002:0000c644       __ehfuncinfo$??_G?$basic_ios@_WU?$char_traits@_W@std@@@std@@UAEPAXI@Z 7e565644     w3l.obj
 0002:0000c644       __ehfuncinfo$??_D?$basic_stringstream@_WU?$char_traits@_W@std@@V?$allocator@_W@2@@std@@QAEXXZ 7e565644     w3l.obj
 0002:0000c644       __ehfuncinfo$??1?$basic_ios@_WU?$char_traits@_W@std@@@std@@UAE@XZ 7e565644     w3l.obj
 0002:0000c644       __ehfuncinfo$??_D?$basic_istream@_WU?$char_traits@_W@std@@@std@@QAEXXZ 7e565644     w3l.obj
 0002:0000c668       __unwindtable$??0?$basic_istream@_WU?$char_traits@_W@std@@@std@@QAE@PAV?$basic_streambuf@_WU?$char_traits@_W@std@@@1@_N@Z 7e565668     w3l.obj
 0002:0000c670       __ehfuncinfo$??0?$basic_istream@_WU?$char_traits@_W@std@@@std@@QAE@PAV?$basic_streambuf@_WU?$char_traits@_W@std@@@1@_N@Z 7e565670     w3l.obj
 0002:0000c694       __catchsym$?_Osfx@?$basic_ostream@_WU?$char_traits@_W@std@@@std@@QAEXXZ$2 7e565694     w3l.obj
 0002:0000c6a4       __unwindtable$?_Osfx@?$basic_ostream@_WU?$char_traits@_W@std@@@std@@QAEXXZ 7e5656a4     w3l.obj
 0002:0000c6b4       __tryblocktable$?_Osfx@?$basic_ostream@_WU?$char_traits@_W@std@@@std@@QAEXXZ 7e5656b4     w3l.obj
 0002:0000c6c8       __ehfuncinfo$?_Osfx@?$basic_ostream@_WU?$char_traits@_W@std@@@std@@QAEXXZ 7e5656c8     w3l.obj
 0002:0000c6ec       __unwindtable$?flush@?$basic_ostream@_WU?$char_traits@_W@std@@@std@@QAEAAV12@XZ 7e5656ec     w3l.obj
 0002:0000c6f4       __ehfuncinfo$?flush@?$basic_ostream@_WU?$char_traits@_W@std@@@std@@QAEAAV12@XZ 7e5656f4     w3l.obj
 0002:0000c718       __unwindtable$??0?$basic_iostream@_WU?$char_traits@_W@std@@@std@@QAE@PAV?$basic_streambuf@_WU?$char_traits@_W@std@@@1@@Z 7e565718     w3l.obj
 0002:0000c730       __ehfuncinfo$??0?$basic_iostream@_WU?$char_traits@_W@std@@@std@@QAE@PAV?$basic_streambuf@_WU?$char_traits@_W@std@@@1@@Z 7e565730     w3l.obj
 0002:0000c754       __unwindtable$??0?$basic_stringstream@_WU?$char_traits@_W@std@@V?$allocator@_W@2@@std@@QAE@H@Z 7e565754     w3l.obj
 0002:0000c764       __ehfuncinfo$??0?$basic_stringstream@_WU?$char_traits@_W@std@@V?$allocator@_W@2@@std@@QAE@H@Z 7e565764     w3l.obj
 0002:0000c788       __unwindtable$??0?$basic_stringbuf@_WU?$char_traits@_W@std@@V?$allocator@_W@2@@std@@QAE@H@Z 7e565788     w3l.obj
 0002:0000c790       __ehfuncinfo$??0?$basic_stringbuf@_WU?$char_traits@_W@std@@V?$allocator@_W@2@@std@@QAE@H@Z 7e565790     w3l.obj
 0002:0000c7b4       __catchsym$??$?6_WU?$char_traits@_W@std@@@std@@YAAAV?$basic_ostream@_WU?$char_traits@_W@std@@@0@AAV10@PBD@Z$12 7e5657b4     w3l.obj
 0002:0000c7c4       __tryblocktable$??$?6_WU?$char_traits@_W@std@@@std@@YAAAV?$basic_ostream@_WU?$char_traits@_W@std@@@0@AAV10@PBD@Z 7e5657c4     w3l.obj
 0002:0000c7d8       __ehfuncinfo$??$?6_WU?$char_traits@_W@std@@@std@@YAAAV?$basic_ostream@_WU?$char_traits@_W@std@@@0@AAV10@PBD@Z 7e5657d8     w3l.obj
 0002:0000c7fc       __unwindtable$??$?6_WU?$char_traits@_W@std@@@std@@YAAAV?$basic_ostream@_WU?$char_traits@_W@std@@@0@AAV10@PBD@Z 7e5657fc     w3l.obj
 0002:0000c824       __catchsym$??$?6_WU?$char_traits@_W@std@@@std@@YAAAV?$basic_ostream@_WU?$char_traits@_W@std@@@0@AAV10@PB_W@Z$8 7e565824     w3l.obj
 0002:0000c834       __tryblocktable$??$?6_WU?$char_traits@_W@std@@@std@@YAAAV?$basic_ostream@_WU?$char_traits@_W@std@@@0@AAV10@PB_W@Z 7e565834     w3l.obj
 0002:0000c848       __unwindtable$??$?6_WU?$char_traits@_W@std@@@std@@YAAAV?$basic_ostream@_WU?$char_traits@_W@std@@@0@AAV10@PB_W@Z 7e565848     w3l.obj
 0002:0000c860       __ehfuncinfo$??$?6_WU?$char_traits@_W@std@@@std@@YAAAV?$basic_ostream@_WU?$char_traits@_W@std@@@0@AAV10@PB_W@Z 7e565860     w3l.obj
 0002:0000c884       __unwindtable$??$use_facet@V?$ctype@_W@std@@@std@@YAABV?$ctype@_W@0@ABVlocale@0@@Z 7e565884     w3l.obj
 0002:0000c88c       __ehfuncinfo$??$use_facet@V?$ctype@_W@std@@@std@@YAABV?$ctype@_W@0@ABVlocale@0@@Z 7e56588c     w3l.obj
 0002:0000c8b0       __unwindtable$??0sentry@?$basic_ostream@_WU?$char_traits@_W@std@@@std@@QAE@AAV12@@Z 7e5658b0     w3l.obj
 0002:0000c8b8       __ehfuncinfo$??0sentry@?$basic_ostream@_WU?$char_traits@_W@std@@@std@@QAE@AAV12@@Z 7e5658b8     w3l.obj
 0002:0000ca74       __ehfuncinfo$??1sentry@?$basic_ostream@_WU?$char_traits@_W@std@@@std@@QAE@XZ 7e565a74     w3l.obj
 0002:0000ca74       __ehfuncinfo$??1_Init_atexit@@QAE@XZ 7e565a74     libcpmt:iosptrs.obj
 0002:0000ca74       __ehfuncinfo$??1_Fac_node@std@@QAE@XZ 7e565a74     libcpmt:locale0.obj
 0002:0000ca74       __ehfuncinfo$??1_Locimp@locale@std@@MAE@XZ 7e565a74     libcpmt:locale0.obj
 0002:0000ca74       __ehfuncinfo$??1_Sentry_base@?$basic_ostream@_WU?$char_traits@_W@std@@@std@@QAE@XZ 7e565a74     w3l.obj
 0002:0000ca74       __ehfuncinfo$??1locale@std@@QAE@XZ 7e565a74     w3l.obj
 0002:0000ca74       __ehfuncinfo$??1_Locinfo@std@@QAE@XZ 7e565a74     w3l.obj
 0002:0000ca98       __unwindtable$?_Locimp_dtor@_Locimp@locale@std@@CAXPAV123@@Z 7e565a98     libcpmt:locale0.obj
 0002:0000caa0       __ehfuncinfo$?_Locimp_dtor@_Locimp@locale@std@@CAXPAV123@@Z 7e565aa0     libcpmt:locale0.obj
 0002:0000cac4       __unwindtable$?_Init@locale@std@@CAPAV_Locimp@12@_N@Z 7e565ac4     libcpmt:locale0.obj
 0002:0000cacc       __ehfuncinfo$?_Init@locale@std@@CAPAV_Locimp@12@_N@Z 7e565acc     libcpmt:locale0.obj
 0002:0000caf0       __sehtable$?dllmain_crt_process_attach@@YAHQAUHINSTANCE__@@QAX@Z 7e565af0     LIBCMT:dll_dllmain.obj
 0002:0000cb10       __sehtable$?dllmain_crt_process_detach@@YAH_N@Z 7e565b10     LIBCMT:dll_dllmain.obj
 0002:0000cb30       __sehtable$?dllmain_dispatch@@YAHQAUHINSTANCE__@@KQAX@Z 7e565b30     LIBCMT:dll_dllmain.obj
 0002:0000cb50       __sehtable$___scrt_is_nonwritable_in_current_image 7e565b50     LIBCMT:utility.obj
 0002:0000cba8       __sehtable$___DestructExceptionObject 7e565ba8     libvcruntime:ehhelpers.obj
 0002:0000cbc8       __sehtable$___BuildCatchObject 7e565bc8     libvcruntime:frame.obj
 0002:0000cbe8       __sehtable$___FrameUnwindToState 7e565be8     libvcruntime:frame.obj
 0002:0000cc10       __sehtable$?CallCatchBlock@@YAPAXPAUEHExceptionRecord@@PAUEHRegistrationNode@@PAU_CONTEXT@@PBU_s_FuncInfo@@PAXHK@Z 7e565c10     libvcruntime:frame.obj
 0002:0000cc38       __catchsym$?CallUnexpected@@YAXPBU_s_ESTypeList@@@Z$2 7e565c38     libvcruntime:frame.obj
 0002:0000cc48       __unwindtable$?CallUnexpected@@YAXPBU_s_ESTypeList@@@Z 7e565c48     libvcruntime:frame.obj
 0002:0000cc58       __tryblocktable$?CallUnexpected@@YAXPBU_s_ESTypeList@@@Z 7e565c58     libvcruntime:frame.obj
 0002:0000cc6c       __ehfuncinfo$?CallUnexpected@@YAXPBU_s_ESTypeList@@@Z 7e565c6c     libvcruntime:frame.obj
 0002:0000cc90       __sehtable$___BuildCatchObjectHelper 7e565c90     libvcruntime:frame.obj
 0002:0000cce8       __sehtable$??$common_getenv@_W@@YAPA_WQB_W@Z 7e565ce8     libucrt:getenv.obj
 0002:0000cd08       __sehtable$_terminate      7e565d08     libucrt:terminate.obj
 0002:0000cd28       __sehtable$_setlocale      7e565d28     libucrt:setlocale.obj
 0002:0000cd48       __sehtable$__query_new_handler 7e565d48     libucrt:new_handler.obj
 0002:0000cd68       __sehtable$?common_exit@@YAXHW4_crt_exit_cleanup_mode@@W4_crt_exit_return_mode@@@Z 7e565d68     libucrt:exit.obj
 0002:0000cd90       __sehtable$??$?RV<lambda_800076c951b434888f4765a74a194fcc>@@AAV<lambda_4e60a939b0d047cfe11ddc22648dfba9>@@V<lambda_6dbb1268764f43b569ce7b67e331d33a>@@@?$__crt_seh_guarded_call@H@@QAEH$$QAV<lambda_800076c951b434888f4765a74a194fcc>@@AAV<lambda_4e60a939b0d047cfe11ddc22648dfba9>@@$$QAV<lambda_6dbb1268764f43b569ce7b67e331d33a>@@@Z 7e565d90     libucrt:onexit.obj
 0002:0000cdb0       __sehtable$??$?RV<lambda_995298e7d72eb4c2aab26c0585b3abe5>@@AAV<lambda_275893d493268fdec8709772e3fcec0e>@@V<lambda_293819299cbf9a7022e18b56a874bb5c>@@@?$__crt_seh_guarded_call@H@@QAEH$$QAV<lambda_995298e7d72eb4c2aab26c0585b3abe5>@@AAV<lambda_275893d493268fdec8709772e3fcec0e>@@$$QAV<lambda_293819299cbf9a7022e18b56a874bb5c>@@@Z 7e565db0     libucrt:onexit.obj
 0002:0000cdd0       __sehtable$??$?RV<lambda_9df27f884b057bc3edfc946cb5b7cf47>@@AAV<lambda_e69574bed617af4e071282c136b37893>@@V<lambda_cc0d902bcbbeb830f749456577db4721>@@@?$__crt_seh_guarded_call@X@@QAEX$$QAV<lambda_9df27f884b057bc3edfc946cb5b7cf47>@@AAV<lambda_e69574bed617af4e071282c136b37893>@@$$QAV<lambda_cc0d902bcbbeb830f749456577db4721>@@@Z 7e565dd0     libucrt:per_thread_data.obj
 0002:0000cdf0       __sehtable$??$?RV<lambda_3518db117f0e7cdb002338c5d3c47b6c>@@AAV<lambda_b2ea41f6bbb362cd97d94c6828d90b61>@@V<lambda_abdedf541bb04549bc734292b4a045d4>@@@?$__crt_seh_guarded_call@X@@QAEX$$QAV<lambda_3518db117f0e7cdb002338c5d3c47b6c>@@AAV<lambda_b2ea41f6bbb362cd97d94c6828d90b61>@@$$QAV<lambda_abdedf541bb04549bc734292b4a045d4>@@@Z 7e565df0     libucrt:per_thread_data.obj
 0002:0000ce10       __sehtable$??$?RV<lambda_51b6e8b1eb166f2a3faf91f424b38130>@@AAV<lambda_6250bd4b2a391816dd638c3bf72b0bcb>@@V<lambda_0b5a4a3e68152e1d9b943535f5f47bed>@@@?$__crt_seh_guarded_call@X@@QAEX$$QAV<lambda_51b6e8b1eb166f2a3faf91f424b38130>@@AAV<lambda_6250bd4b2a391816dd638c3bf72b0bcb>@@$$QAV<lambda_0b5a4a3e68152e1d9b943535f5f47bed>@@@Z 7e565e10     libucrt:per_thread_data.obj
 0002:0000ce30       __sehtable$??$?RV<lambda_5b71d36f03204c0beab531769a5b5694>@@AAV<lambda_be2b3da3f62db62e9dad5dc70221a656>@@V<lambda_8f9ce462984622f9bf76b59e2aaaf805>@@@?$__crt_seh_guarded_call@X@@QAEX$$QAV<lambda_5b71d36f03204c0beab531769a5b5694>@@AAV<lambda_be2b3da3f62db62e9dad5dc70221a656>@@$$QAV<lambda_8f9ce462984622f9bf76b59e2aaaf805>@@@Z 7e565e30     libucrt:per_thread_data.obj
 0002:0000ce50       __sehtable$??$?RV<lambda_9227be29367c048ad7fd93a717dcb1a1>@@AAV<lambda_a463b7b0560cfcaf9b17f27c6ef46564>@@V<lambda_ccea11b5727ccf69be64f5f5d9a08d9f>@@@?$__crt_seh_guarded_call@H@@QAEH$$QAV<lambda_9227be29367c048ad7fd93a717dcb1a1>@@AAV<lambda_a463b7b0560cfcaf9b17f27c6ef46564>@@$$QAV<lambda_ccea11b5727ccf69be64f5f5d9a08d9f>@@@Z 7e565e50     libucrt:winapi_thunks.obj
 0002:0000ce70       __sehtable$___acrt_uninitialize_locale 7e565e70     libucrt:wsetlocale.obj
 0002:0000ce90       __sehtable$??$?RV<lambda_70818de7b02deff9841e8b0962a60ed9>@@AAV<lambda_2af78c5f5901b1372d98f9ab3177dfa6>@@AAV<lambda_f51fe5fd7c79a33db34fc9310f277369>@@@?$__crt_seh_guarded_call@X@@QAEX$$QAV<lambda_70818de7b02deff9841e8b0962a60ed9>@@AAV<lambda_2af78c5f5901b1372d98f9ab3177dfa6>@@AAV<lambda_f51fe5fd7c79a33db34fc9310f277369>@@@Z 7e565e90     libucrt:wsetlocale.obj
 0002:0000ceb0       __sehtable$??$?RV<lambda_c76fdea48760d5f9368b465f31df4405>@@AAV<lambda_e378711a6f6581bf7f0efd7cdf97f5d9>@@V<lambda_e927a58b2a85c081d733e8c6192ae2d2>@@@?$__crt_seh_guarded_call@X@@QAEX$$QAV<lambda_c76fdea48760d5f9368b465f31df4405>@@AAV<lambda_e378711a6f6581bf7f0efd7cdf97f5d9>@@$$QAV<lambda_e927a58b2a85c081d733e8c6192ae2d2>@@@Z 7e565eb0     libucrt:wsetlocale.obj
 0002:0000ced0       __sehtable$_raise          7e565ed0     libucrt:signal.obj
 0002:0000cef0       __sehtable$??$?RV<lambda_a048d3beccc847880fc8490e18b82769>@@AAV<lambda_ec61778202f4f5fc7e7711acc23c3bca>@@V<lambda_f7496a158712204296dd6628a163878e>@@@?$__crt_seh_guarded_call@P6AXH@Z@@QAEP6AXH@Z$$QAV<lambda_a048d3beccc847880fc8490e18b82769>@@AAV<lambda_ec61778202f4f5fc7e7711acc23c3bca>@@$$QAV<lambda_f7496a158712204296dd6628a163878e>@@@Z 7e565ef0     libucrt:signal.obj
 0002:0000cf10       __sehtable$___acrt_initialize_lowio 7e565f10     libucrt:ioinit.obj
 0002:0000cf30       __sehtable$___acrt_update_thread_multibyte_data 7e565f30     libucrt:mbctype.obj
 0002:0000cf50       __sehtable$??$?RV<lambda_978dc153c237d78434369da87b74ff60>@@AAV<lambda_ad1ced32f4ac17aa236e5ef05d6b3b7c>@@V<lambda_4a8533e2866a575feecb8298ce776b0d>@@@?$__crt_seh_guarded_call@X@@QAEX$$QAV<lambda_978dc153c237d78434369da87b74ff60>@@AAV<lambda_ad1ced32f4ac17aa236e5ef05d6b3b7c>@@$$QAV<lambda_4a8533e2866a575feecb8298ce776b0d>@@@Z 7e565f50     libucrt:mbctype.obj
 0002:0000cf70       __sehtable$___acrt_update_thread_locale_data 7e565f70     libucrt:locale_refcounting.obj
 0002:0000cf90       __sehtable$__fcloseall     7e565f90     libucrt:closeall.obj
 0002:0000cfb0       __sehtable$_common_flush_all 7e565fb0     libucrt:fflush.obj
 0002:0000cfd8       __sehtable$___acrt_lowio_ensure_fh_exists 7e565fd8     libucrt:osfinfo.obj
 0002:0000cff8       __sehtable$__write         7e565ff8     libucrt:write.obj
 0002:0000d018       __sehtable$_fclose         7e566018     libucrt:fclose.obj
 0002:0000d038       __sehtable$??$?RV<lambda_61cee617f5178ae960314fd4d05640a0>@@AAV<lambda_6978c1fb23f02e42e1d9e99668cc68aa>@@V<lambda_9cd88cf8ad10232537feb2133f08c833>@@@?$__crt_seh_guarded_call@H@@QAEH$$QAV<lambda_61cee617f5178ae960314fd4d05640a0>@@AAV<lambda_6978c1fb23f02e42e1d9e99668cc68aa>@@$$QAV<lambda_9cd88cf8ad10232537feb2133f08c833>@@@Z 7e566038     libucrt:commit.obj
 0002:0000d058       __sehtable$??$?RV<lambda_123407a5e2ac06da108355a851863b7a>@@AAV<lambda_2fe9b910cf3cbf4a0ab98a02ba45b3ec>@@V<lambda_ae55bdf541ad94d75914d381c370e64d>@@@?$__crt_seh_guarded_call@H@@QAEH$$QAV<lambda_123407a5e2ac06da108355a851863b7a>@@AAV<lambda_2fe9b910cf3cbf4a0ab98a02ba45b3ec>@@$$QAV<lambda_ae55bdf541ad94d75914d381c370e64d>@@@Z 7e566058     libucrt:close.obj
 0002:0000d078       __sehtable$__IsNonwritableInCurrentImage 7e566078     LIBCMT:pesect.obj
 0002:0000d0a0       .edata                     7e5660a0     War3Injector.exp
 0002:0000d0c8       rgpv                       7e5660c8     War3Injector.exp
 0002:0000d0cc       rgszName                   7e5660cc     War3Injector.exp
 0002:0000d0d0       rgwOrd                     7e5660d0     War3Injector.exp
 0002:0000d0d2       szName                     7e5660d2     War3Injector.exp
 0002:0000d0e3       $N00001                    7e5660e3     War3Injector.exp
 0002:0000d340       .idata$6                   7e566340     kernel32:KERNEL32.dll
 0002:0000d36a       .idata$6                   7e56636a     user32:USER32.dll
 0003:00000008       ?init@std@@3JA             7e567008     libcpmt:xlock.obj
 0003:00000010       ?atcount_cdecl@@3IA        7e567010     libcpmt:iosptrs.obj
 0003:000000a0       ?__vcrt_flsindex@@3KA      7e5670a0     libvcruntime:per_thread_data.obj
 0003:000000c8       _errno_no_memory           7e5670c8     libucrt:errno.obj
 0003:000000cc       _doserrno_no_memory        7e5670cc     libucrt:errno.obj
 0003:00000140       ___acrt_flsindex           7e567140     libucrt:per_thread_data.obj
 0003:00000144       __ctype_loc_style          7e567144     libucrt:wsetlocale.obj
 0003:000002c0       _tzstd_program             7e5672c0     libucrt:timeset.obj
 0003:00000300       _tzdst_program             7e567300     libucrt:timeset.obj
 0003:00000340       _tzname_states             7e567340     libucrt:timeset.obj
 0003:00000348       ___rgctypeflag             7e567348     libucrt:mbctype.obj
 0003:00000350       ___rgcode_page_info        7e567350     libucrt:mbctype.obj
 0003:00000d60       ?initlocks@std@@3V_Init_locks@1@A 7e567d60     libcpmt:xlock.obj
 0003:00000d68       ?mtx@std@@3PAU_RTL_CRITICAL_SECTION@@A 7e567d68     libcpmt:xlock.obj
 0003:00000e28       ?_Fac_head@std@@3PAU_Fac_node@1@A 7e567e28     libcpmt:locale0.obj
 0003:00000e34       _global_locale             7e567e34     libcpmt:locale0.obj
 0003:00000e4c       ?classic_locale@std@@3Vlocale@1@A 7e567e4c     libcpmt:locale0.obj
 0003:00000e54       ?_Fac_tidy_reg@std@@3U_Fac_tidy_reg_t@1@B 7e567e54     libcpmt:locale0.obj
 0003:00000e55       ?registered@?1??_Setgloballocale@locale@std@@CAXPAX@Z@4_NA 7e567e55     libcpmt:locale0.obj
 0003:00000e58       ?stdstr@std@@3PAPAVios_base@1@A 7e567e58     libcpmt:ios.obj
 0003:00000e80       ?stdopens@std@@3PADA       7e567e80     libcpmt:ios.obj
 0003:00000e90       ?atfuns_cdecl@@3PAP6AXXZA  7e567e90     libcpmt:iosptrs.obj
 0003:00000ed8       ?initlocks@std@@3V_Init_locks@1@A 7e567ed8     libcpmt:iosptrs.obj
 0003:00000ed9       ?init_atexit@@3U_Init_atexit@@A 7e567ed9     libcpmt:iosptrs.obj
 0003:00001010       ?__proc_attached@@3HA      7e568010     LIBCMT:dll_dllmain.obj
 0003:0000101c       ?module_local_atexit_table@@3U_onexit_table_t@@A 7e56801c     LIBCMT:utility.obj
 0003:00001028       ?module_local_at_quick_exit_table@@3U_onexit_table_t@@A 7e568028     LIBCMT:utility.obj
 0003:00001034       ?module_local_atexit_table_initialized@@3_NA 7e568034     LIBCMT:utility.obj
 0003:00001035       ?is_initialized_as_dll@@3_NA 7e568035     LIBCMT:utility.obj
 0003:00001058       _GS_ExceptionRecord        7e568058     LIBCMT:gs_report.obj
 0003:000010a8       _GS_ContextRecord          7e5680a8     LIBCMT:gs_report.obj
 0003:0000137c       ?__vcrt_startup_thread_ptd@@3U__vcrt_ptd@@A 7e56837c     libvcruntime:per_thread_data.obj
 0003:000013a4       ___vcrt_lock_table         7e5683a4     libvcruntime:locks.obj
 0003:000013bc       ___vcrt_locks_initialized  7e5683bc     libvcruntime:locks.obj
 0003:000013c0       ?module_handles@@3PAPAUHINSTANCE__@@A 7e5683c0     libvcruntime:winapi_downlevel.obj
 0003:000013cc       ?encoded_function_pointers@@3PAPAXA 7e5683cc     libvcruntime:winapi_downlevel.obj
 0003:00001408       ?heap@@3V_HeapManager@@A   7e568408     libvcruntime:undname.obj
 0003:0000141c       ___acrt_invalid_parameter_handler 7e56841c     libucrt:invalid_parameter.obj
 0003:00001420       ___acrt_lock_table         7e568420     libucrt:locks.obj
 0003:00001558       ___acrt_locks_initialized  7e568558     libucrt:locks.obj
 0003:00001564       ___acrt_new_handler        7e568564     libucrt:new_handler.obj
 0003:00001568       _c_termination_complete    7e568568     libucrt:exit.obj
 0003:0000156c       _thread_local_exit_callback_func 7e56856c     libucrt:exit.obj
 0003:00001570       ?c_exit_complete@?5??common_exit@@YAXHW4_crt_exit_cleanup_mode@@W4_crt_exit_return_mode@@@Z@4_NA 7e568570     libucrt:exit.obj
 0003:00001578       ?program_name@?5???$common_configure_argv@D@@YAHW4_crt_argv_mode@@@Z@4PADA 7e568578     libucrt:argv_parsing.obj
 0003:000016a8       _module_handles            7e5686a8     libucrt:winapi_thunks.obj
 0003:000016f8       _encoded_function_pointers 7e5686f8     libucrt:winapi_thunks.obj
 0003:00001778       ?static_enum_proc@?1??enum_system_locales_ex_nolock@@YAHQ6GHPA_WKJ@Z@Z@4P6GH0KJ@ZA 7e568778     libucrt:winapi_thunks.obj
 0003:0000177c       ?state_cache@?1??__acrt_is_packaged_app@@9@4JA 7e56877c     libucrt:winapi_thunks.obj
 0003:00001780       ___acrt_global_new_mode    7e568780     libucrt:new_mode.obj
 0003:00001790       _ctrlc_action              7e568790     libucrt:signal.obj
 0003:00001794       _ctrlbreak_action          7e568794     libucrt:signal.obj
 0003:00001798       _abort_action              7e568798     libucrt:signal.obj
 0003:0000179c       _term_action               7e56879c     libucrt:signal.obj
 0003:000019c4       __tzname                   7e5689c4     libucrt:timeset.obj
 0003:000019c8       _tz_api_used               7e5689c8     libucrt:tzset.obj
 0003:000019d0       _tz_info                   7e5689d0     libucrt:tzset.obj
 0003:00001a94       _fSystemSet                7e568a94     libucrt:mbctype.obj
 0003:00001a98       ?initialized@?1??__acrt_initialize_multibyte@@9@4_NA 7e568a98     libucrt:mbctype.obj
 0003:00001ab4       _user_matherr              7e568ab4     libucrt:matherr.obj
 0003:00001ab8       __pmatherr_set             7e568ab8     libucrt:libm_error.obj
 0003:00001abc       ___acrt_app_type           7e568abc     libucrt:report_runtime_error.obj
 0004:00000060       $R000000                   7e569060     * linker generated manifest res *
